core.c:13:13:LCD_Reset	8	static
core.c:20:13:LCD_WriteChipSelect	16	static
core.c:25:13:LCD_SetWriteMode	16	static
core.c:30:13:LCD_PinsInit	8	static
core.c:37:6:SPI_Send	16	static
core.c:41:6:SPI_WriteCmd	16	static
core.c:54:6:SPI_WriteCmdData	16	static
core.c:59:6:LCD_Set_Address	24	static
core.c:76:6:LCD_Set_Rotation	24	static
core.c:113:6:LCD_init	8	static
core.c:119:6:LCD_configure	8	static
core.c:255:6:ILI9341_Draw_Colour	24	static
core.c:263:6:LCD_Draw_Colour_Burst	64	dynamic
core.c:305:6:LCD_WriteFrameBufferTest	16	static
core.c:352:6:LCD_Fill_Screen	16	static
core.c:358:6:LCD_Draw_Pixel	32	static
core.c:390:6:LCD_Draw_Rectangle	24	static
