core.c:82:13:LCD_pinsInit	4	static
core.c:126:6:SPI_SendCmd	16	static
core.c:134:6:SPI_SendCmd8	16	static
core.c:138:6:SPI_SendCmd16	16	static
core.c:146:6:SPI_Receive8	24	static
core.c:154:6:SPIFill16	24	static
core.c:172:6:LCD_reset	8	static
core.c:178:6:LCD_exitStandby	4	static
core.c:182:13:LCD_configure	16	static
core.c:215:6:LCD_init	8	static
core.c:230:6:LCD_setOrientation	16	static
core.c:246:13:LCD_setAddressWindow	32	static
core.c:284:17:LCD_getWidth	4	static
core.c:288:17:LCD_getHeight	4	static
core.c:296:13:LCD_setSpi8	8	static
core.c:303:13:LCD_setSpi16	8	static
