19:00:48 **** Clean-only build of configuration Debug for project Gif-Player-Badge ****
make -j4 clean 
rm -rf *
 
19:00:48 **** Incremental Build of configuration Debug for project Gif-Player-Badge ****
make -j4 all 
arm-none-eabi-gcc -mcpu=cortex-m3 -g3 -c -I../ -x assembler-with-cpp --specs=nano.specs -mfloat-abi=soft -mthumb -o "Startup/startup_stm32f103c8tx.o" "../Startup/startup_stm32f103c8tx.s"
arm-none-eabi-gcc "../Src/main.c" -mcpu=cortex-m3 -std=gnu11 -g3 -DUSE_HAL_DRIVER -DSTM32F103xB -DDEBUG -c -I../Inc -I../Drivers/CMSIS/Device/ST/STM32F1xx/Include -I../Drivers/CMSIS/Include -I../Drivers/STM32F1xx_HAL_Driver/Inc/Legacy -I../Drivers/STM32F1xx_HAL_Driver/Inc -O0 -ffunction-sections -fdata-sections -Wall -fstack-usage -MMD -MP -MF"Src/main.d" -MT"Src/main.o" --specs=nano.specs -mfloat-abi=soft -mthumb -o "Src/main.o"
arm-none-eabi-gcc "../Src/stm32f1xx_hal_msp.c" -mcpu=cortex-m3 -std=gnu11 -g3 -DUSE_HAL_DRIVER -DSTM32F103xB -DDEBUG -c -I../Inc -I../Drivers/CMSIS/Device/ST/STM32F1xx/Include -I../Drivers/CMSIS/Include -I../Drivers/STM32F1xx_HAL_Driver/Inc/Legacy -I../Drivers/STM32F1xx_HAL_Driver/Inc -O0 -ffunction-sections -fdata-sections -Wall -fstack-usage -MMD -MP -MF"Src/stm32f1xx_hal_msp.d" -MT"Src/stm32f1xx_hal_msp.o" --specs=nano.specs -mfloat-abi=soft -mthumb -o "Src/stm32f1xx_hal_msp.o"
arm-none-eabi-gcc "../Src/stm32f1xx_it.c" -mcpu=cortex-m3 -std=gnu11 -g3 -DUSE_HAL_DRIVER -DSTM32F103xB -DDEBUG -c -I../Inc -I../Drivers/CMSIS/Device/ST/STM32F1xx/Include -I../Drivers/CMSIS/Include -I../Drivers/STM32F1xx_HAL_Driver/Inc/Legacy -I../Drivers/STM32F1xx_HAL_Driver/Inc -O0 -ffunction-sections -fdata-sections -Wall -fstack-usage -MMD -MP -MF"Src/stm32f1xx_it.d" -MT"Src/stm32f1xx_it.o" --specs=nano.specs -mfloat-abi=soft -mthumb -o "Src/stm32f1xx_it.o"
../Src/main.c: In function 'main':
../Src/main.c:104:3: warning: implicit declaration of function 'SPI_SendCmd'; did you mean 'SPI_SendCmd8'? [-Wimplicit-function-declaration]
   SPI_SendCmd(0x04);
   ^~~~~~~~~~~
   SPI_SendCmd8
../Src/main.c:105:3: warning: implicit declaration of function 'SPI_Receive8'; did you mean 'HAL_SPI_Receive'? [-Wimplicit-function-declaration]
   SPI_Receive8(&rxbuf, 5);
   ^~~~~~~~~~~~
   HAL_SPI_Receive
arm-none-eabi-gcc "../Src/syscalls.c" -mcpu=cortex-m3 -std=gnu11 -g3 -DUSE_HAL_DRIVER -DSTM32F103xB -DDEBUG -c -I../Inc -I../Drivers/CMSIS/Device/ST/STM32F1xx/Include -I../Drivers/CMSIS/Include -I../Drivers/STM32F1xx_HAL_Driver/Inc/Legacy -I../Drivers/STM32F1xx_HAL_Driver/Inc -O0 -ffunction-sections -fdata-sections -Wall -fstack-usage -MMD -MP -MF"Src/syscalls.d" -MT"Src/syscalls.o" --specs=nano.specs -mfloat-abi=soft -mthumb -o "Src/syscalls.o"
arm-none-eabi-gcc "../Src/sysmem.c" -mcpu=cortex-m3 -std=gnu11 -g3 -DUSE_HAL_DRIVER -DSTM32F103xB -DDEBUG -c -I../Inc -I../Drivers/CMSIS/Device/ST/STM32F1xx/Include -I../Drivers/CMSIS/Include -I../Drivers/STM32F1xx_HAL_Driver/Inc/Legacy -I../Drivers/STM32F1xx_HAL_Driver/Inc -O0 -ffunction-sections -fdata-sections -Wall -fstack-usage -MMD -MP -MF"Src/sysmem.d" -MT"Src/sysmem.o" --specs=nano.specs -mfloat-abi=soft -mthumb -o "Src/sysmem.o"
arm-none-eabi-gcc "../Src/system_stm32f1xx.c" -mcpu=cortex-m3 -std=gnu11 -g3 -DUSE_HAL_DRIVER -DSTM32F103xB -DDEBUG -c -I../Inc -I../Drivers/CMSIS/Device/ST/STM32F1xx/Include -I../Drivers/CMSIS/Include -I../Drivers/STM32F1xx_HAL_Driver/Inc/Legacy -I../Drivers/STM32F1xx_HAL_Driver/Inc -O0 -ffunction-sections -fdata-sections -Wall -fstack-usage -MMD -MP -MF"Src/system_stm32f1xx.d" -MT"Src/system_stm32f1xx.o" --specs=nano.specs -mfloat-abi=soft -mthumb -o "Src/system_stm32f1xx.o"
arm-none-eabi-gcc "../Lib/ugui/ugui.c" -mcpu=cortex-m3 -std=gnu11 -g3 -DUSE_HAL_DRIVER -DSTM32F103xB -DDEBUG -c -I../Inc -I../Drivers/CMSIS/Device/ST/STM32F1xx/Include -I../Drivers/CMSIS/Include -I../Drivers/STM32F1xx_HAL_Driver/Inc/Legacy -I../Drivers/STM32F1xx_HAL_Driver/Inc -O0 -ffunction-sections -fdata-sections -Wall -fstack-usage -MMD -MP -MF"Lib/ugui/ugui.d" -MT"Lib/ugui/ugui.o" --specs=nano.specs -mfloat-abi=soft -mthumb -o "Lib/ugui/ugui.o"
arm-none-eabi-gcc "../Lib/ILI9341/core.c" -mcpu=cortex-m3 -std=gnu11 -g3 -DUSE_HAL_DRIVER -DSTM32F103xB -DDEBUG -c -I../Inc -I../Drivers/CMSIS/Device/ST/STM32F1xx/Include -I../Drivers/CMSIS/Include -I../Drivers/STM32F1xx_HAL_Driver/Inc/Legacy -I../Drivers/STM32F1xx_HAL_Driver/Inc -O0 -ffunction-sections -fdata-sections -Wall -fstack-usage -MMD -MP -MF"Lib/ILI9341/core.d" -MT"Lib/ILI9341/core.o" --specs=nano.specs -mfloat-abi=soft -mthumb -o "Lib/ILI9341/core.o"
arm-none-eabi-gcc "../Lib/ILI9341/delay.c" -mcpu=cortex-m3 -std=gnu11 -g3 -DUSE_HAL_DRIVER -DSTM32F103xB -DDEBUG -c -I../Inc -I../Drivers/CMSIS/Device/ST/STM32F1xx/Include -I../Drivers/CMSIS/Include -I../Drivers/STM32F1xx_HAL_Driver/Inc/Legacy -I../Drivers/STM32F1xx_HAL_Driver/Inc -O0 -ffunction-sections -fdata-sections -Wall -fstack-usage -MMD -MP -MF"Lib/ILI9341/delay.d" -MT"Lib/ILI9341/delay.o" --specs=nano.specs -mfloat-abi=soft -mthumb -o "Lib/ILI9341/delay.o"
../Lib/ILI9341/core.c: In function 'SPI_SendCmd':
../Lib/ILI9341/core.c:129:27: warning: passing argument 2 of 'HAL_SPI_Transmit' from incompatible pointer type [-Wincompatible-pointer-types]
  HAL_SPI_Transmit(&hspi1, &cmd, 1, 0xFFFFFFFFU);
                           ^
In file included from ../Inc/stm32f1xx_hal_conf.h:330:0,
                 from ../Drivers/STM32F1xx_HAL_Driver/Inc/stm32f1xx_hal.h:30,
                 from ../Inc/main.h:31,
                 from ../Lib/ILI9341/control.h:8,
                 from ../Lib/ILI9341/core.h:10,
                 from ../Lib/ILI9341/core.c:1:
../Drivers/STM32F1xx_HAL_Driver/Inc/stm32f1xx_hal_spi.h:667:19: note: expected 'uint8_t * {aka unsigned char *}' but argument is of type 'uint8_t ** {aka unsigned char **}'
 HAL_StatusTypeDef HAL_SPI_Transmit(SPI_HandleTypeDef *hspi, uint8_t *pData, uint16_t Size, uint32_t Timeout);
                   ^~~~~~~~~~~~~~~~
../Lib/ILI9341/core.c: In function 'SPI_SendCmd16':
../Lib/ILI9341/core.c:141:27: warning: passing argument 2 of 'HAL_SPI_Transmit' from incompatible pointer type [-Wincompatible-pointer-types]
  HAL_SPI_Transmit(&hspi1, &cmd, n, 0xFFFFFFFFU);
                           ^
In file included from ../Inc/stm32f1xx_hal_conf.h:330:0,
                 from ../Drivers/STM32F1xx_HAL_Driver/Inc/stm32f1xx_hal.h:30,
                 from ../Inc/main.h:31,
                 from ../Lib/ILI9341/control.h:8,
                 from ../Lib/ILI9341/core.h:10,
                 from ../Lib/ILI9341/core.c:1:
../Drivers/STM32F1xx_HAL_Driver/Inc/stm32f1xx_hal_spi.h:667:19: note: expected 'uint8_t * {aka unsigned char *}' but argument is of type 'uint16_t * {aka short unsigned int *}'
 HAL_StatusTypeDef HAL_SPI_Transmit(SPI_HandleTypeDef *hspi, uint8_t *pData, uint16_t Size, uint32_t Timeout);
                   ^~~~~~~~~~~~~~~~
../Lib/ILI9341/core.c: In function 'SPI_Receive8':
../Lib/ILI9341/core.c:147:12: warning: unused variable 'pDataRx' [-Wunused-variable]
  uint8_t * pDataRx[10];
            ^~~~~~~
In file included from ../Lib/ILI9341/core.h:7:0,
                 from ../Lib/ILI9341/core.c:1:
../Lib/ILI9341/core.c: In function 'SPIFill16':
../Lib/ILI9341/commands.h:27:33: warning: passing argument 1 of 'SPI_SendCmd' makes pointer from integer without a cast [-Wint-conversion]
 #define LCD_GRAM                0x2C   /* GRAM register */
                                 ^
../Lib/ILI9341/core.c:156:17: note: in expansion of macro 'LCD_GRAM'
     SPI_SendCmd(LCD_GRAM);
                 ^~~~~~~~
../Lib/ILI9341/core.c:126:6: note: expected 'uint8_t * {aka unsigned char *}' but argument is of type 'int'
 void SPI_SendCmd(uint8_t * cmd){
      ^~~~~~~~~~~
../Lib/ILI9341/core.c:159:19: warning: passing argument 1 of 'SPIFill16' makes integer from pointer without a cast [-Wint-conversion]
         SPIFill16(&color, ts);
                   ^
../Lib/ILI9341/core.c:154:6: note: expected 'uint16_t {aka short unsigned int}' but argument is of type 'uint16_t * {aka short unsigned int *}'
 void SPIFill16(uint16_t color, uint16_t n) {
      ^~~~~~~~~
../Lib/ILI9341/core.c: In function 'LCD_configure':
../Lib/ILI9341/core.c:202:2: warning: statement with no effect [-Wunused-value]
  for(i ; i<99 ; i++){
  ^~~
../Lib/ILI9341/core.c:203:15: warning: passing argument 1 of 'SPI_SendCmd' makes pointer from integer without a cast [-Wint-conversion]
   SPI_SendCmd(init_commands[i]);
               ^~~~~~~~~~~~~
../Lib/ILI9341/core.c:126:6: note: expected 'uint8_t * {aka unsigned char *}' but argument is of type 'uint8_t {aka const unsigned char}'
 void SPI_SendCmd(uint8_t * cmd){
      ^~~~~~~~~~~
In file included from ../Lib/ILI9341/core.h:7:0,
                 from ../Lib/ILI9341/core.c:1:
../Lib/ILI9341/core.c: In function 'LCD_setOrientation':
../Lib/ILI9341/commands.h:34:33: warning: passing argument 1 of 'SPI_SendCmd' makes pointer from integer without a cast [-Wint-conversion]
 #define LCD_MAC                 0x36   /* Memory Access Control register*/
                                 ^
../Lib/ILI9341/core.c:239:17: note: in expansion of macro 'LCD_MAC'
     SPI_SendCmd(LCD_MAC);
                 ^~~~~~~
../Lib/ILI9341/core.c:126:6: note: expected 'uint8_t * {aka unsigned char *}' but argument is of type 'int'
 void SPI_SendCmd(uint8_t * cmd){
      ^~~~~~~~~~~
In file included from ../Lib/ILI9341/core.h:7:0,
                 from ../Lib/ILI9341/core.c:1:
../Lib/ILI9341/core.c: In function 'LCD_setAddressWindow':
../Lib/ILI9341/commands.h:25:33: warning: passing argument 1 of 'SPI_SendCmd' makes pointer from integer without a cast [-Wint-conversion]
 #define LCD_COLUMN_ADDR         0x2A   /* Colomn address register */
                                 ^
../Lib/ILI9341/core.c:267:14: note: in expansion of macro 'LCD_COLUMN_ADDR'
  SPI_SendCmd(LCD_COLUMN_ADDR);
              ^~~~~~~~~~~~~~~
../Lib/ILI9341/core.c:126:6: note: expected 'uint8_t * {aka unsigned char *}' but argument is of type 'int'
 void SPI_SendCmd(uint8_t * cmd){
      ^~~~~~~~~~~
../Lib/ILI9341/core.c:271:16: warning: passing argument 1 of 'SPI_SendCmd16' makes integer from pointer without a cast [-Wint-conversion]
  SPI_SendCmd16(pointData, 2);
                ^~~~~~~~~
../Lib/ILI9341/core.c:138:6: note: expected 'uint16_t {aka short unsigned int}' but argument is of type 'uint16_t * {aka short unsigned int *}'
 void SPI_SendCmd16(uint16_t cmd, uint8_t n){
      ^~~~~~~~~~~~~
In file included from ../Lib/ILI9341/core.h:7:0,
                 from ../Lib/ILI9341/core.c:1:
../Lib/ILI9341/commands.h:26:33: warning: passing argument 1 of 'SPI_SendCmd' makes pointer from integer without a cast [-Wint-conversion]
 #define LCD_PAGE_ADDR           0x2B   /* Page address register */
                                 ^
../Lib/ILI9341/core.c:274:14: note: in expansion of macro 'LCD_PAGE_ADDR'
  SPI_SendCmd(LCD_PAGE_ADDR);
              ^~~~~~~~~~~~~
../Lib/ILI9341/core.c:126:6: note: expected 'uint8_t * {aka unsigned char *}' but argument is of type 'int'
 void SPI_SendCmd(uint8_t * cmd){
      ^~~~~~~~~~~
../Lib/ILI9341/core.c:278:16: warning: passing argument 1 of 'SPI_SendCmd16' makes integer from pointer without a cast [-Wint-conversion]
  SPI_SendCmd16(pointData, 2);
                ^~~~~~~~~
../Lib/ILI9341/core.c:138:6: note: expected 'uint16_t {aka short unsigned int}' but argument is of type 'uint16_t * {aka short unsigned int *}'
 void SPI_SendCmd16(uint16_t cmd, uint8_t n){
      ^~~~~~~~~~~~~
At top level:
../Lib/ILI9341/core.c:82:13: warning: 'LCD_pinsInit' defined but not used [-Wunused-function]
 static void LCD_pinsInit() {
             ^~~~~~~~~~~~
../Lib/ILI9341/core.c:50:22: warning: 'init_commands2' defined but not used [-Wunused-const-variable=]
 static const uint8_t init_commands2[] = {
                      ^~~~~~~~~~~~~~
arm-none-eabi-gcc "../Lib/ILI9341/dma.c" -mcpu=cortex-m3 -std=gnu11 -g3 -DUSE_HAL_DRIVER -DSTM32F103xB -DDEBUG -c -I../Inc -I../Drivers/CMSIS/Device/ST/STM32F1xx/Include -I../Drivers/CMSIS/Include -I../Drivers/STM32F1xx_HAL_Driver/Inc/Legacy -I../Drivers/STM32F1xx_HAL_Driver/Inc -O0 -ffunction-sections -fdata-sections -Wall -fstack-usage -MMD -MP -MF"Lib/ILI9341/dma.d" -MT"Lib/ILI9341/dma.o" --specs=nano.specs -mfloat-abi=soft -mthumb -o "Lib/ILI9341/dma.o"
arm-none-eabi-gcc "../Lib/ILI9341/graph.c" -mcpu=cortex-m3 -std=gnu11 -g3 -DUSE_HAL_DRIVER -DSTM32F103xB -DDEBUG -c -I../Inc -I../Drivers/CMSIS/Device/ST/STM32F1xx/Include -I../Drivers/CMSIS/Include -I../Drivers/STM32F1xx_HAL_Driver/Inc/Legacy -I../Drivers/STM32F1xx_HAL_Driver/Inc -O0 -ffunction-sections -fdata-sections -Wall -fstack-usage -MMD -MP -MF"Lib/ILI9341/graph.d" -MT"Lib/ILI9341/graph.o" --specs=nano.specs -mfloat-abi=soft -mthumb -o "Lib/ILI9341/graph.o"
arm-none-eabi-gcc "../Lib/ILI9341/text.c" -mcpu=cortex-m3 -std=gnu11 -g3 -DUSE_HAL_DRIVER -DSTM32F103xB -DDEBUG -c -I../Inc -I../Drivers/CMSIS/Device/ST/STM32F1xx/Include -I../Drivers/CMSIS/Include -I../Drivers/STM32F1xx_HAL_Driver/Inc/Legacy -I../Drivers/STM32F1xx_HAL_Driver/Inc -O0 -ffunction-sections -fdata-sections -Wall -fstack-usage -MMD -MP -MF"Lib/ILI9341/text.d" -MT"Lib/ILI9341/text.o" --specs=nano.specs -mfloat-abi=soft -mthumb -o "Lib/ILI9341/text.o"
arm-none-eabi-gcc "../Drivers/STM32F1xx_HAL_Driver/Src/stm32f1xx_hal.c" -mcpu=cortex-m3 -std=gnu11 -g3 -DUSE_HAL_DRIVER -DSTM32F103xB -DDEBUG -c -I../Inc -I../Drivers/CMSIS/Device/ST/STM32F1xx/Include -I../Drivers/CMSIS/Include -I../Drivers/STM32F1xx_HAL_Driver/Inc/Legacy -I../Drivers/STM32F1xx_HAL_Driver/Inc -O0 -ffunction-sections -fdata-sections -Wall -fstack-usage -MMD -MP -MF"Drivers/STM32F1xx_HAL_Driver/Src/stm32f1xx_hal.d" -MT"Drivers/STM32F1xx_HAL_Driver/Src/stm32f1xx_hal.o" --specs=nano.specs -mfloat-abi=soft -mthumb -o "Drivers/STM32F1xx_HAL_Driver/Src/stm32f1xx_hal.o"
../Lib/ILI9341/graph.c: In function 'LCD_readPixels':
../Lib/ILI9341/graph.c:12:5: warning: implicit declaration of function 'SPI_Receive8'; did you mean 'HAL_SPI_Receive'? [-Wimplicit-function-declaration]
     SPI_Receive8(&red);
     ^~~~~~~~~~~~
     HAL_SPI_Receive
../Lib/ILI9341/graph.c: In function 'LCD_fillRect':
../Lib/ILI9341/graph.c:29:5: warning: implicit declaration of function 'SPIFill16' [-Wimplicit-function-declaration]
     SPIFill16(color, count);
     ^~~~~~~~~
../Lib/ILI9341/text.c: In function 'LCD_drawChar':
../Lib/ILI9341/text.c:65:5: warning: implicit declaration of function 'dmaSendData16' [-Wimplicit-function-declaration]
     dmaSendData16(charPixels, count);
     ^~~~~~~~~~~~~
../Lib/ILI9341/graph.c: In function 'LCD_setVerticalScrolling':
../Lib/ILI9341/graph.c:213:5: warning: implicit declaration of function 'dmaSendCmd'; did you mean 'SPI_SendCmd8'? [-Wimplicit-function-declaration]
     dmaSendCmd(LCD_VSCRDEF);
     ^~~~~~~~~~
     SPI_SendCmd8
../Lib/ILI9341/graph.c:220:5: warning: implicit declaration of function 'dmaSendData16' [-Wimplicit-function-declaration]
     dmaSendData16(d, 3);
     ^~~~~~~~~~~~~
arm-none-eabi-gcc "../Drivers/STM32F1xx_HAL_Driver/Src/stm32f1xx_hal_cortex.c" -mcpu=cortex-m3 -std=gnu11 -g3 -DUSE_HAL_DRIVER -DSTM32F103xB -DDEBUG -c -I../Inc -I../Drivers/CMSIS/Device/ST/STM32F1xx/Include -I../Drivers/CMSIS/Include -I../Drivers/STM32F1xx_HAL_Driver/Inc/Legacy -I../Drivers/STM32F1xx_HAL_Driver/Inc -O0 -ffunction-sections -fdata-sections -Wall -fstack-usage -MMD -MP -MF"Drivers/STM32F1xx_HAL_Driver/Src/stm32f1xx_hal_cortex.d" -MT"Drivers/STM32F1xx_HAL_Driver/Src/stm32f1xx_hal_cortex.o" --specs=nano.specs -mfloat-abi=soft -mthumb -o "Drivers/STM32F1xx_HAL_Driver/Src/stm32f1xx_hal_cortex.o"
arm-none-eabi-gcc "../Drivers/STM32F1xx_HAL_Driver/Src/stm32f1xx_hal_dma.c" -mcpu=cortex-m3 -std=gnu11 -g3 -DUSE_HAL_DRIVER -DSTM32F103xB -DDEBUG -c -I../Inc -I../Drivers/CMSIS/Device/ST/STM32F1xx/Include -I../Drivers/CMSIS/Include -I../Drivers/STM32F1xx_HAL_Driver/Inc/Legacy -I../Drivers/STM32F1xx_HAL_Driver/Inc -O0 -ffunction-sections -fdata-sections -Wall -fstack-usage -MMD -MP -MF"Drivers/STM32F1xx_HAL_Driver/Src/stm32f1xx_hal_dma.d" -MT"Drivers/STM32F1xx_HAL_Driver/Src/stm32f1xx_hal_dma.o" --specs=nano.specs -mfloat-abi=soft -mthumb -o "Drivers/STM32F1xx_HAL_Driver/Src/stm32f1xx_hal_dma.o"
arm-none-eabi-gcc "../Drivers/STM32F1xx_HAL_Driver/Src/stm32f1xx_hal_exti.c" -mcpu=cortex-m3 -std=gnu11 -g3 -DUSE_HAL_DRIVER -DSTM32F103xB -DDEBUG -c -I../Inc -I../Drivers/CMSIS/Device/ST/STM32F1xx/Include -I../Drivers/CMSIS/Include -I../Drivers/STM32F1xx_HAL_Driver/Inc/Legacy -I../Drivers/STM32F1xx_HAL_Driver/Inc -O0 -ffunction-sections -fdata-sections -Wall -fstack-usage -MMD -MP -MF"Drivers/STM32F1xx_HAL_Driver/Src/stm32f1xx_hal_exti.d" -MT"Drivers/STM32F1xx_HAL_Driver/Src/stm32f1xx_hal_exti.o" --specs=nano.specs -mfloat-abi=soft -mthumb -o "Drivers/STM32F1xx_HAL_Driver/Src/stm32f1xx_hal_exti.o"
arm-none-eabi-gcc "../Drivers/STM32F1xx_HAL_Driver/Src/stm32f1xx_hal_flash.c" -mcpu=cortex-m3 -std=gnu11 -g3 -DUSE_HAL_DRIVER -DSTM32F103xB -DDEBUG -c -I../Inc -I../Drivers/CMSIS/Device/ST/STM32F1xx/Include -I../Drivers/CMSIS/Include -I../Drivers/STM32F1xx_HAL_Driver/Inc/Legacy -I../Drivers/STM32F1xx_HAL_Driver/Inc -O0 -ffunction-sections -fdata-sections -Wall -fstack-usage -MMD -MP -MF"Drivers/STM32F1xx_HAL_Driver/Src/stm32f1xx_hal_flash.d" -MT"Drivers/STM32F1xx_HAL_Driver/Src/stm32f1xx_hal_flash.o" --specs=nano.specs -mfloat-abi=soft -mthumb -o "Drivers/STM32F1xx_HAL_Driver/Src/stm32f1xx_hal_flash.o"
arm-none-eabi-gcc "../Drivers/STM32F1xx_HAL_Driver/Src/stm32f1xx_hal_flash_ex.c" -mcpu=cortex-m3 -std=gnu11 -g3 -DUSE_HAL_DRIVER -DSTM32F103xB -DDEBUG -c -I../Inc -I../Drivers/CMSIS/Device/ST/STM32F1xx/Include -I../Drivers/CMSIS/Include -I../Drivers/STM32F1xx_HAL_Driver/Inc/Legacy -I../Drivers/STM32F1xx_HAL_Driver/Inc -O0 -ffunction-sections -fdata-sections -Wall -fstack-usage -MMD -MP -MF"Drivers/STM32F1xx_HAL_Driver/Src/stm32f1xx_hal_flash_ex.d" -MT"Drivers/STM32F1xx_HAL_Driver/Src/stm32f1xx_hal_flash_ex.o" --specs=nano.specs -mfloat-abi=soft -mthumb -o "Drivers/STM32F1xx_HAL_Driver/Src/stm32f1xx_hal_flash_ex.o"
arm-none-eabi-gcc "../Drivers/STM32F1xx_HAL_Driver/Src/stm32f1xx_hal_gpio.c" -mcpu=cortex-m3 -std=gnu11 -g3 -DUSE_HAL_DRIVER -DSTM32F103xB -DDEBUG -c -I../Inc -I../Drivers/CMSIS/Device/ST/STM32F1xx/Include -I../Drivers/CMSIS/Include -I../Drivers/STM32F1xx_HAL_Driver/Inc/Legacy -I../Drivers/STM32F1xx_HAL_Driver/Inc -O0 -ffunction-sections -fdata-sections -Wall -fstack-usage -MMD -MP -MF"Drivers/STM32F1xx_HAL_Driver/Src/stm32f1xx_hal_gpio.d" -MT"Drivers/STM32F1xx_HAL_Driver/Src/stm32f1xx_hal_gpio.o" --specs=nano.specs -mfloat-abi=soft -mthumb -o "Drivers/STM32F1xx_HAL_Driver/Src/stm32f1xx_hal_gpio.o"
arm-none-eabi-gcc "../Drivers/STM32F1xx_HAL_Driver/Src/stm32f1xx_hal_gpio_ex.c" -mcpu=cortex-m3 -std=gnu11 -g3 -DUSE_HAL_DRIVER -DSTM32F103xB -DDEBUG -c -I../Inc -I../Drivers/CMSIS/Device/ST/STM32F1xx/Include -I../Drivers/CMSIS/Include -I../Drivers/STM32F1xx_HAL_Driver/Inc/Legacy -I../Drivers/STM32F1xx_HAL_Driver/Inc -O0 -ffunction-sections -fdata-sections -Wall -fstack-usage -MMD -MP -MF"Drivers/STM32F1xx_HAL_Driver/Src/stm32f1xx_hal_gpio_ex.d" -MT"Drivers/STM32F1xx_HAL_Driver/Src/stm32f1xx_hal_gpio_ex.o" --specs=nano.specs -mfloat-abi=soft -mthumb -o "Drivers/STM32F1xx_HAL_Driver/Src/stm32f1xx_hal_gpio_ex.o"
arm-none-eabi-gcc "../Drivers/STM32F1xx_HAL_Driver/Src/stm32f1xx_hal_pwr.c" -mcpu=cortex-m3 -std=gnu11 -g3 -DUSE_HAL_DRIVER -DSTM32F103xB -DDEBUG -c -I../Inc -I../Drivers/CMSIS/Device/ST/STM32F1xx/Include -I../Drivers/CMSIS/Include -I../Drivers/STM32F1xx_HAL_Driver/Inc/Legacy -I../Drivers/STM32F1xx_HAL_Driver/Inc -O0 -ffunction-sections -fdata-sections -Wall -fstack-usage -MMD -MP -MF"Drivers/STM32F1xx_HAL_Driver/Src/stm32f1xx_hal_pwr.d" -MT"Drivers/STM32F1xx_HAL_Driver/Src/stm32f1xx_hal_pwr.o" --specs=nano.specs -mfloat-abi=soft -mthumb -o "Drivers/STM32F1xx_HAL_Driver/Src/stm32f1xx_hal_pwr.o"
arm-none-eabi-gcc "../Drivers/STM32F1xx_HAL_Driver/Src/stm32f1xx_hal_rcc.c" -mcpu=cortex-m3 -std=gnu11 -g3 -DUSE_HAL_DRIVER -DSTM32F103xB -DDEBUG -c -I../Inc -I../Drivers/CMSIS/Device/ST/STM32F1xx/Include -I../Drivers/CMSIS/Include -I../Drivers/STM32F1xx_HAL_Driver/Inc/Legacy -I../Drivers/STM32F1xx_HAL_Driver/Inc -O0 -ffunction-sections -fdata-sections -Wall -fstack-usage -MMD -MP -MF"Drivers/STM32F1xx_HAL_Driver/Src/stm32f1xx_hal_rcc.d" -MT"Drivers/STM32F1xx_HAL_Driver/Src/stm32f1xx_hal_rcc.o" --specs=nano.specs -mfloat-abi=soft -mthumb -o "Drivers/STM32F1xx_HAL_Driver/Src/stm32f1xx_hal_rcc.o"
arm-none-eabi-gcc "../Drivers/STM32F1xx_HAL_Driver/Src/stm32f1xx_hal_rcc_ex.c" -mcpu=cortex-m3 -std=gnu11 -g3 -DUSE_HAL_DRIVER -DSTM32F103xB -DDEBUG -c -I../Inc -I../Drivers/CMSIS/Device/ST/STM32F1xx/Include -I../Drivers/CMSIS/Include -I../Drivers/STM32F1xx_HAL_Driver/Inc/Legacy -I../Drivers/STM32F1xx_HAL_Driver/Inc -O0 -ffunction-sections -fdata-sections -Wall -fstack-usage -MMD -MP -MF"Drivers/STM32F1xx_HAL_Driver/Src/stm32f1xx_hal_rcc_ex.d" -MT"Drivers/STM32F1xx_HAL_Driver/Src/stm32f1xx_hal_rcc_ex.o" --specs=nano.specs -mfloat-abi=soft -mthumb -o "Drivers/STM32F1xx_HAL_Driver/Src/stm32f1xx_hal_rcc_ex.o"
arm-none-eabi-gcc "../Drivers/STM32F1xx_HAL_Driver/Src/stm32f1xx_hal_spi.c" -mcpu=cortex-m3 -std=gnu11 -g3 -DUSE_HAL_DRIVER -DSTM32F103xB -DDEBUG -c -I../Inc -I../Drivers/CMSIS/Device/ST/STM32F1xx/Include -I../Drivers/CMSIS/Include -I../Drivers/STM32F1xx_HAL_Driver/Inc/Legacy -I../Drivers/STM32F1xx_HAL_Driver/Inc -O0 -ffunction-sections -fdata-sections -Wall -fstack-usage -MMD -MP -MF"Drivers/STM32F1xx_HAL_Driver/Src/stm32f1xx_hal_spi.d" -MT"Drivers/STM32F1xx_HAL_Driver/Src/stm32f1xx_hal_spi.o" --specs=nano.specs -mfloat-abi=soft -mthumb -o "Drivers/STM32F1xx_HAL_Driver/Src/stm32f1xx_hal_spi.o"
arm-none-eabi-gcc "../Drivers/STM32F1xx_HAL_Driver/Src/stm32f1xx_hal_tim.c" -mcpu=cortex-m3 -std=gnu11 -g3 -DUSE_HAL_DRIVER -DSTM32F103xB -DDEBUG -c -I../Inc -I../Drivers/CMSIS/Device/ST/STM32F1xx/Include -I../Drivers/CMSIS/Include -I../Drivers/STM32F1xx_HAL_Driver/Inc/Legacy -I../Drivers/STM32F1xx_HAL_Driver/Inc -O0 -ffunction-sections -fdata-sections -Wall -fstack-usage -MMD -MP -MF"Drivers/STM32F1xx_HAL_Driver/Src/stm32f1xx_hal_tim.d" -MT"Drivers/STM32F1xx_HAL_Driver/Src/stm32f1xx_hal_tim.o" --specs=nano.specs -mfloat-abi=soft -mthumb -o "Drivers/STM32F1xx_HAL_Driver/Src/stm32f1xx_hal_tim.o"
arm-none-eabi-gcc "../Drivers/STM32F1xx_HAL_Driver/Src/stm32f1xx_hal_tim_ex.c" -mcpu=cortex-m3 -std=gnu11 -g3 -DUSE_HAL_DRIVER -DSTM32F103xB -DDEBUG -c -I../Inc -I../Drivers/CMSIS/Device/ST/STM32F1xx/Include -I../Drivers/CMSIS/Include -I../Drivers/STM32F1xx_HAL_Driver/Inc/Legacy -I../Drivers/STM32F1xx_HAL_Driver/Inc -O0 -ffunction-sections -fdata-sections -Wall -fstack-usage -MMD -MP -MF"Drivers/STM32F1xx_HAL_Driver/Src/stm32f1xx_hal_tim_ex.d" -MT"Drivers/STM32F1xx_HAL_Driver/Src/stm32f1xx_hal_tim_ex.o" --specs=nano.specs -mfloat-abi=soft -mthumb -o "Drivers/STM32F1xx_HAL_Driver/Src/stm32f1xx_hal_tim_ex.o"
arm-none-eabi-g++ -o "Gif-Player-Badge.elf" @"objects.list"   -mcpu=cortex-m3 -T"F:\Documents\GitHub\Gif-Player-Badge\Code\Gif-Player-Badge\STM32F103C8TX_FLASH.ld" --specs=nosys.specs -Wl,-Map="Gif-Player-Badge.map" -Wl,--gc-sections -static --specs=nano.specs -mfloat-abi=soft -mthumb -Wl,--start-group -lc -lm -lstdc++ -lsupc++ -Wl,--end-group
Finished building target: Gif-Player-Badge.elf
 
arm-none-eabi-size   Gif-Player-Badge.elf 
arm-none-eabi-objdump -h -S  Gif-Player-Badge.elf  > "Gif-Player-Badge.list"
   text	   data	    bss	    dec	    hex	filename
   8252	     24	   1728	  10004	   2714	Gif-Player-Badge.elf
Finished building: default.size.stdout
 
Finished building: Gif-Player-Badge.list
 
19:00:56 **** Incremental Build of configuration Debug for project Gif-Player-Badge ****
make -j4 all 
arm-none-eabi-size   Gif-Player-Badge.elf 
   text	   data	    bss	    dec	    hex	filename
   8252	     24	   1728	  10004	   2714	Gif-Player-Badge.elf
Finished building: default.size.stdout
 
19:02:06 **** Incremental Build of configuration Debug for project Gif-Player-Badge ****
make -j4 all 
arm-none-eabi-gcc "../Src/main.c" -mcpu=cortex-m3 -std=gnu11 -g3 -DUSE_HAL_DRIVER -DSTM32F103xB -DDEBUG -c -I../Inc -I../Drivers/CMSIS/Device/ST/STM32F1xx/Include -I../Drivers/CMSIS/Include -I../Drivers/STM32F1xx_HAL_Driver/Inc/Legacy -I../Drivers/STM32F1xx_HAL_Driver/Inc -O0 -ffunction-sections -fdata-sections -Wall -fstack-usage -MMD -MP -MF"Src/main.d" -MT"Src/main.o" --specs=nano.specs -mfloat-abi=soft -mthumb -o "Src/main.o"
../Src/main.c: In function 'main':
../Src/main.c:104:3: warning: implicit declaration of function 'SPI_SendCmd'; did you mean 'SPI_SendCmd8'? [-Wimplicit-function-declaration]
   SPI_SendCmd(0x04);
   ^~~~~~~~~~~
   SPI_SendCmd8
../Src/main.c:105:3: warning: implicit declaration of function 'SPI_Receive8'; did you mean 'HAL_SPI_Receive'? [-Wimplicit-function-declaration]
   SPI_Receive8(&rxbuf, 5);
   ^~~~~~~~~~~~
   HAL_SPI_Receive
arm-none-eabi-g++ -o "Gif-Player-Badge.elf" @"objects.list"   -mcpu=cortex-m3 -T"F:\Documents\GitHub\Gif-Player-Badge\Code\Gif-Player-Badge\STM32F103C8TX_FLASH.ld" --specs=nosys.specs -Wl,-Map="Gif-Player-Badge.map" -Wl,--gc-sections -static --specs=nano.specs -mfloat-abi=soft -mthumb -Wl,--start-group -lc -lm -lstdc++ -lsupc++ -Wl,--end-group
Finished building target: Gif-Player-Badge.elf
 
arm-none-eabi-objdump -h -S  Gif-Player-Badge.elf  > "Gif-Player-Badge.list"
arm-none-eabi-size   Gif-Player-Badge.elf 
   text	   data	    bss	    dec	    hex	filename
   8252	     24	   1728	  10004	   2714	Gif-Player-Badge.elf
Finished building: default.size.stdout
 
Finished building: Gif-Player-Badge.list
 
19:04:02 **** Incremental Build of configuration Debug for project Gif-Player-Badge ****
make -j4 all 
arm-none-eabi-gcc "../Src/main.c" -mcpu=cortex-m3 -std=gnu11 -g3 -DUSE_HAL_DRIVER -DSTM32F103xB -DDEBUG -c -I../Inc -I../Drivers/CMSIS/Device/ST/STM32F1xx/Include -I../Drivers/CMSIS/Include -I../Drivers/STM32F1xx_HAL_Driver/Inc/Legacy -I../Drivers/STM32F1xx_HAL_Driver/Inc -O0 -ffunction-sections -fdata-sections -Wall -fstack-usage -MMD -MP -MF"Src/main.d" -MT"Src/main.o" --specs=nano.specs -mfloat-abi=soft -mthumb -o "Src/main.o"
../Src/main.c: In function 'main':
../Src/main.c:104:3: warning: implicit declaration of function 'SPI_SendCmd'; did you mean 'SPI_SendCmd8'? [-Wimplicit-function-declaration]
   SPI_SendCmd(0x04);
   ^~~~~~~~~~~
   SPI_SendCmd8
../Src/main.c:105:3: warning: implicit declaration of function 'SPI_Receive8'; did you mean 'HAL_SPI_Receive'? [-Wimplicit-function-declaration]
   SPI_Receive8(&rxbuf, 5);
   ^~~~~~~~~~~~
   HAL_SPI_Receive
arm-none-eabi-g++ -o "Gif-Player-Badge.elf" @"objects.list"   -mcpu=cortex-m3 -T"F:\Documents\GitHub\Gif-Player-Badge\Code\Gif-Player-Badge\STM32F103C8TX_FLASH.ld" --specs=nosys.specs -Wl,-Map="Gif-Player-Badge.map" -Wl,--gc-sections -static --specs=nano.specs -mfloat-abi=soft -mthumb -Wl,--start-group -lc -lm -lstdc++ -lsupc++ -Wl,--end-group
Finished building target: Gif-Player-Badge.elf
 
arm-none-eabi-objdump -h -S  Gif-Player-Badge.elf  > "Gif-Player-Badge.list"
arm-none-eabi-size   Gif-Player-Badge.elf 
   text	   data	    bss	    dec	    hex	filename
   8272	     24	   1728	  10024	   2728	Gif-Player-Badge.elf
Finished building: default.size.stdout
Finished building: Gif-Player-Badge.list
 
 
19:05:01 **** Incremental Build of configuration Debug for project Gif-Player-Badge ****
make -j4 all 
arm-none-eabi-size   Gif-Player-Badge.elf 
   text	   data	    bss	    dec	    hex	filename
   8272	     24	   1728	  10024	   2728	Gif-Player-Badge.elf
Finished building: default.size.stdout
 
19:05:31 **** Incremental Build of configuration Debug for project Gif-Player-Badge ****
make -j4 all 
arm-none-eabi-size   Gif-Player-Badge.elf 
   text	   data	    bss	    dec	    hex	filename
   8272	     24	   1728	  10024	   2728	Gif-Player-Badge.elf
Finished building: default.size.stdout
 
19:06:09 **** Incremental Build of configuration Debug for project Gif-Player-Badge ****
make -j4 all 
arm-none-eabi-gcc "../Src/main.c" -mcpu=cortex-m3 -std=gnu11 -g3 -DUSE_HAL_DRIVER -DSTM32F103xB -DDEBUG -c -I../Inc -I../Drivers/CMSIS/Device/ST/STM32F1xx/Include -I../Drivers/CMSIS/Include -I../Drivers/STM32F1xx_HAL_Driver/Inc/Legacy -I../Drivers/STM32F1xx_HAL_Driver/Inc -O0 -ffunction-sections -fdata-sections -Wall -fstack-usage -MMD -MP -MF"Src/main.d" -MT"Src/main.o" --specs=nano.specs -mfloat-abi=soft -mthumb -o "Src/main.o"
../Src/main.c: In function 'main':
../Src/main.c:104:3: warning: implicit declaration of function 'SPI_SendCmd'; did you mean 'SPI_SendCmd8'? [-Wimplicit-function-declaration]
   SPI_SendCmd(0x04);
   ^~~~~~~~~~~
   SPI_SendCmd8
../Src/main.c:105:3: warning: implicit declaration of function 'SPI_Receive8'; did you mean 'HAL_SPI_Receive'? [-Wimplicit-function-declaration]
   SPI_Receive8(&rxbuf, 5);
   ^~~~~~~~~~~~
   HAL_SPI_Receive
arm-none-eabi-g++ -o "Gif-Player-Badge.elf" @"objects.list"   -mcpu=cortex-m3 -T"F:\Documents\GitHub\Gif-Player-Badge\Code\Gif-Player-Badge\STM32F103C8TX_FLASH.ld" --specs=nosys.specs -Wl,-Map="Gif-Player-Badge.map" -Wl,--gc-sections -static --specs=nano.specs -mfloat-abi=soft -mthumb -Wl,--start-group -lc -lm -lstdc++ -lsupc++ -Wl,--end-group
Finished building target: Gif-Player-Badge.elf
 
arm-none-eabi-objdump -h -S  Gif-Player-Badge.elf  > "Gif-Player-Badge.list"
arm-none-eabi-size   Gif-Player-Badge.elf 
   text	   data	    bss	    dec	    hex	filename
   8272	     24	   1728	  10024	   2728	Gif-Player-Badge.elf
Finished building: default.size.stdout
 
Finished building: Gif-Player-Badge.list
 
19:07:21 **** Incremental Build of configuration Debug for project Gif-Player-Badge ****
make -j4 all 
arm-none-eabi-gcc "../Src/main.c" -mcpu=cortex-m3 -std=gnu11 -g3 -DUSE_HAL_DRIVER -DSTM32F103xB -DDEBUG -c -I../Inc -I../Drivers/CMSIS/Device/ST/STM32F1xx/Include -I../Drivers/CMSIS/Include -I../Drivers/STM32F1xx_HAL_Driver/Inc/Legacy -I../Drivers/STM32F1xx_HAL_Driver/Inc -O0 -ffunction-sections -fdata-sections -Wall -fstack-usage -MMD -MP -MF"Src/main.d" -MT"Src/main.o" --specs=nano.specs -mfloat-abi=soft -mthumb -o "Src/main.o"
../Src/main.c: In function 'main':
../Src/main.c:104:3: warning: implicit declaration of function 'SPI_SendCmd'; did you mean 'SPI_SendCmd8'? [-Wimplicit-function-declaration]
   SPI_SendCmd(0x04);
   ^~~~~~~~~~~
   SPI_SendCmd8
../Src/main.c:105:3: warning: implicit declaration of function 'SPI_Receive8'; did you mean 'HAL_SPI_Receive'? [-Wimplicit-function-declaration]
   SPI_Receive8(&rxbuf, 5);
   ^~~~~~~~~~~~
   HAL_SPI_Receive
arm-none-eabi-g++ -o "Gif-Player-Badge.elf" @"objects.list"   -mcpu=cortex-m3 -T"F:\Documents\GitHub\Gif-Player-Badge\Code\Gif-Player-Badge\STM32F103C8TX_FLASH.ld" --specs=nosys.specs -Wl,-Map="Gif-Player-Badge.map" -Wl,--gc-sections -static --specs=nano.specs -mfloat-abi=soft -mthumb -Wl,--start-group -lc -lm -lstdc++ -lsupc++ -Wl,--end-group
Finished building target: Gif-Player-Badge.elf
 
arm-none-eabi-objdump -h -S  Gif-Player-Badge.elf  > "Gif-Player-Badge.list"
arm-none-eabi-size   Gif-Player-Badge.elf 
   text	   data	    bss	    dec	    hex	filename
   8272	     24	   1728	  10024	   2728	Gif-Player-Badge.elf
Finished building: default.size.stdout
 
Finished building: Gif-Player-Badge.list
 
19:09:22 **** Incremental Build of configuration Debug for project Gif-Player-Badge ****
make -j4 all 
arm-none-eabi-size   Gif-Player-Badge.elf 
   text	   data	    bss	    dec	    hex	filename
   8272	     24	   1728	  10024	   2728	Gif-Player-Badge.elf
Finished building: default.size.stdout
 
19:10:56 **** Incremental Build of configuration Debug for project Gif-Player-Badge ****
make -j4 all 
arm-none-eabi-gcc "../Src/main.c" -mcpu=cortex-m3 -std=gnu11 -g3 -DUSE_HAL_DRIVER -DSTM32F103xB -DDEBUG -c -I../Inc -I../Drivers/CMSIS/Device/ST/STM32F1xx/Include -I../Drivers/CMSIS/Include -I../Drivers/STM32F1xx_HAL_Driver/Inc/Legacy -I../Drivers/STM32F1xx_HAL_Driver/Inc -O0 -ffunction-sections -fdata-sections -Wall -fstack-usage -MMD -MP -MF"Src/main.d" -MT"Src/main.o" --specs=nano.specs -mfloat-abi=soft -mthumb -o "Src/main.o"
arm-none-eabi-gcc "../Lib/ILI9341/core.c" -mcpu=cortex-m3 -std=gnu11 -g3 -DUSE_HAL_DRIVER -DSTM32F103xB -DDEBUG -c -I../Inc -I../Drivers/CMSIS/Device/ST/STM32F1xx/Include -I../Drivers/CMSIS/Include -I../Drivers/STM32F1xx_HAL_Driver/Inc/Legacy -I../Drivers/STM32F1xx_HAL_Driver/Inc -O0 -ffunction-sections -fdata-sections -Wall -fstack-usage -MMD -MP -MF"Lib/ILI9341/core.d" -MT"Lib/ILI9341/core.o" --specs=nano.specs -mfloat-abi=soft -mthumb -o "Lib/ILI9341/core.o"
../Src/main.c: In function 'main':
../Src/main.c:104:3: warning: implicit declaration of function 'SPI_SendCmd'; did you mean 'SPI_SendCmd8'? [-Wimplicit-function-declaration]
   SPI_SendCmd(0x04);
   ^~~~~~~~~~~
   SPI_SendCmd8
../Lib/ILI9341/core.c: In function 'SPI_SendCmd':
../Lib/ILI9341/core.c:129:27: warning: passing argument 2 of 'HAL_SPI_Transmit' from incompatible pointer type [-Wincompatible-pointer-types]
  HAL_SPI_Transmit(&hspi1, &cmd, 1, 0xFFFFFFFFU);
                           ^
In file included from ../Inc/stm32f1xx_hal_conf.h:330:0,
                 from ../Drivers/STM32F1xx_HAL_Driver/Inc/stm32f1xx_hal.h:30,
                 from ../Inc/main.h:31,
                 from ../Lib/ILI9341/control.h:8,
                 from ../Lib/ILI9341/core.h:10,
                 from ../Lib/ILI9341/core.c:1:
../Drivers/STM32F1xx_HAL_Driver/Inc/stm32f1xx_hal_spi.h:667:19: note: expected 'uint8_t * {aka unsigned char *}' but argument is of type 'uint8_t ** {aka unsigned char **}'
 HAL_StatusTypeDef HAL_SPI_Transmit(SPI_HandleTypeDef *hspi, uint8_t *pData, uint16_t Size, uint32_t Timeout);
                   ^~~~~~~~~~~~~~~~
../Lib/ILI9341/core.c: In function 'SPI_SendCmd16':
../Lib/ILI9341/core.c:141:27: warning: passing argument 2 of 'HAL_SPI_Transmit' from incompatible pointer type [-Wincompatible-pointer-types]
  HAL_SPI_Transmit(&hspi1, &cmd, n, 0xFFFFFFFFU);
                           ^
In file included from ../Inc/stm32f1xx_hal_conf.h:330:0,
                 from ../Drivers/STM32F1xx_HAL_Driver/Inc/stm32f1xx_hal.h:30,
                 from ../Inc/main.h:31,
                 from ../Lib/ILI9341/control.h:8,
                 from ../Lib/ILI9341/core.h:10,
                 from ../Lib/ILI9341/core.c:1:
../Drivers/STM32F1xx_HAL_Driver/Inc/stm32f1xx_hal_spi.h:667:19: note: expected 'uint8_t * {aka unsigned char *}' but argument is of type 'uint16_t * {aka short unsigned int *}'
 HAL_StatusTypeDef HAL_SPI_Transmit(SPI_HandleTypeDef *hspi, uint8_t *pData, uint16_t Size, uint32_t Timeout);
                   ^~~~~~~~~~~~~~~~
In file included from ../Lib/ILI9341/core.h:7:0,
                 from ../Lib/ILI9341/core.c:1:
../Lib/ILI9341/core.c: In function 'SPIFill16':
../Lib/ILI9341/commands.h:27:33: warning: passing argument 1 of 'SPI_SendCmd' makes pointer from integer without a cast [-Wint-conversion]
 #define LCD_GRAM                0x2C   /* GRAM register */
                                 ^
../Lib/ILI9341/core.c:156:17: note: in expansion of macro 'LCD_GRAM'
     SPI_SendCmd(LCD_GRAM);
                 ^~~~~~~~
../Lib/ILI9341/core.c:126:6: note: expected 'uint8_t * {aka unsigned char *}' but argument is of type 'int'
 void SPI_SendCmd(uint8_t * cmd){
      ^~~~~~~~~~~
../Src/main.c:105:3: warning: implicit declaration of function 'SPI_Receive8'; did you mean 'HAL_SPI_Receive'? [-Wimplicit-function-declaration]
   SPI_Receive8(&rxbuf, 5);
   ^~~~~~~~~~~~
   HAL_SPI_Receive
../Lib/ILI9341/core.c:159:19: warning: passing argument 1 of 'SPIFill16' makes integer from pointer without a cast [-Wint-conversion]
         SPIFill16(&color, ts);
                   ^
../Lib/ILI9341/core.c:154:6: note: expected 'uint16_t {aka short unsigned int}' but argument is of type 'uint16_t * {aka short unsigned int *}'
 void SPIFill16(uint16_t color, uint16_t n) {
      ^~~~~~~~~
../Lib/ILI9341/core.c: In function 'LCD_configure':
../Lib/ILI9341/core.c:202:2: warning: statement with no effect [-Wunused-value]
  for(i ; i<99 ; i++){
  ^~~
../Lib/ILI9341/core.c:203:15: warning: passing argument 1 of 'SPI_SendCmd' makes pointer from integer without a cast [-Wint-conversion]
   SPI_SendCmd(init_commands[i]);
               ^~~~~~~~~~~~~
../Lib/ILI9341/core.c:126:6: note: expected 'uint8_t * {aka unsigned char *}' but argument is of type 'uint8_t {aka const unsigned char}'
 void SPI_SendCmd(uint8_t * cmd){
      ^~~~~~~~~~~
In file included from ../Lib/ILI9341/core.h:7:0,
                 from ../Lib/ILI9341/core.c:1:
../Lib/ILI9341/core.c: In function 'LCD_setOrientation':
../Lib/ILI9341/commands.h:34:33: warning: passing argument 1 of 'SPI_SendCmd' makes pointer from integer without a cast [-Wint-conversion]
 #define LCD_MAC                 0x36   /* Memory Access Control register*/
                                 ^
../Lib/ILI9341/core.c:239:17: note: in expansion of macro 'LCD_MAC'
     SPI_SendCmd(LCD_MAC);
                 ^~~~~~~
../Lib/ILI9341/core.c:126:6: note: expected 'uint8_t * {aka unsigned char *}' but argument is of type 'int'
 void SPI_SendCmd(uint8_t * cmd){
      ^~~~~~~~~~~
In file included from ../Lib/ILI9341/core.h:7:0,
                 from ../Lib/ILI9341/core.c:1:
../Lib/ILI9341/core.c: In function 'LCD_setAddressWindow':
../Lib/ILI9341/commands.h:25:33: warning: passing argument 1 of 'SPI_SendCmd' makes pointer from integer without a cast [-Wint-conversion]
 #define LCD_COLUMN_ADDR         0x2A   /* Colomn address register */
                                 ^
../Lib/ILI9341/core.c:267:14: note: in expansion of macro 'LCD_COLUMN_ADDR'
  SPI_SendCmd(LCD_COLUMN_ADDR);
              ^~~~~~~~~~~~~~~
../Lib/ILI9341/core.c:126:6: note: expected 'uint8_t * {aka unsigned char *}' but argument is of type 'int'
 void SPI_SendCmd(uint8_t * cmd){
      ^~~~~~~~~~~
../Lib/ILI9341/core.c:271:16: warning: passing argument 1 of 'SPI_SendCmd16' makes integer from pointer without a cast [-Wint-conversion]
  SPI_SendCmd16(pointData, 2);
                ^~~~~~~~~
../Lib/ILI9341/core.c:138:6: note: expected 'uint16_t {aka short unsigned int}' but argument is of type 'uint16_t * {aka short unsigned int *}'
 void SPI_SendCmd16(uint16_t cmd, uint8_t n){
      ^~~~~~~~~~~~~
In file included from ../Lib/ILI9341/core.h:7:0,
                 from ../Lib/ILI9341/core.c:1:
../Lib/ILI9341/commands.h:26:33: warning: passing argument 1 of 'SPI_SendCmd' makes pointer from integer without a cast [-Wint-conversion]
 #define LCD_PAGE_ADDR           0x2B   /* Page address register */
                                 ^
../Lib/ILI9341/core.c:274:14: note: in expansion of macro 'LCD_PAGE_ADDR'
  SPI_SendCmd(LCD_PAGE_ADDR);
              ^~~~~~~~~~~~~
../Lib/ILI9341/core.c:126:6: note: expected 'uint8_t * {aka unsigned char *}' but argument is of type 'int'
 void SPI_SendCmd(uint8_t * cmd){
      ^~~~~~~~~~~
../Lib/ILI9341/core.c:278:16: warning: passing argument 1 of 'SPI_SendCmd16' makes integer from pointer without a cast [-Wint-conversion]
  SPI_SendCmd16(pointData, 2);
                ^~~~~~~~~
../Lib/ILI9341/core.c:138:6: note: expected 'uint16_t {aka short unsigned int}' but argument is of type 'uint16_t * {aka short unsigned int *}'
 void SPI_SendCmd16(uint16_t cmd, uint8_t n){
      ^~~~~~~~~~~~~
At top level:
../Lib/ILI9341/core.c:82:13: warning: 'LCD_pinsInit' defined but not used [-Wunused-function]
 static void LCD_pinsInit() {
             ^~~~~~~~~~~~
../Lib/ILI9341/core.c:50:22: warning: 'init_commands2' defined but not used [-Wunused-const-variable=]
 static const uint8_t init_commands2[] = {
                      ^~~~~~~~~~~~~~
../Src/main.c: In function 'MX_SPI1_Init':
../Src/main.c:216:26: error: 'SPI_DIRECTION_1LINES' undeclared (first use in this function); did you mean 'SPI_DIRECTION_1LINE'?
   hspi1.Init.Direction = SPI_DIRECTION_1LINES;
                          ^~~~~~~~~~~~~~~~~~~~
                          SPI_DIRECTION_1LINE
../Src/main.c:216:26: note: each undeclared identifier is reported only once for each function it appears in
make: *** [Src/subdir.mk:33: Src/main.o] Error 1
make: *** Waiting for unfinished jobs....
"make -j4 all" terminated with exit code 2. Build might be incomplete.
19:11:05 **** Incremental Build of configuration Debug for project Gif-Player-Badge ****
make -j4 all 
arm-none-eabi-gcc "../Src/main.c" -mcpu=cortex-m3 -std=gnu11 -g3 -DUSE_HAL_DRIVER -DSTM32F103xB -DDEBUG -c -I../Inc -I../Drivers/CMSIS/Device/ST/STM32F1xx/Include -I../Drivers/CMSIS/Include -I../Drivers/STM32F1xx_HAL_Driver/Inc/Legacy -I../Drivers/STM32F1xx_HAL_Driver/Inc -O0 -ffunction-sections -fdata-sections -Wall -fstack-usage -MMD -MP -MF"Src/main.d" -MT"Src/main.o" --specs=nano.specs -mfloat-abi=soft -mthumb -o "Src/main.o"
../Src/main.c: In function 'main':
../Src/main.c:104:3: warning: implicit declaration of function 'SPI_SendCmd'; did you mean 'SPI_SendCmd8'? [-Wimplicit-function-declaration]
   SPI_SendCmd(0x04);
   ^~~~~~~~~~~
   SPI_SendCmd8
../Src/main.c:105:3: warning: implicit declaration of function 'SPI_Receive8'; did you mean 'HAL_SPI_Receive'? [-Wimplicit-function-declaration]
   SPI_Receive8(&rxbuf, 5);
   ^~~~~~~~~~~~
   HAL_SPI_Receive
arm-none-eabi-g++ -o "Gif-Player-Badge.elf" @"objects.list"   -mcpu=cortex-m3 -T"F:\Documents\GitHub\Gif-Player-Badge\Code\Gif-Player-Badge\STM32F103C8TX_FLASH.ld" --specs=nosys.specs -Wl,-Map="Gif-Player-Badge.map" -Wl,--gc-sections -static --specs=nano.specs -mfloat-abi=soft -mthumb -Wl,--start-group -lc -lm -lstdc++ -lsupc++ -Wl,--end-group
Finished building target: Gif-Player-Badge.elf
 
arm-none-eabi-objdump -h -S  Gif-Player-Badge.elf  > "Gif-Player-Badge.list"
arm-none-eabi-size   Gif-Player-Badge.elf 
   text	   data	    bss	    dec	    hex	filename
   8276	     24	   1728	  10028	   272c	Gif-Player-Badge.elf
Finished building: default.size.stdout
 
Finished building: Gif-Player-Badge.list
 
19:11:56 **** Incremental Build of configuration Debug for project Gif-Player-Badge ****
make -j4 all 
arm-none-eabi-size   Gif-Player-Badge.elf 
   text	   data	    bss	    dec	    hex	filename
   8276	     24	   1728	  10028	   272c	Gif-Player-Badge.elf
Finished building: default.size.stdout
 
19:12:36 **** Incremental Build of configuration Debug for project Gif-Player-Badge ****
make -j4 all 
arm-none-eabi-gcc "../Src/main.c" -mcpu=cortex-m3 -std=gnu11 -g3 -DUSE_HAL_DRIVER -DSTM32F103xB -DDEBUG -c -I../Inc -I../Drivers/CMSIS/Device/ST/STM32F1xx/Include -I../Drivers/CMSIS/Include -I../Drivers/STM32F1xx_HAL_Driver/Inc/Legacy -I../Drivers/STM32F1xx_HAL_Driver/Inc -O0 -ffunction-sections -fdata-sections -Wall -fstack-usage -MMD -MP -MF"Src/main.d" -MT"Src/main.o" --specs=nano.specs -mfloat-abi=soft -mthumb -o "Src/main.o"
../Src/main.c: In function 'main':
../Src/main.c:104:3: warning: implicit declaration of function 'SPI_SendCmd'; did you mean 'SPI_SendCmd8'? [-Wimplicit-function-declaration]
   SPI_SendCmd(0x04);
   ^~~~~~~~~~~
   SPI_SendCmd8
../Src/main.c:105:3: warning: implicit declaration of function 'SPI_Receive8'; did you mean 'HAL_SPI_Receive'? [-Wimplicit-function-declaration]
   SPI_Receive8(&rxbuf, 5);
   ^~~~~~~~~~~~
   HAL_SPI_Receive
arm-none-eabi-g++ -o "Gif-Player-Badge.elf" @"objects.list"   -mcpu=cortex-m3 -T"F:\Documents\GitHub\Gif-Player-Badge\Code\Gif-Player-Badge\STM32F103C8TX_FLASH.ld" --specs=nosys.specs -Wl,-Map="Gif-Player-Badge.map" -Wl,--gc-sections -static --specs=nano.specs -mfloat-abi=soft -mthumb -Wl,--start-group -lc -lm -lstdc++ -lsupc++ -Wl,--end-group
Finished building target: Gif-Player-Badge.elf
 
arm-none-eabi-objdump -h -S  Gif-Player-Badge.elf  > "Gif-Player-Badge.list"
arm-none-eabi-size   Gif-Player-Badge.elf 
   text	   data	    bss	    dec	    hex	filename
   8272	     24	   1728	  10024	   2728	Gif-Player-Badge.elf
Finished building: default.size.stdout
 
Finished building: Gif-Player-Badge.list
 
19:13:44 **** Incremental Build of configuration Debug for project Gif-Player-Badge ****
make -j4 all 
arm-none-eabi-size   Gif-Player-Badge.elf 
   text	   data	    bss	    dec	    hex	filename
   8272	     24	   1728	  10024	   2728	Gif-Player-Badge.elf
Finished building: default.size.stdout
 
19:15:03 **** Incremental Build of configuration Debug for project Gif-Player-Badge ****
make -j4 all 
arm-none-eabi-size   Gif-Player-Badge.elf 
   text	   data	    bss	    dec	    hex	filename
   8272	     24	   1728	  10024	   2728	Gif-Player-Badge.elf
Finished building: default.size.stdout
 
19:17:59 **** Incremental Build of configuration Debug for project Gif-Player-Badge ****
make -j4 all 
arm-none-eabi-size   Gif-Player-Badge.elf 
   text	   data	    bss	    dec	    hex	filename
   8272	     24	   1728	  10024	   2728	Gif-Player-Badge.elf
Finished building: default.size.stdout
 
19:19:26 **** Incremental Build of configuration Debug for project Gif-Player-Badge ****
make -j4 all 
arm-none-eabi-size   Gif-Player-Badge.elf 
   text	   data	    bss	    dec	    hex	filename
   8272	     24	   1728	  10024	   2728	Gif-Player-Badge.elf
Finished building: default.size.stdout
 
19:21:02 **** Incremental Build of configuration Debug for project Gif-Player-Badge ****
make -j4 all 
arm-none-eabi-size   Gif-Player-Badge.elf 
   text	   data	    bss	    dec	    hex	filename
   8272	     24	   1728	  10024	   2728	Gif-Player-Badge.elf
Finished building: default.size.stdout
 
19:22:31 **** Incremental Build of configuration Debug for project Gif-Player-Badge ****
make -j4 all 
arm-none-eabi-size   Gif-Player-Badge.elf 
   text	   data	    bss	    dec	    hex	filename
   8272	     24	   1728	  10024	   2728	Gif-Player-Badge.elf
Finished building: default.size.stdout
 
19:27:34 **** Incremental Build of configuration Debug for project Gif-Player-Badge ****
make -j4 all 
arm-none-eabi-gcc "../Lib/ILI9341/core.c" -mcpu=cortex-m3 -std=gnu11 -g3 -DUSE_HAL_DRIVER -DSTM32F103xB -DDEBUG -c -I../Inc -I../Drivers/CMSIS/Device/ST/STM32F1xx/Include -I../Drivers/CMSIS/Include -I../Drivers/STM32F1xx_HAL_Driver/Inc/Legacy -I../Drivers/STM32F1xx_HAL_Driver/Inc -O0 -ffunction-sections -fdata-sections -Wall -fstack-usage -MMD -MP -MF"Lib/ILI9341/core.d" -MT"Lib/ILI9341/core.o" --specs=nano.specs -mfloat-abi=soft -mthumb -o "Lib/ILI9341/core.o"
../Lib/ILI9341/core.c: In function 'SPI_SendCmd':
../Lib/ILI9341/core.c:129:27: warning: passing argument 2 of 'HAL_SPI_Transmit' from incompatible pointer type [-Wincompatible-pointer-types]
  HAL_SPI_Transmit(&hspi1, &cmd, 1, 0xFFFFFFFFU);
                           ^
In file included from ../Inc/stm32f1xx_hal_conf.h:330:0,
                 from ../Drivers/STM32F1xx_HAL_Driver/Inc/stm32f1xx_hal.h:30,
                 from ../Inc/main.h:31,
                 from ../Lib/ILI9341/control.h:8,
                 from ../Lib/ILI9341/core.h:10,
                 from ../Lib/ILI9341/core.c:1:
../Drivers/STM32F1xx_HAL_Driver/Inc/stm32f1xx_hal_spi.h:667:19: note: expected 'uint8_t * {aka unsigned char *}' but argument is of type 'uint8_t ** {aka unsigned char **}'
 HAL_StatusTypeDef HAL_SPI_Transmit(SPI_HandleTypeDef *hspi, uint8_t *pData, uint16_t Size, uint32_t Timeout);
                   ^~~~~~~~~~~~~~~~
../Lib/ILI9341/core.c: In function 'SPI_SendCmd16':
../Lib/ILI9341/core.c:141:27: warning: passing argument 2 of 'HAL_SPI_Transmit' from incompatible pointer type [-Wincompatible-pointer-types]
  HAL_SPI_Transmit(&hspi1, &cmd, n, 0xFFFFFFFFU);
                           ^
In file included from ../Inc/stm32f1xx_hal_conf.h:330:0,
                 from ../Drivers/STM32F1xx_HAL_Driver/Inc/stm32f1xx_hal.h:30,
                 from ../Inc/main.h:31,
                 from ../Lib/ILI9341/control.h:8,
                 from ../Lib/ILI9341/core.h:10,
                 from ../Lib/ILI9341/core.c:1:
../Drivers/STM32F1xx_HAL_Driver/Inc/stm32f1xx_hal_spi.h:667:19: note: expected 'uint8_t * {aka unsigned char *}' but argument is of type 'uint16_t * {aka short unsigned int *}'
 HAL_StatusTypeDef HAL_SPI_Transmit(SPI_HandleTypeDef *hspi, uint8_t *pData, uint16_t Size, uint32_t Timeout);
                   ^~~~~~~~~~~~~~~~
In file included from ../Lib/ILI9341/core.h:7:0,
                 from ../Lib/ILI9341/core.c:1:
../Lib/ILI9341/core.c: In function 'SPIFill16':
../Lib/ILI9341/commands.h:27:33: warning: passing argument 1 of 'SPI_SendCmd' makes pointer from integer without a cast [-Wint-conversion]
 #define LCD_GRAM                0x2C   /* GRAM register */
                                 ^
../Lib/ILI9341/core.c:156:17: note: in expansion of macro 'LCD_GRAM'
     SPI_SendCmd(LCD_GRAM);
                 ^~~~~~~~
../Lib/ILI9341/core.c:126:6: note: expected 'uint8_t * {aka unsigned char *}' but argument is of type 'int'
 void SPI_SendCmd(uint8_t * cmd){
      ^~~~~~~~~~~
../Lib/ILI9341/core.c:159:19: warning: passing argument 1 of 'SPIFill16' makes integer from pointer without a cast [-Wint-conversion]
         SPIFill16(&color, ts);
                   ^
../Lib/ILI9341/core.c:154:6: note: expected 'uint16_t {aka short unsigned int}' but argument is of type 'uint16_t * {aka short unsigned int *}'
 void SPIFill16(uint16_t color, uint16_t n) {
      ^~~~~~~~~
../Lib/ILI9341/core.c: In function 'LCD_configure':
../Lib/ILI9341/core.c:202:2: warning: statement with no effect [-Wunused-value]
  for(i ; i<99 ; i++){
  ^~~
../Lib/ILI9341/core.c:203:15: warning: passing argument 1 of 'SPI_SendCmd' makes pointer from integer without a cast [-Wint-conversion]
   SPI_SendCmd(init_commands[i]);
               ^~~~~~~~~~~~~
../Lib/ILI9341/core.c:126:6: note: expected 'uint8_t * {aka unsigned char *}' but argument is of type 'uint8_t {aka const unsigned char}'
 void SPI_SendCmd(uint8_t * cmd){
      ^~~~~~~~~~~
In file included from ../Lib/ILI9341/core.h:7:0,
                 from ../Lib/ILI9341/core.c:1:
../Lib/ILI9341/core.c: In function 'LCD_setOrientation':
../Lib/ILI9341/commands.h:34:33: warning: passing argument 1 of 'SPI_SendCmd' makes pointer from integer without a cast [-Wint-conversion]
 #define LCD_MAC                 0x36   /* Memory Access Control register*/
                                 ^
../Lib/ILI9341/core.c:239:17: note: in expansion of macro 'LCD_MAC'
     SPI_SendCmd(LCD_MAC);
                 ^~~~~~~
../Lib/ILI9341/core.c:126:6: note: expected 'uint8_t * {aka unsigned char *}' but argument is of type 'int'
 void SPI_SendCmd(uint8_t * cmd){
      ^~~~~~~~~~~
In file included from ../Lib/ILI9341/core.h:7:0,
                 from ../Lib/ILI9341/core.c:1:
../Lib/ILI9341/core.c: In function 'LCD_setAddressWindow':
../Lib/ILI9341/commands.h:25:33: warning: passing argument 1 of 'SPI_SendCmd' makes pointer from integer without a cast [-Wint-conversion]
 #define LCD_COLUMN_ADDR         0x2A   /* Colomn address register */
                                 ^
../Lib/ILI9341/core.c:267:14: note: in expansion of macro 'LCD_COLUMN_ADDR'
  SPI_SendCmd(LCD_COLUMN_ADDR);
              ^~~~~~~~~~~~~~~
../Lib/ILI9341/core.c:126:6: note: expected 'uint8_t * {aka unsigned char *}' but argument is of type 'int'
 void SPI_SendCmd(uint8_t * cmd){
      ^~~~~~~~~~~
../Lib/ILI9341/core.c:271:16: warning: passing argument 1 of 'SPI_SendCmd16' makes integer from pointer without a cast [-Wint-conversion]
  SPI_SendCmd16(pointData, 2);
                ^~~~~~~~~
../Lib/ILI9341/core.c:138:6: note: expected 'uint16_t {aka short unsigned int}' but argument is of type 'uint16_t * {aka short unsigned int *}'
 void SPI_SendCmd16(uint16_t cmd, uint8_t n){
      ^~~~~~~~~~~~~
In file included from ../Lib/ILI9341/core.h:7:0,
                 from ../Lib/ILI9341/core.c:1:
../Lib/ILI9341/commands.h:26:33: warning: passing argument 1 of 'SPI_SendCmd' makes pointer from integer without a cast [-Wint-conversion]
 #define LCD_PAGE_ADDR           0x2B   /* Page address register */
                                 ^
../Lib/ILI9341/core.c:274:14: note: in expansion of macro 'LCD_PAGE_ADDR'
  SPI_SendCmd(LCD_PAGE_ADDR);
              ^~~~~~~~~~~~~
../Lib/ILI9341/core.c:126:6: note: expected 'uint8_t * {aka unsigned char *}' but argument is of type 'int'
 void SPI_SendCmd(uint8_t * cmd){
      ^~~~~~~~~~~
../Lib/ILI9341/core.c:278:16: warning: passing argument 1 of 'SPI_SendCmd16' makes integer from pointer without a cast [-Wint-conversion]
  SPI_SendCmd16(pointData, 2);
                ^~~~~~~~~
../Lib/ILI9341/core.c:138:6: note: expected 'uint16_t {aka short unsigned int}' but argument is of type 'uint16_t * {aka short unsigned int *}'
 void SPI_SendCmd16(uint16_t cmd, uint8_t n){
      ^~~~~~~~~~~~~
At top level:
../Lib/ILI9341/core.c:82:13: warning: 'LCD_pinsInit' defined but not used [-Wunused-function]
 static void LCD_pinsInit() {
             ^~~~~~~~~~~~
../Lib/ILI9341/core.c:50:22: warning: 'init_commands2' defined but not used [-Wunused-const-variable=]
 static const uint8_t init_commands2[] = {
                      ^~~~~~~~~~~~~~
arm-none-eabi-g++ -o "Gif-Player-Badge.elf" @"objects.list"   -mcpu=cortex-m3 -T"F:\Documents\GitHub\Gif-Player-Badge\Code\Gif-Player-Badge\STM32F103C8TX_FLASH.ld" --specs=nosys.specs -Wl,-Map="Gif-Player-Badge.map" -Wl,--gc-sections -static --specs=nano.specs -mfloat-abi=soft -mthumb -Wl,--start-group -lc -lm -lstdc++ -lsupc++ -Wl,--end-group
Finished building target: Gif-Player-Badge.elf
 
arm-none-eabi-objdump -h -S  Gif-Player-Badge.elf  > "Gif-Player-Badge.list"
arm-none-eabi-size   Gif-Player-Badge.elf 
   text	   data	    bss	    dec	    hex	filename
   8272	     24	   1728	  10024	   2728	Gif-Player-Badge.elf
Finished building: default.size.stdout
 
Finished building: Gif-Player-Badge.list
 
