12:31:11 **** Incremental Build of configuration Debug for project TFT_Test ****
make -j4 all 
arm-none-eabi-gcc "../Drivers/STM32F1xx_HAL_Driver/Src/stm32f1xx_hal.c" -mcpu=cortex-m3 -std=gnu11 -g3 -DUSE_HAL_DRIVER -DSTM32F103xB -DDEBUG -c -I../Inc -I../Drivers/CMSIS/Device/ST/STM32F1xx/Include -I../Drivers/CMSIS/Include -I../Drivers/STM32F1xx_HAL_Driver/Inc/Legacy -I../Drivers/STM32F1xx_HAL_Driver/Inc -O0 -ffunction-sections -fdata-sections -Wall -fstack-usage -MMD -MP -MF"Drivers/STM32F1xx_HAL_Driver/Src/stm32f1xx_hal.d" -MT"Drivers/STM32F1xx_HAL_Driver/Src/stm32f1xx_hal.o" --specs=nano.specs -mfloat-abi=soft -mthumb -o "Drivers/STM32F1xx_HAL_Driver/Src/stm32f1xx_hal.o"
arm-none-eabi-gcc "../Drivers/STM32F1xx_HAL_Driver/Src/stm32f1xx_hal_cortex.c" -mcpu=cortex-m3 -std=gnu11 -g3 -DUSE_HAL_DRIVER -DSTM32F103xB -DDEBUG -c -I../Inc -I../Drivers/CMSIS/Device/ST/STM32F1xx/Include -I../Drivers/CMSIS/Include -I../Drivers/STM32F1xx_HAL_Driver/Inc/Legacy -I../Drivers/STM32F1xx_HAL_Driver/Inc -O0 -ffunction-sections -fdata-sections -Wall -fstack-usage -MMD -MP -MF"Drivers/STM32F1xx_HAL_Driver/Src/stm32f1xx_hal_cortex.d" -MT"Drivers/STM32F1xx_HAL_Driver/Src/stm32f1xx_hal_cortex.o" --specs=nano.specs -mfloat-abi=soft -mthumb -o "Drivers/STM32F1xx_HAL_Driver/Src/stm32f1xx_hal_cortex.o"
arm-none-eabi-gcc "../Drivers/STM32F1xx_HAL_Driver/Src/stm32f1xx_hal_dma.c" -mcpu=cortex-m3 -std=gnu11 -g3 -DUSE_HAL_DRIVER -DSTM32F103xB -DDEBUG -c -I../Inc -I../Drivers/CMSIS/Device/ST/STM32F1xx/Include -I../Drivers/CMSIS/Include -I../Drivers/STM32F1xx_HAL_Driver/Inc/Legacy -I../Drivers/STM32F1xx_HAL_Driver/Inc -O0 -ffunction-sections -fdata-sections -Wall -fstack-usage -MMD -MP -MF"Drivers/STM32F1xx_HAL_Driver/Src/stm32f1xx_hal_dma.d" -MT"Drivers/STM32F1xx_HAL_Driver/Src/stm32f1xx_hal_dma.o" --specs=nano.specs -mfloat-abi=soft -mthumb -o "Drivers/STM32F1xx_HAL_Driver/Src/stm32f1xx_hal_dma.o"
arm-none-eabi-gcc "../Drivers/STM32F1xx_HAL_Driver/Src/stm32f1xx_hal_flash.c" -mcpu=cortex-m3 -std=gnu11 -g3 -DUSE_HAL_DRIVER -DSTM32F103xB -DDEBUG -c -I../Inc -I../Drivers/CMSIS/Device/ST/STM32F1xx/Include -I../Drivers/CMSIS/Include -I../Drivers/STM32F1xx_HAL_Driver/Inc/Legacy -I../Drivers/STM32F1xx_HAL_Driver/Inc -O0 -ffunction-sections -fdata-sections -Wall -fstack-usage -MMD -MP -MF"Drivers/STM32F1xx_HAL_Driver/Src/stm32f1xx_hal_flash.d" -MT"Drivers/STM32F1xx_HAL_Driver/Src/stm32f1xx_hal_flash.o" --specs=nano.specs -mfloat-abi=soft -mthumb -o "Drivers/STM32F1xx_HAL_Driver/Src/stm32f1xx_hal_flash.o"
arm-none-eabi-gcc "../Drivers/STM32F1xx_HAL_Driver/Src/stm32f1xx_hal_flash_ex.c" -mcpu=cortex-m3 -std=gnu11 -g3 -DUSE_HAL_DRIVER -DSTM32F103xB -DDEBUG -c -I../Inc -I../Drivers/CMSIS/Device/ST/STM32F1xx/Include -I../Drivers/CMSIS/Include -I../Drivers/STM32F1xx_HAL_Driver/Inc/Legacy -I../Drivers/STM32F1xx_HAL_Driver/Inc -O0 -ffunction-sections -fdata-sections -Wall -fstack-usage -MMD -MP -MF"Drivers/STM32F1xx_HAL_Driver/Src/stm32f1xx_hal_flash_ex.d" -MT"Drivers/STM32F1xx_HAL_Driver/Src/stm32f1xx_hal_flash_ex.o" --specs=nano.specs -mfloat-abi=soft -mthumb -o "Drivers/STM32F1xx_HAL_Driver/Src/stm32f1xx_hal_flash_ex.o"
arm-none-eabi-gcc "../Drivers/STM32F1xx_HAL_Driver/Src/stm32f1xx_hal_gpio.c" -mcpu=cortex-m3 -std=gnu11 -g3 -DUSE_HAL_DRIVER -DSTM32F103xB -DDEBUG -c -I../Inc -I../Drivers/CMSIS/Device/ST/STM32F1xx/Include -I../Drivers/CMSIS/Include -I../Drivers/STM32F1xx_HAL_Driver/Inc/Legacy -I../Drivers/STM32F1xx_HAL_Driver/Inc -O0 -ffunction-sections -fdata-sections -Wall -fstack-usage -MMD -MP -MF"Drivers/STM32F1xx_HAL_Driver/Src/stm32f1xx_hal_gpio.d" -MT"Drivers/STM32F1xx_HAL_Driver/Src/stm32f1xx_hal_gpio.o" --specs=nano.specs -mfloat-abi=soft -mthumb -o "Drivers/STM32F1xx_HAL_Driver/Src/stm32f1xx_hal_gpio.o"
arm-none-eabi-gcc "../Drivers/STM32F1xx_HAL_Driver/Src/stm32f1xx_hal_gpio_ex.c" -mcpu=cortex-m3 -std=gnu11 -g3 -DUSE_HAL_DRIVER -DSTM32F103xB -DDEBUG -c -I../Inc -I../Drivers/CMSIS/Device/ST/STM32F1xx/Include -I../Drivers/CMSIS/Include -I../Drivers/STM32F1xx_HAL_Driver/Inc/Legacy -I../Drivers/STM32F1xx_HAL_Driver/Inc -O0 -ffunction-sections -fdata-sections -Wall -fstack-usage -MMD -MP -MF"Drivers/STM32F1xx_HAL_Driver/Src/stm32f1xx_hal_gpio_ex.d" -MT"Drivers/STM32F1xx_HAL_Driver/Src/stm32f1xx_hal_gpio_ex.o" --specs=nano.specs -mfloat-abi=soft -mthumb -o "Drivers/STM32F1xx_HAL_Driver/Src/stm32f1xx_hal_gpio_ex.o"
arm-none-eabi-gcc "../Drivers/STM32F1xx_HAL_Driver/Src/stm32f1xx_hal_pwr.c" -mcpu=cortex-m3 -std=gnu11 -g3 -DUSE_HAL_DRIVER -DSTM32F103xB -DDEBUG -c -I../Inc -I../Drivers/CMSIS/Device/ST/STM32F1xx/Include -I../Drivers/CMSIS/Include -I../Drivers/STM32F1xx_HAL_Driver/Inc/Legacy -I../Drivers/STM32F1xx_HAL_Driver/Inc -O0 -ffunction-sections -fdata-sections -Wall -fstack-usage -MMD -MP -MF"Drivers/STM32F1xx_HAL_Driver/Src/stm32f1xx_hal_pwr.d" -MT"Drivers/STM32F1xx_HAL_Driver/Src/stm32f1xx_hal_pwr.o" --specs=nano.specs -mfloat-abi=soft -mthumb -o "Drivers/STM32F1xx_HAL_Driver/Src/stm32f1xx_hal_pwr.o"
arm-none-eabi-gcc "../Drivers/STM32F1xx_HAL_Driver/Src/stm32f1xx_hal_rcc.c" -mcpu=cortex-m3 -std=gnu11 -g3 -DUSE_HAL_DRIVER -DSTM32F103xB -DDEBUG -c -I../Inc -I../Drivers/CMSIS/Device/ST/STM32F1xx/Include -I../Drivers/CMSIS/Include -I../Drivers/STM32F1xx_HAL_Driver/Inc/Legacy -I../Drivers/STM32F1xx_HAL_Driver/Inc -O0 -ffunction-sections -fdata-sections -Wall -fstack-usage -MMD -MP -MF"Drivers/STM32F1xx_HAL_Driver/Src/stm32f1xx_hal_rcc.d" -MT"Drivers/STM32F1xx_HAL_Driver/Src/stm32f1xx_hal_rcc.o" --specs=nano.specs -mfloat-abi=soft -mthumb -o "Drivers/STM32F1xx_HAL_Driver/Src/stm32f1xx_hal_rcc.o"
arm-none-eabi-gcc "../Drivers/STM32F1xx_HAL_Driver/Src/stm32f1xx_hal_rcc_ex.c" -mcpu=cortex-m3 -std=gnu11 -g3 -DUSE_HAL_DRIVER -DSTM32F103xB -DDEBUG -c -I../Inc -I../Drivers/CMSIS/Device/ST/STM32F1xx/Include -I../Drivers/CMSIS/Include -I../Drivers/STM32F1xx_HAL_Driver/Inc/Legacy -I../Drivers/STM32F1xx_HAL_Driver/Inc -O0 -ffunction-sections -fdata-sections -Wall -fstack-usage -MMD -MP -MF"Drivers/STM32F1xx_HAL_Driver/Src/stm32f1xx_hal_rcc_ex.d" -MT"Drivers/STM32F1xx_HAL_Driver/Src/stm32f1xx_hal_rcc_ex.o" --specs=nano.specs -mfloat-abi=soft -mthumb -o "Drivers/STM32F1xx_HAL_Driver/Src/stm32f1xx_hal_rcc_ex.o"
arm-none-eabi-gcc "../Drivers/STM32F1xx_HAL_Driver/Src/stm32f1xx_hal_tim.c" -mcpu=cortex-m3 -std=gnu11 -g3 -DUSE_HAL_DRIVER -DSTM32F103xB -DDEBUG -c -I../Inc -I../Drivers/CMSIS/Device/ST/STM32F1xx/Include -I../Drivers/CMSIS/Include -I../Drivers/STM32F1xx_HAL_Driver/Inc/Legacy -I../Drivers/STM32F1xx_HAL_Driver/Inc -O0 -ffunction-sections -fdata-sections -Wall -fstack-usage -MMD -MP -MF"Drivers/STM32F1xx_HAL_Driver/Src/stm32f1xx_hal_tim.d" -MT"Drivers/STM32F1xx_HAL_Driver/Src/stm32f1xx_hal_tim.o" --specs=nano.specs -mfloat-abi=soft -mthumb -o "Drivers/STM32F1xx_HAL_Driver/Src/stm32f1xx_hal_tim.o"
arm-none-eabi-gcc "../Drivers/STM32F1xx_HAL_Driver/Src/stm32f1xx_hal_tim_ex.c" -mcpu=cortex-m3 -std=gnu11 -g3 -DUSE_HAL_DRIVER -DSTM32F103xB -DDEBUG -c -I../Inc -I../Drivers/CMSIS/Device/ST/STM32F1xx/Include -I../Drivers/CMSIS/Include -I../Drivers/STM32F1xx_HAL_Driver/Inc/Legacy -I../Drivers/STM32F1xx_HAL_Driver/Inc -O0 -ffunction-sections -fdata-sections -Wall -fstack-usage -MMD -MP -MF"Drivers/STM32F1xx_HAL_Driver/Src/stm32f1xx_hal_tim_ex.d" -MT"Drivers/STM32F1xx_HAL_Driver/Src/stm32f1xx_hal_tim_ex.o" --specs=nano.specs -mfloat-abi=soft -mthumb -o "Drivers/STM32F1xx_HAL_Driver/Src/stm32f1xx_hal_tim_ex.o"
arm-none-eabi-gcc -mcpu=cortex-m3 -g3 -c -x assembler-with-cpp --specs=nano.specs -mfloat-abi=soft -mthumb -o "Startup/startup_stm32f103c8tx.o" "../Startup/startup_stm32f103c8tx.s"
arm-none-eabi-gcc "../Src/main.c" -mcpu=cortex-m3 -std=gnu11 -g3 -DUSE_HAL_DRIVER -DSTM32F103xB -DDEBUG -c -I../Inc -I../Drivers/CMSIS/Device/ST/STM32F1xx/Include -I../Drivers/CMSIS/Include -I../Drivers/STM32F1xx_HAL_Driver/Inc/Legacy -I../Drivers/STM32F1xx_HAL_Driver/Inc -O0 -ffunction-sections -fdata-sections -Wall -fstack-usage -MMD -MP -MF"Src/main.d" -MT"Src/main.o" --specs=nano.specs -mfloat-abi=soft -mthumb -o "Src/main.o"
arm-none-eabi-gcc "../Src/stm32f1xx_hal_msp.c" -mcpu=cortex-m3 -std=gnu11 -g3 -DUSE_HAL_DRIVER -DSTM32F103xB -DDEBUG -c -I../Inc -I../Drivers/CMSIS/Device/ST/STM32F1xx/Include -I../Drivers/CMSIS/Include -I../Drivers/STM32F1xx_HAL_Driver/Inc/Legacy -I../Drivers/STM32F1xx_HAL_Driver/Inc -O0 -ffunction-sections -fdata-sections -Wall -fstack-usage -MMD -MP -MF"Src/stm32f1xx_hal_msp.d" -MT"Src/stm32f1xx_hal_msp.o" --specs=nano.specs -mfloat-abi=soft -mthumb -o "Src/stm32f1xx_hal_msp.o"
arm-none-eabi-gcc "../Src/stm32f1xx_it.c" -mcpu=cortex-m3 -std=gnu11 -g3 -DUSE_HAL_DRIVER -DSTM32F103xB -DDEBUG -c -I../Inc -I../Drivers/CMSIS/Device/ST/STM32F1xx/Include -I../Drivers/CMSIS/Include -I../Drivers/STM32F1xx_HAL_Driver/Inc/Legacy -I../Drivers/STM32F1xx_HAL_Driver/Inc -O0 -ffunction-sections -fdata-sections -Wall -fstack-usage -MMD -MP -MF"Src/stm32f1xx_it.d" -MT"Src/stm32f1xx_it.o" --specs=nano.specs -mfloat-abi=soft -mthumb -o "Src/stm32f1xx_it.o"
arm-none-eabi-gcc "../Src/system_stm32f1xx.c" -mcpu=cortex-m3 -std=gnu11 -g3 -DUSE_HAL_DRIVER -DSTM32F103xB -DDEBUG -c -I../Inc -I../Drivers/CMSIS/Device/ST/STM32F1xx/Include -I../Drivers/CMSIS/Include -I../Drivers/STM32F1xx_HAL_Driver/Inc/Legacy -I../Drivers/STM32F1xx_HAL_Driver/Inc -O0 -ffunction-sections -fdata-sections -Wall -fstack-usage -MMD -MP -MF"Src/system_stm32f1xx.d" -MT"Src/system_stm32f1xx.o" --specs=nano.specs -mfloat-abi=soft -mthumb -o "Src/system_stm32f1xx.o"
arm-none-eabi-gcc "../Drivers/STM32F1xx_HAL_Driver/Src/stm32f1xx_hal_spi.c" -mcpu=cortex-m3 -std=gnu11 -g3 -DUSE_HAL_DRIVER -DSTM32F103xB -DDEBUG -c -I../Inc -I../Drivers/CMSIS/Device/ST/STM32F1xx/Include -I../Drivers/CMSIS/Include -I../Drivers/STM32F1xx_HAL_Driver/Inc/Legacy -I../Drivers/STM32F1xx_HAL_Driver/Inc -O0 -ffunction-sections -fdata-sections -Wall -fstack-usage -MMD -MP -MF"Drivers/STM32F1xx_HAL_Driver/Src/stm32f1xx_hal_spi.d" -MT"Drivers/STM32F1xx_HAL_Driver/Src/stm32f1xx_hal_spi.o" --specs=nano.specs -mfloat-abi=soft -mthumb -o "Drivers/STM32F1xx_HAL_Driver/Src/stm32f1xx_hal_spi.o"
arm-none-eabi-gcc "../Drivers/STM32F1xx_HAL_Driver/Src/stm32f1xx_hal_spi_ex.c" -mcpu=cortex-m3 -std=gnu11 -g3 -DUSE_HAL_DRIVER -DSTM32F103xB -DDEBUG -c -I../Inc -I../Drivers/CMSIS/Device/ST/STM32F1xx/Include -I../Drivers/CMSIS/Include -I../Drivers/STM32F1xx_HAL_Driver/Inc/Legacy -I../Drivers/STM32F1xx_HAL_Driver/Inc -O0 -ffunction-sections -fdata-sections -Wall -fstack-usage -MMD -MP -MF"Drivers/STM32F1xx_HAL_Driver/Src/stm32f1xx_hal_spi_ex.d" -MT"Drivers/STM32F1xx_HAL_Driver/Src/stm32f1xx_hal_spi_ex.o" --specs=nano.specs -mfloat-abi=soft -mthumb -o "Drivers/STM32F1xx_HAL_Driver/Src/stm32f1xx_hal_spi_ex.o"
arm-none-eabi-g++ -o "TFT_Test.elf" @"objects.list"   -mcpu=cortex-m3 -T"C:\Users\Afonso Muralha\Documents\GitHub\Gif-Player-Badge\Code\TFT_Test\STM32F103C8TX_FLASH.ld" --specs=nosys.specs -Wl,-Map="TFT_Test.map" -Wl,--gc-sections -static --specs=nano.specs -mfloat-abi=soft -mthumb -Wl,--start-group -lc -lm -lstdc++ -lsupc++ -Wl,--end-group
Finished building target: TFT_Test.elf
 
arm-none-eabi-objdump -h -S  TFT_Test.elf  > "TFT_Test.list"
arm-none-eabi-size   TFT_Test.elf 
   text	   data	    bss	    dec	    hex	filename
   6200	     20	   1660	   7880	   1ec8	TFT_Test.elf
Finished building: default.size.stdout
 
Finished building: TFT_Test.list
 
12:31:43 **** Incremental Build of configuration Debug for project TFT_Test ****
make -j4 all 
arm-none-eabi-size   TFT_Test.elf 
   text	   data	    bss	    dec	    hex	filename
   6200	     20	   1660	   7880	   1ec8	TFT_Test.elf
Finished building: default.size.stdout
 
12:32:33 **** Incremental Build of configuration Debug for project TFT_Test ****
make -j4 all 
arm-none-eabi-size   TFT_Test.elf 
   text	   data	    bss	    dec	    hex	filename
   6200	     20	   1660	   7880	   1ec8	TFT_Test.elf
Finished building: default.size.stdout
 
12:39:39 **** Incremental Build of configuration Debug for project TFT_Test ****
make -j4 all 
arm-none-eabi-size   TFT_Test.elf 
   text	   data	    bss	    dec	    hex	filename
   6200	     20	   1660	   7880	   1ec8	TFT_Test.elf
Finished building: default.size.stdout
 
12:41:19 **** Incremental Build of configuration Debug for project TFT_Test ****
make -j4 all 
arm-none-eabi-gcc "../Src/main.c" -mcpu=cortex-m3 -std=gnu11 -g3 -DUSE_HAL_DRIVER -DSTM32F103xB -DDEBUG -c -I../Inc -I../Drivers/CMSIS/Device/ST/STM32F1xx/Include -I../Drivers/CMSIS/Include -I../Drivers/STM32F1xx_HAL_Driver/Inc/Legacy -I../Drivers/STM32F1xx_HAL_Driver/Inc -O0 -ffunction-sections -fdata-sections -Wall -fstack-usage -MMD -MP -MF"Src/main.d" -MT"Src/main.o" --specs=nano.specs -mfloat-abi=soft -mthumb -o "Src/main.o"
arm-none-eabi-g++ -o "TFT_Test.elf" @"objects.list"   -mcpu=cortex-m3 -T"C:\Users\Afonso Muralha\Documents\GitHub\Gif-Player-Badge\Code\TFT_Test\STM32F103C8TX_FLASH.ld" --specs=nosys.specs -Wl,-Map="TFT_Test.map" -Wl,--gc-sections -static --specs=nano.specs -mfloat-abi=soft -mthumb -Wl,--start-group -lc -lm -lstdc++ -lsupc++ -Wl,--end-group
Finished building target: TFT_Test.elf
 
arm-none-eabi-objdump -h -S  TFT_Test.elf  > "TFT_Test.list"
arm-none-eabi-size   TFT_Test.elf 
   text	   data	    bss	    dec	    hex	filename
   6224	     20	   1660	   7904	   1ee0	TFT_Test.elf
Finished building: default.size.stdout
 
Finished building: TFT_Test.list
 
12:43:01 **** Incremental Build of configuration Debug for project TFT_Test ****
make -j4 all 
arm-none-eabi-size   TFT_Test.elf 
   text	   data	    bss	    dec	    hex	filename
   6224	     20	   1660	   7904	   1ee0	TFT_Test.elf
Finished building: default.size.stdout
 
12:43:38 **** Incremental Build of configuration Debug for project TFT_Test ****
make -j4 all 
arm-none-eabi-size   TFT_Test.elf 
   text	   data	    bss	    dec	    hex	filename
   6224	     20	   1660	   7904	   1ee0	TFT_Test.elf
Finished building: default.size.stdout
 
12:45:40 **** Incremental Build of configuration Debug for project TFT_Test ****
make -j4 all 
arm-none-eabi-size   TFT_Test.elf 
   text	   data	    bss	    dec	    hex	filename
   6224	     20	   1660	   7904	   1ee0	TFT_Test.elf
Finished building: default.size.stdout
 
12:45:50 **** Incremental Build of configuration Debug for project TFT_Test ****
make -j4 all 
arm-none-eabi-size   TFT_Test.elf 
   text	   data	    bss	    dec	    hex	filename
   6224	     20	   1660	   7904	   1ee0	TFT_Test.elf
Finished building: default.size.stdout
 
12:47:34 **** Incremental Build of configuration Debug for project TFT_Test ****
make -j4 all 
arm-none-eabi-size   TFT_Test.elf 
   text	   data	    bss	    dec	    hex	filename
   6224	     20	   1660	   7904	   1ee0	TFT_Test.elf
Finished building: default.size.stdout
 
12:48:40 **** Incremental Build of configuration Debug for project TFT_Test ****
make -j4 all 
arm-none-eabi-size   TFT_Test.elf 
   text	   data	    bss	    dec	    hex	filename
   6224	     20	   1660	   7904	   1ee0	TFT_Test.elf
Finished building: default.size.stdout
 
12:49:12 **** Incremental Build of configuration Debug for project TFT_Test ****
make -j4 all 
arm-none-eabi-size   TFT_Test.elf 
   text	   data	    bss	    dec	    hex	filename
   6224	     20	   1660	   7904	   1ee0	TFT_Test.elf
Finished building: default.size.stdout
 
12:49:38 **** Incremental Build of configuration Debug for project TFT_Test ****
make -j4 all 
arm-none-eabi-size   TFT_Test.elf 
   text	   data	    bss	    dec	    hex	filename
   6224	     20	   1660	   7904	   1ee0	TFT_Test.elf
Finished building: default.size.stdout
 
12:51:20 **** Incremental Build of configuration Debug for project TFT_Test ****
make -j4 all 
arm-none-eabi-gcc "../Src/main.c" -mcpu=cortex-m3 -std=gnu11 -g3 -DUSE_HAL_DRIVER -DSTM32F103xB -DDEBUG -c -I../Inc -I../Drivers/CMSIS/Device/ST/STM32F1xx/Include -I../Drivers/CMSIS/Include -I../Drivers/STM32F1xx_HAL_Driver/Inc/Legacy -I../Drivers/STM32F1xx_HAL_Driver/Inc -O0 -ffunction-sections -fdata-sections -Wall -fstack-usage -MMD -MP -MF"Src/main.d" -MT"Src/main.o" --specs=nano.specs -mfloat-abi=soft -mthumb -o "Src/main.o"
arm-none-eabi-g++ -o "TFT_Test.elf" @"objects.list"   -mcpu=cortex-m3 -T"C:\Users\Afonso Muralha\Documents\GitHub\Gif-Player-Badge\Code\TFT_Test\STM32F103C8TX_FLASH.ld" --specs=nosys.specs -Wl,-Map="TFT_Test.map" -Wl,--gc-sections -static --specs=nano.specs -mfloat-abi=soft -mthumb -Wl,--start-group -lc -lm -lstdc++ -lsupc++ -Wl,--end-group
Finished building target: TFT_Test.elf
 
arm-none-eabi-objdump -h -S  TFT_Test.elf  > "TFT_Test.list"
arm-none-eabi-size   TFT_Test.elf 
   text	   data	    bss	    dec	    hex	filename
   6224	     20	   1660	   7904	   1ee0	TFT_Test.elf
Finished building: default.size.stdout
 
Finished building: TFT_Test.list
 
12:53:04 **** Incremental Build of configuration Debug for project TFT_Test ****
make -j4 all 
arm-none-eabi-size   TFT_Test.elf 
   text	   data	    bss	    dec	    hex	filename
   6224	     20	   1660	   7904	   1ee0	TFT_Test.elf
Finished building: default.size.stdout
 
13:08:14 **** Incremental Build of configuration Debug for project TFT_Test ****
make -j4 all 
arm-none-eabi-size   TFT_Test.elf 
   text	   data	    bss	    dec	    hex	filename
   6224	     20	   1660	   7904	   1ee0	TFT_Test.elf
Finished building: default.size.stdout
 
13:13:19 **** Incremental Build of configuration Debug for project TFT_Test ****
make -j4 all 
arm-none-eabi-size   TFT_Test.elf 
   text	   data	    bss	    dec	    hex	filename
   6224	     20	   1660	   7904	   1ee0	TFT_Test.elf
Finished building: default.size.stdout
 
13:13:40 **** Incremental Build of configuration Debug for project TFT_Test ****
make -j4 all 
arm-none-eabi-size   TFT_Test.elf 
   text	   data	    bss	    dec	    hex	filename
   6224	     20	   1660	   7904	   1ee0	TFT_Test.elf
Finished building: default.size.stdout
 
13:17:27 **** Incremental Build of configuration Debug for project TFT_Test ****
make -j4 all 
arm-none-eabi-gcc "../Src/main.c" -mcpu=cortex-m3 -std=gnu11 -g3 -DUSE_HAL_DRIVER -DSTM32F103xB -DDEBUG -c -I../Inc -I../Drivers/CMSIS/Device/ST/STM32F1xx/Include -I../Drivers/CMSIS/Include -I../Drivers/STM32F1xx_HAL_Driver/Inc/Legacy -I../Drivers/STM32F1xx_HAL_Driver/Inc -O0 -ffunction-sections -fdata-sections -Wall -fstack-usage -MMD -MP -MF"Src/main.d" -MT"Src/main.o" --specs=nano.specs -mfloat-abi=soft -mthumb -o "Src/main.o"
../Src/main.c: In function 'SPI_SendCmd':
../Src/main.c:65:27: warning: passing argument 2 of 'HAL_SPI_Transmit' makes pointer from integer without a cast [-Wint-conversion]
  HAL_SPI_Transmit(&hspi1, (uint8_t)cmd, 1, 0xFFFFFFFFU);
                           ^
In file included from ../Inc/stm32f1xx_hal_conf.h:311:0,
                 from ../Drivers/STM32F1xx_HAL_Driver/Inc/stm32f1xx_hal.h:46,
                 from ../Inc/main.h:31,
                 from ../Src/main.c:22:
../Drivers/STM32F1xx_HAL_Driver/Inc/stm32f1xx_hal_spi.h:437:19: note: expected 'uint8_t * {aka unsigned char *}' but argument is of type 'unsigned char'
 HAL_StatusTypeDef HAL_SPI_Transmit(SPI_HandleTypeDef *hspi, uint8_t *pData, uint16_t Size, uint32_t Timeout);
                   ^~~~~~~~~~~~~~~~
../Src/main.c: In function 'main':
../Src/main.c:108:4: warning: statement with no effect [-Wunused-value]
    for(i ; i<98 ; i++){
    ^~~
../Src/main.c:109:17: error: 'init_commands' undeclared (first use in this function)
     SPI_SendCmd(init_commands[i]);
                 ^~~~~~~~~~~~~
../Src/main.c:109:17: note: each undeclared identifier is reported only once for each function it appears in
make: *** [Src/subdir.mk:33: Src/main.o] Error 1
"make -j4 all" terminated with exit code 2. Build might be incomplete.
13:18:25 **** Incremental Build of configuration Debug for project TFT_Test ****
make -j4 all 
arm-none-eabi-gcc "../Src/main.c" -mcpu=cortex-m3 -std=gnu11 -g3 -DUSE_HAL_DRIVER -DSTM32F103xB -DDEBUG -c -I../Inc -I../Drivers/CMSIS/Device/ST/STM32F1xx/Include -I../Drivers/CMSIS/Include -I../Drivers/STM32F1xx_HAL_Driver/Inc/Legacy -I../Drivers/STM32F1xx_HAL_Driver/Inc -O0 -ffunction-sections -fdata-sections -Wall -fstack-usage -MMD -MP -MF"Src/main.d" -MT"Src/main.o" --specs=nano.specs -mfloat-abi=soft -mthumb -o "Src/main.o"
../Src/main.c: In function 'SPI_SendCmd':
../Src/main.c:102:27: warning: passing argument 2 of 'HAL_SPI_Transmit' makes pointer from integer without a cast [-Wint-conversion]
  HAL_SPI_Transmit(&hspi1, (uint8_t)cmd, 1, 0xFFFFFFFFU);
                           ^
In file included from ../Inc/stm32f1xx_hal_conf.h:311:0,
                 from ../Drivers/STM32F1xx_HAL_Driver/Inc/stm32f1xx_hal.h:46,
                 from ../Inc/main.h:31,
                 from ../Src/main.c:22:
../Drivers/STM32F1xx_HAL_Driver/Inc/stm32f1xx_hal_spi.h:437:19: note: expected 'uint8_t * {aka unsigned char *}' but argument is of type 'unsigned char'
 HAL_StatusTypeDef HAL_SPI_Transmit(SPI_HandleTypeDef *hspi, uint8_t *pData, uint16_t Size, uint32_t Timeout);
                   ^~~~~~~~~~~~~~~~
../Src/main.c: In function 'main':
../Src/main.c:145:4: warning: statement with no effect [-Wunused-value]
    for(i ; i<98 ; i++){
    ^~~
arm-none-eabi-g++ -o "TFT_Test.elf" @"objects.list"   -mcpu=cortex-m3 -T"C:\Users\Afonso Muralha\Documents\GitHub\Gif-Player-Badge\Code\TFT_Test\STM32F103C8TX_FLASH.ld" --specs=nosys.specs -Wl,-Map="TFT_Test.map" -Wl,--gc-sections -static --specs=nano.specs -mfloat-abi=soft -mthumb -Wl,--start-group -lc -lm -lstdc++ -lsupc++ -Wl,--end-group
Finished building target: TFT_Test.elf
 
arm-none-eabi-objdump -h -S  TFT_Test.elf  > "TFT_Test.list"
arm-none-eabi-size   TFT_Test.elf 
   text	   data	    bss	    dec	    hex	filename
   6152	     20	   1660	   7832	   1e98	TFT_Test.elf
Finished building: default.size.stdout
 
Finished building: TFT_Test.list
 
13:21:23 **** Incremental Build of configuration Debug for project TFT_Test ****
make -j4 all 
arm-none-eabi-gcc "../Src/main.c" -mcpu=cortex-m3 -std=gnu11 -g3 -DUSE_HAL_DRIVER -DSTM32F103xB -DDEBUG -c -I../Inc -I../Drivers/CMSIS/Device/ST/STM32F1xx/Include -I../Drivers/CMSIS/Include -I../Drivers/STM32F1xx_HAL_Driver/Inc/Legacy -I../Drivers/STM32F1xx_HAL_Driver/Inc -O0 -ffunction-sections -fdata-sections -Wall -fstack-usage -MMD -MP -MF"Src/main.d" -MT"Src/main.o" --specs=nano.specs -mfloat-abi=soft -mthumb -o "Src/main.o"
../Src/main.c: In function 'SPI_SendCmd':
../Src/main.c:102:27: warning: passing argument 2 of 'HAL_SPI_Transmit' makes pointer from integer without a cast [-Wint-conversion]
  HAL_SPI_Transmit(&hspi1, (uint8_t)cmd, 1, 0xFFFFFFFFU);
                           ^
In file included from ../Inc/stm32f1xx_hal_conf.h:311:0,
                 from ../Drivers/STM32F1xx_HAL_Driver/Inc/stm32f1xx_hal.h:46,
                 from ../Inc/main.h:31,
                 from ../Src/main.c:22:
../Drivers/STM32F1xx_HAL_Driver/Inc/stm32f1xx_hal_spi.h:437:19: note: expected 'uint8_t * {aka unsigned char *}' but argument is of type 'unsigned char'
 HAL_StatusTypeDef HAL_SPI_Transmit(SPI_HandleTypeDef *hspi, uint8_t *pData, uint16_t Size, uint32_t Timeout);
                   ^~~~~~~~~~~~~~~~
../Src/main.c: In function 'main':
../Src/main.c:145:4: warning: statement with no effect [-Wunused-value]
    for(i ; i<98 ; i++){
    ^~~
../Src/main.c:147:30: warning: passing argument 2 of 'HAL_SPI_Transmit' makes pointer from integer without a cast [-Wint-conversion]
     HAL_SPI_Transmit(&hspi1, init_commands[i], 1, 100);
                              ^~~~~~~~~~~~~
In file included from ../Inc/stm32f1xx_hal_conf.h:311:0,
                 from ../Drivers/STM32F1xx_HAL_Driver/Inc/stm32f1xx_hal.h:46,
                 from ../Inc/main.h:31,
                 from ../Src/main.c:22:
../Drivers/STM32F1xx_HAL_Driver/Inc/stm32f1xx_hal_spi.h:437:19: note: expected 'uint8_t * {aka unsigned char *}' but argument is of type 'uint8_t {aka const unsigned char}'
 HAL_StatusTypeDef HAL_SPI_Transmit(SPI_HandleTypeDef *hspi, uint8_t *pData, uint16_t Size, uint32_t Timeout);
                   ^~~~~~~~~~~~~~~~
arm-none-eabi-g++ -o "TFT_Test.elf" @"objects.list"   -mcpu=cortex-m3 -T"C:\Users\Afonso Muralha\Documents\GitHub\Gif-Player-Badge\Code\TFT_Test\STM32F103C8TX_FLASH.ld" --specs=nosys.specs -Wl,-Map="TFT_Test.map" -Wl,--gc-sections -static --specs=nano.specs -mfloat-abi=soft -mthumb -Wl,--start-group -lc -lm -lstdc++ -lsupc++ -Wl,--end-group
Finished building target: TFT_Test.elf
 
arm-none-eabi-objdump -h -S  TFT_Test.elf  > "TFT_Test.list"
arm-none-eabi-size   TFT_Test.elf 
   text	   data	    bss	    dec	    hex	filename
   6120	     20	   1660	   7800	   1e78	TFT_Test.elf
Finished building: default.size.stdout
 
Finished building: TFT_Test.list
 
13:26:14 **** Incremental Build of configuration Debug for project TFT_Test ****
make -j4 all 
arm-none-eabi-gcc "../Src/main.c" -mcpu=cortex-m3 -std=gnu11 -g3 -DUSE_HAL_DRIVER -DSTM32F103xB -DDEBUG -c -I../Inc -I../Drivers/CMSIS/Device/ST/STM32F1xx/Include -I../Drivers/CMSIS/Include -I../Drivers/STM32F1xx_HAL_Driver/Inc/Legacy -I../Drivers/STM32F1xx_HAL_Driver/Inc -O0 -ffunction-sections -fdata-sections -Wall -fstack-usage -MMD -MP -MF"Src/main.d" -MT"Src/main.o" --specs=nano.specs -mfloat-abi=soft -mthumb -o "Src/main.o"
../Src/main.c: In function 'SPI_SendCmd':
../Src/main.c:102:27: warning: passing argument 2 of 'HAL_SPI_Transmit' makes pointer from integer without a cast [-Wint-conversion]
  HAL_SPI_Transmit(&hspi1, (uint8_t)cmd, 1, 0xFFFFFFFFU);
                           ^
In file included from ../Inc/stm32f1xx_hal_conf.h:311:0,
                 from ../Drivers/STM32F1xx_HAL_Driver/Inc/stm32f1xx_hal.h:46,
                 from ../Inc/main.h:31,
                 from ../Src/main.c:22:
../Drivers/STM32F1xx_HAL_Driver/Inc/stm32f1xx_hal_spi.h:437:19: note: expected 'uint8_t * {aka unsigned char *}' but argument is of type 'unsigned char'
 HAL_StatusTypeDef HAL_SPI_Transmit(SPI_HandleTypeDef *hspi, uint8_t *pData, uint16_t Size, uint32_t Timeout);
                   ^~~~~~~~~~~~~~~~
../Src/main.c: In function 'main':
../Src/main.c:160:29: warning: passing argument 2 of 'HAL_SPI_Transmit' makes pointer from integer without a cast [-Wint-conversion]
    HAL_SPI_Transmit(&hspi1, (uint8_t)6, 1, 100);
                             ^
In file included from ../Inc/stm32f1xx_hal_conf.h:311:0,
                 from ../Drivers/STM32F1xx_HAL_Driver/Inc/stm32f1xx_hal.h:46,
                 from ../Inc/main.h:31,
                 from ../Src/main.c:22:
../Drivers/STM32F1xx_HAL_Driver/Inc/stm32f1xx_hal_spi.h:437:19: note: expected 'uint8_t * {aka unsigned char *}' but argument is of type 'unsigned char'
 HAL_StatusTypeDef HAL_SPI_Transmit(SPI_HandleTypeDef *hspi, uint8_t *pData, uint16_t Size, uint32_t Timeout);
                   ^~~~~~~~~~~~~~~~
../Src/main.c:144:12: warning: unused variable 'i' [-Wunused-variable]
   uint16_t i = 0;
            ^
At top level:
../Src/main.c:27:22: warning: 'init_commands' defined but not used [-Wunused-const-variable=]
 static const uint8_t init_commands[] = {
                      ^~~~~~~~~~~~~
arm-none-eabi-g++ -o "TFT_Test.elf" @"objects.list"   -mcpu=cortex-m3 -T"C:\Users\Afonso Muralha\Documents\GitHub\Gif-Player-Badge\Code\TFT_Test\STM32F103C8TX_FLASH.ld" --specs=nosys.specs -Wl,-Map="TFT_Test.map" -Wl,--gc-sections -static --specs=nano.specs -mfloat-abi=soft -mthumb -Wl,--start-group -lc -lm -lstdc++ -lsupc++ -Wl,--end-group
Finished building target: TFT_Test.elf
 
arm-none-eabi-objdump -h -S  TFT_Test.elf  > "TFT_Test.list"
arm-none-eabi-size   TFT_Test.elf 
   text	   data	    bss	    dec	    hex	filename
   6072	     20	   1660	   7752	   1e48	TFT_Test.elf
Finished building: default.size.stdout
 
Finished building: TFT_Test.list
 
13:28:17 **** Incremental Build of configuration Debug for project TFT_Test ****
make -j4 all 
arm-none-eabi-gcc "../Src/main.c" -mcpu=cortex-m3 -std=gnu11 -g3 -DUSE_HAL_DRIVER -DSTM32F103xB -DDEBUG -c -I../Inc -I../Drivers/CMSIS/Device/ST/STM32F1xx/Include -I../Drivers/CMSIS/Include -I../Drivers/STM32F1xx_HAL_Driver/Inc/Legacy -I../Drivers/STM32F1xx_HAL_Driver/Inc -O0 -ffunction-sections -fdata-sections -Wall -fstack-usage -MMD -MP -MF"Src/main.d" -MT"Src/main.o" --specs=nano.specs -mfloat-abi=soft -mthumb -o "Src/main.o"
../Src/main.c: In function 'SPI_SendCmd':
../Src/main.c:102:27: warning: passing argument 2 of 'HAL_SPI_Transmit' makes pointer from integer without a cast [-Wint-conversion]
  HAL_SPI_Transmit(&hspi1, (uint8_t)cmd, 1, 0xFFFFFFFFU);
                           ^
In file included from ../Inc/stm32f1xx_hal_conf.h:311:0,
                 from ../Drivers/STM32F1xx_HAL_Driver/Inc/stm32f1xx_hal.h:46,
                 from ../Inc/main.h:31,
                 from ../Src/main.c:22:
../Drivers/STM32F1xx_HAL_Driver/Inc/stm32f1xx_hal_spi.h:437:19: note: expected 'uint8_t * {aka unsigned char *}' but argument is of type 'unsigned char'
 HAL_StatusTypeDef HAL_SPI_Transmit(SPI_HandleTypeDef *hspi, uint8_t *pData, uint16_t Size, uint32_t Timeout);
                   ^~~~~~~~~~~~~~~~
../Src/main.c: In function 'main':
../Src/main.c:162:29: warning: passing argument 2 of 'HAL_SPI_Transmit' makes pointer from integer without a cast [-Wint-conversion]
    HAL_SPI_Transmit(&hspi1, (uint8_t)6, 1, 100);
                             ^
In file included from ../Inc/stm32f1xx_hal_conf.h:311:0,
                 from ../Drivers/STM32F1xx_HAL_Driver/Inc/stm32f1xx_hal.h:46,
                 from ../Inc/main.h:31,
                 from ../Src/main.c:22:
../Drivers/STM32F1xx_HAL_Driver/Inc/stm32f1xx_hal_spi.h:437:19: note: expected 'uint8_t * {aka unsigned char *}' but argument is of type 'unsigned char'
 HAL_StatusTypeDef HAL_SPI_Transmit(SPI_HandleTypeDef *hspi, uint8_t *pData, uint16_t Size, uint32_t Timeout);
                   ^~~~~~~~~~~~~~~~
../Src/main.c:144:12: warning: unused variable 'i' [-Wunused-variable]
   uint16_t i = 0;
            ^
At top level:
../Src/main.c:27:22: warning: 'init_commands' defined but not used [-Wunused-const-variable=]
 static const uint8_t init_commands[] = {
                      ^~~~~~~~~~~~~
arm-none-eabi-g++ -o "TFT_Test.elf" @"objects.list"   -mcpu=cortex-m3 -T"C:\Users\Afonso Muralha\Documents\GitHub\Gif-Player-Badge\Code\TFT_Test\STM32F103C8TX_FLASH.ld" --specs=nosys.specs -Wl,-Map="TFT_Test.map" -Wl,--gc-sections -static --specs=nano.specs -mfloat-abi=soft -mthumb -Wl,--start-group -lc -lm -lstdc++ -lsupc++ -Wl,--end-group
Finished building target: TFT_Test.elf
 
arm-none-eabi-objdump -h -S  TFT_Test.elf  > "TFT_Test.list"
arm-none-eabi-size   TFT_Test.elf 
   text	   data	    bss	    dec	    hex	filename
   6092	     20	   1660	   7772	   1e5c	TFT_Test.elf
Finished building: default.size.stdout
 
Finished building: TFT_Test.list
 
13:30:01 **** Incremental Build of configuration Debug for project TFT_Test ****
make -j4 all 
arm-none-eabi-gcc "../Src/main.c" -mcpu=cortex-m3 -std=gnu11 -g3 -DUSE_HAL_DRIVER -DSTM32F103xB -DDEBUG -c -I../Inc -I../Drivers/CMSIS/Device/ST/STM32F1xx/Include -I../Drivers/CMSIS/Include -I../Drivers/STM32F1xx_HAL_Driver/Inc/Legacy -I../Drivers/STM32F1xx_HAL_Driver/Inc -O0 -ffunction-sections -fdata-sections -Wall -fstack-usage -MMD -MP -MF"Src/main.d" -MT"Src/main.o" --specs=nano.specs -mfloat-abi=soft -mthumb -o "Src/main.o"
../Src/main.c: In function 'SPI_SendCmd':
../Src/main.c:102:27: warning: passing argument 2 of 'HAL_SPI_Transmit' makes pointer from integer without a cast [-Wint-conversion]
  HAL_SPI_Transmit(&hspi1, (uint8_t)cmd, 1, 0xFFFFFFFFU);
                           ^
In file included from ../Inc/stm32f1xx_hal_conf.h:311:0,
                 from ../Drivers/STM32F1xx_HAL_Driver/Inc/stm32f1xx_hal.h:46,
                 from ../Inc/main.h:31,
                 from ../Src/main.c:22:
../Drivers/STM32F1xx_HAL_Driver/Inc/stm32f1xx_hal_spi.h:437:19: note: expected 'uint8_t * {aka unsigned char *}' but argument is of type 'unsigned char'
 HAL_StatusTypeDef HAL_SPI_Transmit(SPI_HandleTypeDef *hspi, uint8_t *pData, uint16_t Size, uint32_t Timeout);
                   ^~~~~~~~~~~~~~~~
../Src/main.c: In function 'main':
../Src/main.c:144:12: warning: unused variable 'i' [-Wunused-variable]
   uint16_t i = 0;
            ^
At top level:
../Src/main.c:27:22: warning: 'init_commands' defined but not used [-Wunused-const-variable=]
 static const uint8_t init_commands[] = {
                      ^~~~~~~~~~~~~
arm-none-eabi-g++ -o "TFT_Test.elf" @"objects.list"   -mcpu=cortex-m3 -T"C:\Users\Afonso Muralha\Documents\GitHub\Gif-Player-Badge\Code\TFT_Test\STM32F103C8TX_FLASH.ld" --specs=nosys.specs -Wl,-Map="TFT_Test.map" -Wl,--gc-sections -static --specs=nano.specs -mfloat-abi=soft -mthumb -Wl,--start-group -lc -lm -lstdc++ -lsupc++ -Wl,--end-group
Finished building target: TFT_Test.elf
 
arm-none-eabi-objdump -h -S  TFT_Test.elf  > "TFT_Test.list"
arm-none-eabi-size   TFT_Test.elf 
   text	   data	    bss	    dec	    hex	filename
   6092	     20	   1660	   7772	   1e5c	TFT_Test.elf
Finished building: default.size.stdout
 
Finished building: TFT_Test.list
 
13:32:46 **** Incremental Build of configuration Debug for project TFT_Test ****
make -j4 all 
arm-none-eabi-gcc "../Src/main.c" -mcpu=cortex-m3 -std=gnu11 -g3 -DUSE_HAL_DRIVER -DSTM32F103xB -DDEBUG -c -I../Inc -I../Drivers/CMSIS/Device/ST/STM32F1xx/Include -I../Drivers/CMSIS/Include -I../Drivers/STM32F1xx_HAL_Driver/Inc/Legacy -I../Drivers/STM32F1xx_HAL_Driver/Inc -O0 -ffunction-sections -fdata-sections -Wall -fstack-usage -MMD -MP -MF"Src/main.d" -MT"Src/main.o" --specs=nano.specs -mfloat-abi=soft -mthumb -o "Src/main.o"
../Src/main.c: In function 'SPI_SendCmd':
../Src/main.c:102:27: warning: passing argument 2 of 'HAL_SPI_Transmit' makes pointer from integer without a cast [-Wint-conversion]
  HAL_SPI_Transmit(&hspi1, (uint8_t)cmd, 1, 0xFFFFFFFFU);
                           ^
In file included from ../Inc/stm32f1xx_hal_conf.h:311:0,
                 from ../Drivers/STM32F1xx_HAL_Driver/Inc/stm32f1xx_hal.h:46,
                 from ../Inc/main.h:31,
                 from ../Src/main.c:22:
../Drivers/STM32F1xx_HAL_Driver/Inc/stm32f1xx_hal_spi.h:437:19: note: expected 'uint8_t * {aka unsigned char *}' but argument is of type 'unsigned char'
 HAL_StatusTypeDef HAL_SPI_Transmit(SPI_HandleTypeDef *hspi, uint8_t *pData, uint16_t Size, uint32_t Timeout);
                   ^~~~~~~~~~~~~~~~
../Src/main.c: In function 'main':
../Src/main.c:150:3: error: unknown type name 'u8int_t'; did you mean 'u_int8_t'?
   u8int_t txbuffer[2] = {6, 6};
   ^~~~~~~
   u_int8_t
../Src/main.c:144:12: warning: unused variable 'i' [-Wunused-variable]
   uint16_t i = 0;
            ^
At top level:
../Src/main.c:27:22: warning: 'init_commands' defined but not used [-Wunused-const-variable=]
 static const uint8_t init_commands[] = {
                      ^~~~~~~~~~~~~
make: *** [Src/subdir.mk:33: Src/main.o] Error 1
"make -j4 all" terminated with exit code 2. Build might be incomplete.
13:33:17 **** Incremental Build of configuration Debug for project TFT_Test ****
make -j4 all 
arm-none-eabi-gcc "../Src/main.c" -mcpu=cortex-m3 -std=gnu11 -g3 -DUSE_HAL_DRIVER -DSTM32F103xB -DDEBUG -c -I../Inc -I../Drivers/CMSIS/Device/ST/STM32F1xx/Include -I../Drivers/CMSIS/Include -I../Drivers/STM32F1xx_HAL_Driver/Inc/Legacy -I../Drivers/STM32F1xx_HAL_Driver/Inc -O0 -ffunction-sections -fdata-sections -Wall -fstack-usage -MMD -MP -MF"Src/main.d" -MT"Src/main.o" --specs=nano.specs -mfloat-abi=soft -mthumb -o "Src/main.o"
../Src/main.c: In function 'SPI_SendCmd':
../Src/main.c:102:27: warning: passing argument 2 of 'HAL_SPI_Transmit' makes pointer from integer without a cast [-Wint-conversion]
  HAL_SPI_Transmit(&hspi1, (uint8_t)cmd, 1, 0xFFFFFFFFU);
                           ^
In file included from ../Inc/stm32f1xx_hal_conf.h:311:0,
                 from ../Drivers/STM32F1xx_HAL_Driver/Inc/stm32f1xx_hal.h:46,
                 from ../Inc/main.h:31,
                 from ../Src/main.c:22:
../Drivers/STM32F1xx_HAL_Driver/Inc/stm32f1xx_hal_spi.h:437:19: note: expected 'uint8_t * {aka unsigned char *}' but argument is of type 'unsigned char'
 HAL_StatusTypeDef HAL_SPI_Transmit(SPI_HandleTypeDef *hspi, uint8_t *pData, uint16_t Size, uint32_t Timeout);
                   ^~~~~~~~~~~~~~~~
../Src/main.c: In function 'main':
../Src/main.c:162:29: warning: cast to pointer from integer of different size [-Wint-to-pointer-cast]
    HAL_SPI_Transmit(&hspi1, (uint8_t*)txbuffer[1], 1, 100);
                             ^
../Src/main.c:144:12: warning: unused variable 'i' [-Wunused-variable]
   uint16_t i = 0;
            ^
At top level:
../Src/main.c:27:22: warning: 'init_commands' defined but not used [-Wunused-const-variable=]
 static const uint8_t init_commands[] = {
                      ^~~~~~~~~~~~~
arm-none-eabi-g++ -o "TFT_Test.elf" @"objects.list"   -mcpu=cortex-m3 -T"C:\Users\Afonso Muralha\Documents\GitHub\Gif-Player-Badge\Code\TFT_Test\STM32F103C8TX_FLASH.ld" --specs=nosys.specs -Wl,-Map="TFT_Test.map" -Wl,--gc-sections -static --specs=nano.specs -mfloat-abi=soft -mthumb -Wl,--start-group -lc -lm -lstdc++ -lsupc++ -Wl,--end-group
Finished building target: TFT_Test.elf
 
arm-none-eabi-objdump -h -S  TFT_Test.elf  > "TFT_Test.list"
arm-none-eabi-size   TFT_Test.elf 
   text	   data	    bss	    dec	    hex	filename
   6108	     20	   1660	   7788	   1e6c	TFT_Test.elf
Finished building: default.size.stdout
 
Finished building: TFT_Test.list
 
14:31:01 **** Incremental Build of configuration Debug for project TFT_Test ****
make -j4 all 
arm-none-eabi-gcc "../Src/main.c" -mcpu=cortex-m3 -std=gnu11 -g3 -DUSE_HAL_DRIVER -DSTM32F103xB -DDEBUG -c -I../Inc -I../Drivers/CMSIS/Device/ST/STM32F1xx/Include -I../Drivers/CMSIS/Include -I../Drivers/STM32F1xx_HAL_Driver/Inc/Legacy -I../Drivers/STM32F1xx_HAL_Driver/Inc -O0 -ffunction-sections -fdata-sections -Wall -fstack-usage -MMD -MP -MF"Src/main.d" -MT"Src/main.o" --specs=nano.specs -mfloat-abi=soft -mthumb -o "Src/main.o"
../Src/main.c: In function 'SPI_SendCmd':
../Src/main.c:102:27: warning: passing argument 2 of 'HAL_SPI_Transmit' makes pointer from integer without a cast [-Wint-conversion]
  HAL_SPI_Transmit(&hspi1, (uint8_t)cmd, 1, 0xFFFFFFFFU);
                           ^
In file included from ../Inc/stm32f1xx_hal_conf.h:311:0,
                 from ../Drivers/STM32F1xx_HAL_Driver/Inc/stm32f1xx_hal.h:46,
                 from ../Inc/main.h:31,
                 from ../Src/main.c:22:
../Drivers/STM32F1xx_HAL_Driver/Inc/stm32f1xx_hal_spi.h:437:19: note: expected 'uint8_t * {aka unsigned char *}' but argument is of type 'unsigned char'
 HAL_StatusTypeDef HAL_SPI_Transmit(SPI_HandleTypeDef *hspi, uint8_t *pData, uint16_t Size, uint32_t Timeout);
                   ^~~~~~~~~~~~~~~~
../Src/main.c: In function 'main':
../Src/main.c:162:29: warning: passing argument 2 of 'HAL_SPI_Transmit' makes pointer from integer without a cast [-Wint-conversion]
    HAL_SPI_Transmit(&hspi1, (uint8_t)txbuffer[1], 1, 100);
                             ^
In file included from ../Inc/stm32f1xx_hal_conf.h:311:0,
                 from ../Drivers/STM32F1xx_HAL_Driver/Inc/stm32f1xx_hal.h:46,
                 from ../Inc/main.h:31,
                 from ../Src/main.c:22:
../Drivers/STM32F1xx_HAL_Driver/Inc/stm32f1xx_hal_spi.h:437:19: note: expected 'uint8_t * {aka unsigned char *}' but argument is of type 'unsigned char'
 HAL_StatusTypeDef HAL_SPI_Transmit(SPI_HandleTypeDef *hspi, uint8_t *pData, uint16_t Size, uint32_t Timeout);
                   ^~~~~~~~~~~~~~~~
../Src/main.c:144:12: warning: unused variable 'i' [-Wunused-variable]
   uint16_t i = 0;
            ^
At top level:
../Src/main.c:27:22: warning: 'init_commands' defined but not used [-Wunused-const-variable=]
 static const uint8_t init_commands[] = {
                      ^~~~~~~~~~~~~
arm-none-eabi-g++ -o "TFT_Test.elf" @"objects.list"   -mcpu=cortex-m3 -T"C:\Users\Afonso Muralha\Documents\GitHub\Gif-Player-Badge\Code\TFT_Test\STM32F103C8TX_FLASH.ld" --specs=nosys.specs -Wl,-Map="TFT_Test.map" -Wl,--gc-sections -static --specs=nano.specs -mfloat-abi=soft -mthumb -Wl,--start-group -lc -lm -lstdc++ -lsupc++ -Wl,--end-group
Finished building target: TFT_Test.elf
 
arm-none-eabi-objdump -h -S  TFT_Test.elf  > "TFT_Test.list"
arm-none-eabi-size   TFT_Test.elf 
   text	   data	    bss	    dec	    hex	filename
   6072	     20	   1660	   7752	   1e48	TFT_Test.elf
Finished building: default.size.stdout
 
Finished building: TFT_Test.list
 
14:34:45 **** Incremental Build of configuration Debug for project TFT_Test ****
make -j4 all 
arm-none-eabi-gcc "../Src/main.c" -mcpu=cortex-m3 -std=gnu11 -g3 -DUSE_HAL_DRIVER -DSTM32F103xB -DDEBUG -c -I../Inc -I../Drivers/CMSIS/Device/ST/STM32F1xx/Include -I../Drivers/CMSIS/Include -I../Drivers/STM32F1xx_HAL_Driver/Inc/Legacy -I../Drivers/STM32F1xx_HAL_Driver/Inc -O0 -ffunction-sections -fdata-sections -Wall -fstack-usage -MMD -MP -MF"Src/main.d" -MT"Src/main.o" --specs=nano.specs -mfloat-abi=soft -mthumb -o "Src/main.o"
../Src/main.c: In function 'SPI_SendCmd':
../Src/main.c:102:27: warning: passing argument 2 of 'HAL_SPI_Transmit' makes pointer from integer without a cast [-Wint-conversion]
  HAL_SPI_Transmit(&hspi1, (uint8_t)cmd, 1, 0xFFFFFFFFU);
                           ^
In file included from ../Inc/stm32f1xx_hal_conf.h:311:0,
                 from ../Drivers/STM32F1xx_HAL_Driver/Inc/stm32f1xx_hal.h:46,
                 from ../Inc/main.h:31,
                 from ../Src/main.c:22:
../Drivers/STM32F1xx_HAL_Driver/Inc/stm32f1xx_hal_spi.h:437:19: note: expected 'uint8_t * {aka unsigned char *}' but argument is of type 'unsigned char'
 HAL_StatusTypeDef HAL_SPI_Transmit(SPI_HandleTypeDef *hspi, uint8_t *pData, uint16_t Size, uint32_t Timeout);
                   ^~~~~~~~~~~~~~~~
../Src/main.c: In function 'main':
../Src/main.c:162:29: warning: passing argument 2 of 'HAL_SPI_Transmit' makes pointer from integer without a cast [-Wint-conversion]
    HAL_SPI_Transmit(&hspi1, (uint8_t)0x06, sizeof(uint8_t), 99999);
                             ^
In file included from ../Inc/stm32f1xx_hal_conf.h:311:0,
                 from ../Drivers/STM32F1xx_HAL_Driver/Inc/stm32f1xx_hal.h:46,
                 from ../Inc/main.h:31,
                 from ../Src/main.c:22:
../Drivers/STM32F1xx_HAL_Driver/Inc/stm32f1xx_hal_spi.h:437:19: note: expected 'uint8_t * {aka unsigned char *}' but argument is of type 'unsigned char'
 HAL_StatusTypeDef HAL_SPI_Transmit(SPI_HandleTypeDef *hspi, uint8_t *pData, uint16_t Size, uint32_t Timeout);
                   ^~~~~~~~~~~~~~~~
../Src/main.c:150:11: warning: unused variable 'txbuffer' [-Wunused-variable]
   uint8_t txbuffer[2] = {6, 6};
           ^~~~~~~~
../Src/main.c:144:12: warning: unused variable 'i' [-Wunused-variable]
   uint16_t i = 0;
            ^
At top level:
../Src/main.c:27:22: warning: 'init_commands' defined but not used [-Wunused-const-variable=]
 static const uint8_t init_commands[] = {
                      ^~~~~~~~~~~~~
arm-none-eabi-g++ -o "TFT_Test.elf" @"objects.list"   -mcpu=cortex-m3 -T"C:\Users\Afonso Muralha\Documents\GitHub\Gif-Player-Badge\Code\TFT_Test\STM32F103C8TX_FLASH.ld" --specs=nosys.specs -Wl,-Map="TFT_Test.map" -Wl,--gc-sections -static --specs=nano.specs -mfloat-abi=soft -mthumb -Wl,--start-group -lc -lm -lstdc++ -lsupc++ -Wl,--end-group
Finished building target: TFT_Test.elf
 
arm-none-eabi-objdump -h -S  TFT_Test.elf  > "TFT_Test.list"
arm-none-eabi-size   TFT_Test.elf 
   text	   data	    bss	    dec	    hex	filename
   6072	     20	   1660	   7752	   1e48	TFT_Test.elf
Finished building: default.size.stdout
 
Finished building: TFT_Test.list
 
14:35:25 **** Incremental Build of configuration Debug for project TFT_Test ****
make -j4 all 
arm-none-eabi-gcc "../Src/main.c" -mcpu=cortex-m3 -std=gnu11 -g3 -DUSE_HAL_DRIVER -DSTM32F103xB -DDEBUG -c -I../Inc -I../Drivers/CMSIS/Device/ST/STM32F1xx/Include -I../Drivers/CMSIS/Include -I../Drivers/STM32F1xx_HAL_Driver/Inc/Legacy -I../Drivers/STM32F1xx_HAL_Driver/Inc -O0 -ffunction-sections -fdata-sections -Wall -fstack-usage -MMD -MP -MF"Src/main.d" -MT"Src/main.o" --specs=nano.specs -mfloat-abi=soft -mthumb -o "Src/main.o"
../Src/main.c: In function 'SPI_SendCmd':
../Src/main.c:102:27: warning: passing argument 2 of 'HAL_SPI_Transmit' makes pointer from integer without a cast [-Wint-conversion]
  HAL_SPI_Transmit(&hspi1, (uint8_t)cmd, 1, 0xFFFFFFFFU);
                           ^
In file included from ../Inc/stm32f1xx_hal_conf.h:311:0,
                 from ../Drivers/STM32F1xx_HAL_Driver/Inc/stm32f1xx_hal.h:46,
                 from ../Inc/main.h:31,
                 from ../Src/main.c:22:
../Drivers/STM32F1xx_HAL_Driver/Inc/stm32f1xx_hal_spi.h:437:19: note: expected 'uint8_t * {aka unsigned char *}' but argument is of type 'unsigned char'
 HAL_StatusTypeDef HAL_SPI_Transmit(SPI_HandleTypeDef *hspi, uint8_t *pData, uint16_t Size, uint32_t Timeout);
                   ^~~~~~~~~~~~~~~~
../Src/main.c: In function 'main':
../Src/main.c:163:36: warning: passing argument 2 of 'HAL_SPI_TransmitReceive' makes pointer from integer without a cast [-Wint-conversion]
    HAL_SPI_TransmitReceive(&hspi1, (uint8_t)0x06, txbuffer[0], sizeof(uint8_t), 99999)
                                    ^
In file included from ../Inc/stm32f1xx_hal_conf.h:311:0,
                 from ../Drivers/STM32F1xx_HAL_Driver/Inc/stm32f1xx_hal.h:46,
                 from ../Inc/main.h:31,
                 from ../Src/main.c:22:
../Drivers/STM32F1xx_HAL_Driver/Inc/stm32f1xx_hal_spi.h:439:19: note: expected 'uint8_t * {aka unsigned char *}' but argument is of type 'unsigned char'
 HAL_StatusTypeDef HAL_SPI_TransmitReceive(SPI_HandleTypeDef *hspi, uint8_t *pTxData, uint8_t *pRxData, uint16_t Size, uint32_t Timeout);
                   ^~~~~~~~~~~~~~~~~~~~~~~
../Src/main.c:163:51: warning: passing argument 3 of 'HAL_SPI_TransmitReceive' makes pointer from integer without a cast [-Wint-conversion]
    HAL_SPI_TransmitReceive(&hspi1, (uint8_t)0x06, txbuffer[0], sizeof(uint8_t), 99999)
                                                   ^~~~~~~~
In file included from ../Inc/stm32f1xx_hal_conf.h:311:0,
                 from ../Drivers/STM32F1xx_HAL_Driver/Inc/stm32f1xx_hal.h:46,
                 from ../Inc/main.h:31,
                 from ../Src/main.c:22:
../Drivers/STM32F1xx_HAL_Driver/Inc/stm32f1xx_hal_spi.h:439:19: note: expected 'uint8_t * {aka unsigned char *}' but argument is of type 'uint8_t {aka unsigned char}'
 HAL_StatusTypeDef HAL_SPI_TransmitReceive(SPI_HandleTypeDef *hspi, uint8_t *pTxData, uint8_t *pRxData, uint16_t Size, uint32_t Timeout);
                   ^~~~~~~~~~~~~~~~~~~~~~~
../Src/main.c:164:4: error: expected ';' before 'while'
    while(HAL_SPI_GetState(&hspi1) != HAL_SPI_STATE_READY);
    ^~~~~
../Src/main.c:144:12: warning: unused variable 'i' [-Wunused-variable]
   uint16_t i = 0;
            ^
At top level:
../Src/main.c:27:22: warning: 'init_commands' defined but not used [-Wunused-const-variable=]
 static const uint8_t init_commands[] = {
                      ^~~~~~~~~~~~~
make: *** [Src/subdir.mk:33: Src/main.o] Error 1
"make -j4 all" terminated with exit code 2. Build might be incomplete.
14:35:37 **** Incremental Build of configuration Debug for project TFT_Test ****
make -j4 all 
arm-none-eabi-gcc "../Src/main.c" -mcpu=cortex-m3 -std=gnu11 -g3 -DUSE_HAL_DRIVER -DSTM32F103xB -DDEBUG -c -I../Inc -I../Drivers/CMSIS/Device/ST/STM32F1xx/Include -I../Drivers/CMSIS/Include -I../Drivers/STM32F1xx_HAL_Driver/Inc/Legacy -I../Drivers/STM32F1xx_HAL_Driver/Inc -O0 -ffunction-sections -fdata-sections -Wall -fstack-usage -MMD -MP -MF"Src/main.d" -MT"Src/main.o" --specs=nano.specs -mfloat-abi=soft -mthumb -o "Src/main.o"
../Src/main.c: In function 'SPI_SendCmd':
../Src/main.c:102:27: warning: passing argument 2 of 'HAL_SPI_Transmit' makes pointer from integer without a cast [-Wint-conversion]
  HAL_SPI_Transmit(&hspi1, (uint8_t)cmd, 1, 0xFFFFFFFFU);
                           ^
In file included from ../Inc/stm32f1xx_hal_conf.h:311:0,
                 from ../Drivers/STM32F1xx_HAL_Driver/Inc/stm32f1xx_hal.h:46,
                 from ../Inc/main.h:31,
                 from ../Src/main.c:22:
../Drivers/STM32F1xx_HAL_Driver/Inc/stm32f1xx_hal_spi.h:437:19: note: expected 'uint8_t * {aka unsigned char *}' but argument is of type 'unsigned char'
 HAL_StatusTypeDef HAL_SPI_Transmit(SPI_HandleTypeDef *hspi, uint8_t *pData, uint16_t Size, uint32_t Timeout);
                   ^~~~~~~~~~~~~~~~
../Src/main.c: In function 'main':
../Src/main.c:163:36: warning: passing argument 2 of 'HAL_SPI_TransmitReceive' makes pointer from integer without a cast [-Wint-conversion]
    HAL_SPI_TransmitReceive(&hspi1, (uint8_t)0x06, txbuffer[0], sizeof(uint8_t), 99999);
                                    ^
In file included from ../Inc/stm32f1xx_hal_conf.h:311:0,
                 from ../Drivers/STM32F1xx_HAL_Driver/Inc/stm32f1xx_hal.h:46,
                 from ../Inc/main.h:31,
                 from ../Src/main.c:22:
../Drivers/STM32F1xx_HAL_Driver/Inc/stm32f1xx_hal_spi.h:439:19: note: expected 'uint8_t * {aka unsigned char *}' but argument is of type 'unsigned char'
 HAL_StatusTypeDef HAL_SPI_TransmitReceive(SPI_HandleTypeDef *hspi, uint8_t *pTxData, uint8_t *pRxData, uint16_t Size, uint32_t Timeout);
                   ^~~~~~~~~~~~~~~~~~~~~~~
../Src/main.c:163:51: warning: passing argument 3 of 'HAL_SPI_TransmitReceive' makes pointer from integer without a cast [-Wint-conversion]
    HAL_SPI_TransmitReceive(&hspi1, (uint8_t)0x06, txbuffer[0], sizeof(uint8_t), 99999);
                                                   ^~~~~~~~
In file included from ../Inc/stm32f1xx_hal_conf.h:311:0,
                 from ../Drivers/STM32F1xx_HAL_Driver/Inc/stm32f1xx_hal.h:46,
                 from ../Inc/main.h:31,
                 from ../Src/main.c:22:
../Drivers/STM32F1xx_HAL_Driver/Inc/stm32f1xx_hal_spi.h:439:19: note: expected 'uint8_t * {aka unsigned char *}' but argument is of type 'uint8_t {aka unsigned char}'
 HAL_StatusTypeDef HAL_SPI_TransmitReceive(SPI_HandleTypeDef *hspi, uint8_t *pTxData, uint8_t *pRxData, uint16_t Size, uint32_t Timeout);
                   ^~~~~~~~~~~~~~~~~~~~~~~
../Src/main.c:144:12: warning: unused variable 'i' [-Wunused-variable]
   uint16_t i = 0;
            ^
At top level:
../Src/main.c:27:22: warning: 'init_commands' defined but not used [-Wunused-const-variable=]
 static const uint8_t init_commands[] = {
                      ^~~~~~~~~~~~~
arm-none-eabi-g++ -o "TFT_Test.elf" @"objects.list"   -mcpu=cortex-m3 -T"C:\Users\Afonso Muralha\Documents\GitHub\Gif-Player-Badge\Code\TFT_Test\STM32F103C8TX_FLASH.ld" --specs=nosys.specs -Wl,-Map="TFT_Test.map" -Wl,--gc-sections -static --specs=nano.specs -mfloat-abi=soft -mthumb -Wl,--start-group -lc -lm -lstdc++ -lsupc++ -Wl,--end-group
Finished building target: TFT_Test.elf
 
arm-none-eabi-objdump -h -S  TFT_Test.elf  > "TFT_Test.list"
arm-none-eabi-size   TFT_Test.elf 
   text	   data	    bss	    dec	    hex	filename
   6280	     20	   1660	   7960	   1f18	TFT_Test.elf
Finished building: default.size.stdout
 
Finished building: TFT_Test.list
 
14:37:55 **** Incremental Build of configuration Debug for project TFT_Test ****
make -j4 all 
arm-none-eabi-gcc "../Src/main.c" -mcpu=cortex-m3 -std=gnu11 -g3 -DUSE_HAL_DRIVER -DSTM32F103xB -DDEBUG -c -I../Inc -I../Drivers/CMSIS/Device/ST/STM32F1xx/Include -I../Drivers/CMSIS/Include -I../Drivers/STM32F1xx_HAL_Driver/Inc/Legacy -I../Drivers/STM32F1xx_HAL_Driver/Inc -O0 -ffunction-sections -fdata-sections -Wall -fstack-usage -MMD -MP -MF"Src/main.d" -MT"Src/main.o" --specs=nano.specs -mfloat-abi=soft -mthumb -o "Src/main.o"
../Src/main.c: In function 'SPI_SendCmd':
../Src/main.c:102:27: warning: passing argument 2 of 'HAL_SPI_Transmit' makes pointer from integer without a cast [-Wint-conversion]
  HAL_SPI_Transmit(&hspi1, (uint8_t)cmd, 1, 0xFFFFFFFFU);
                           ^
In file included from ../Inc/stm32f1xx_hal_conf.h:311:0,
                 from ../Drivers/STM32F1xx_HAL_Driver/Inc/stm32f1xx_hal.h:46,
                 from ../Inc/main.h:31,
                 from ../Src/main.c:22:
../Drivers/STM32F1xx_HAL_Driver/Inc/stm32f1xx_hal_spi.h:437:19: note: expected 'uint8_t * {aka unsigned char *}' but argument is of type 'unsigned char'
 HAL_StatusTypeDef HAL_SPI_Transmit(SPI_HandleTypeDef *hspi, uint8_t *pData, uint16_t Size, uint32_t Timeout);
                   ^~~~~~~~~~~~~~~~
../Src/main.c: In function 'main':
../Src/main.c:151:35: warning: passing argument 2 of 'HAL_SPI_TransmitReceive' makes pointer from integer without a cast [-Wint-conversion]
   HAL_SPI_TransmitReceive(&hspi1, (uint8_t)0x06, txbuffer[0], 1, 99999);
                                   ^
In file included from ../Inc/stm32f1xx_hal_conf.h:311:0,
                 from ../Drivers/STM32F1xx_HAL_Driver/Inc/stm32f1xx_hal.h:46,
                 from ../Inc/main.h:31,
                 from ../Src/main.c:22:
../Drivers/STM32F1xx_HAL_Driver/Inc/stm32f1xx_hal_spi.h:439:19: note: expected 'uint8_t * {aka unsigned char *}' but argument is of type 'unsigned char'
 HAL_StatusTypeDef HAL_SPI_TransmitReceive(SPI_HandleTypeDef *hspi, uint8_t *pTxData, uint8_t *pRxData, uint16_t Size, uint32_t Timeout);
                   ^~~~~~~~~~~~~~~~~~~~~~~
../Src/main.c:151:50: warning: passing argument 3 of 'HAL_SPI_TransmitReceive' makes pointer from integer without a cast [-Wint-conversion]
   HAL_SPI_TransmitReceive(&hspi1, (uint8_t)0x06, txbuffer[0], 1, 99999);
                                                  ^~~~~~~~
In file included from ../Inc/stm32f1xx_hal_conf.h:311:0,
                 from ../Drivers/STM32F1xx_HAL_Driver/Inc/stm32f1xx_hal.h:46,
                 from ../Inc/main.h:31,
                 from ../Src/main.c:22:
../Drivers/STM32F1xx_HAL_Driver/Inc/stm32f1xx_hal_spi.h:439:19: note: expected 'uint8_t * {aka unsigned char *}' but argument is of type 'uint8_t {aka unsigned char}'
 HAL_StatusTypeDef HAL_SPI_TransmitReceive(SPI_HandleTypeDef *hspi, uint8_t *pTxData, uint8_t *pRxData, uint16_t Size, uint32_t Timeout);
                   ^~~~~~~~~~~~~~~~~~~~~~~
../Src/main.c:144:12: warning: unused variable 'i' [-Wunused-variable]
   uint16_t i = 0;
            ^
At top level:
../Src/main.c:27:22: warning: 'init_commands' defined but not used [-Wunused-const-variable=]
 static const uint8_t init_commands[] = {
                      ^~~~~~~~~~~~~
arm-none-eabi-g++ -o "TFT_Test.elf" @"objects.list"   -mcpu=cortex-m3 -T"C:\Users\Afonso Muralha\Documents\GitHub\Gif-Player-Badge\Code\TFT_Test\STM32F103C8TX_FLASH.ld" --specs=nosys.specs -Wl,-Map="TFT_Test.map" -Wl,--gc-sections -static --specs=nano.specs -mfloat-abi=soft -mthumb -Wl,--start-group -lc -lm -lstdc++ -lsupc++ -Wl,--end-group
Finished building target: TFT_Test.elf
 
arm-none-eabi-objdump -h -S  TFT_Test.elf  > "TFT_Test.list"
arm-none-eabi-size   TFT_Test.elf 
   text	   data	    bss	    dec	    hex	filename
   6216	     20	   1660	   7896	   1ed8	TFT_Test.elf
Finished building: default.size.stdout
 
Finished building: TFT_Test.list
 
14:38:52 **** Incremental Build of configuration Debug for project TFT_Test ****
make -j4 all 
arm-none-eabi-size   TFT_Test.elf 
   text	   data	    bss	    dec	    hex	filename
   6216	     20	   1660	   7896	   1ed8	TFT_Test.elf
Finished building: default.size.stdout
 
14:42:30 **** Incremental Build of configuration Debug for project TFT_Test ****
make -j4 all 
arm-none-eabi-gcc "../Src/main.c" -mcpu=cortex-m3 -std=gnu11 -g3 -DUSE_HAL_DRIVER -DSTM32F103xB -DDEBUG -c -I../Inc -I../Drivers/CMSIS/Device/ST/STM32F1xx/Include -I../Drivers/CMSIS/Include -I../Drivers/STM32F1xx_HAL_Driver/Inc/Legacy -I../Drivers/STM32F1xx_HAL_Driver/Inc -O0 -ffunction-sections -fdata-sections -Wall -fstack-usage -MMD -MP -MF"Src/main.d" -MT"Src/main.o" --specs=nano.specs -mfloat-abi=soft -mthumb -o "Src/main.o"
../Src/main.c: In function 'SPI_SendCmd':
../Src/main.c:102:27: warning: passing argument 2 of 'HAL_SPI_Transmit' makes pointer from integer without a cast [-Wint-conversion]
  HAL_SPI_Transmit(&hspi1, (uint8_t)cmd, 1, 0xFFFFFFFFU);
                           ^
In file included from ../Inc/stm32f1xx_hal_conf.h:311:0,
                 from ../Drivers/STM32F1xx_HAL_Driver/Inc/stm32f1xx_hal.h:46,
                 from ../Inc/main.h:31,
                 from ../Src/main.c:22:
../Drivers/STM32F1xx_HAL_Driver/Inc/stm32f1xx_hal_spi.h:437:19: note: expected 'uint8_t * {aka unsigned char *}' but argument is of type 'unsigned char'
 HAL_StatusTypeDef HAL_SPI_Transmit(SPI_HandleTypeDef *hspi, uint8_t *pData, uint16_t Size, uint32_t Timeout);
                   ^~~~~~~~~~~~~~~~
../Src/main.c: In function 'main':
../Src/main.c:144:12: warning: unused variable 'i' [-Wunused-variable]
   uint16_t i = 0;
            ^
At top level:
../Src/main.c:27:22: warning: 'init_commands' defined but not used [-Wunused-const-variable=]
 static const uint8_t init_commands[] = {
                      ^~~~~~~~~~~~~
arm-none-eabi-g++ -o "TFT_Test.elf" @"objects.list"   -mcpu=cortex-m3 -T"C:\Users\Afonso Muralha\Documents\GitHub\Gif-Player-Badge\Code\TFT_Test\STM32F103C8TX_FLASH.ld" --specs=nosys.specs -Wl,-Map="TFT_Test.map" -Wl,--gc-sections -static --specs=nano.specs -mfloat-abi=soft -mthumb -Wl,--start-group -lc -lm -lstdc++ -lsupc++ -Wl,--end-group
Finished building target: TFT_Test.elf
 
arm-none-eabi-objdump -h -S  TFT_Test.elf  > "TFT_Test.list"
arm-none-eabi-size   TFT_Test.elf 
   text	   data	    bss	    dec	    hex	filename
   6216	     20	   1660	   7896	   1ed8	TFT_Test.elf
Finished building: default.size.stdout
 
Finished building: TFT_Test.list
 
14:43:56 **** Incremental Build of configuration Debug for project TFT_Test ****
make -j4 all 
arm-none-eabi-gcc "../Src/main.c" -mcpu=cortex-m3 -std=gnu11 -g3 -DUSE_HAL_DRIVER -DSTM32F103xB -DDEBUG -c -I../Inc -I../Drivers/CMSIS/Device/ST/STM32F1xx/Include -I../Drivers/CMSIS/Include -I../Drivers/STM32F1xx_HAL_Driver/Inc/Legacy -I../Drivers/STM32F1xx_HAL_Driver/Inc -O0 -ffunction-sections -fdata-sections -Wall -fstack-usage -MMD -MP -MF"Src/main.d" -MT"Src/main.o" --specs=nano.specs -mfloat-abi=soft -mthumb -o "Src/main.o"
../Src/main.c: In function 'SPI_SendCmd':
../Src/main.c:102:27: warning: passing argument 2 of 'HAL_SPI_Transmit' makes pointer from integer without a cast [-Wint-conversion]
  HAL_SPI_Transmit(&hspi1, (uint8_t)cmd, 1, 0xFFFFFFFFU);
                           ^
In file included from ../Inc/stm32f1xx_hal_conf.h:311:0,
                 from ../Drivers/STM32F1xx_HAL_Driver/Inc/stm32f1xx_hal.h:46,
                 from ../Inc/main.h:31,
                 from ../Src/main.c:22:
../Drivers/STM32F1xx_HAL_Driver/Inc/stm32f1xx_hal_spi.h:437:19: note: expected 'uint8_t * {aka unsigned char *}' but argument is of type 'unsigned char'
 HAL_StatusTypeDef HAL_SPI_Transmit(SPI_HandleTypeDef *hspi, uint8_t *pData, uint16_t Size, uint32_t Timeout);
                   ^~~~~~~~~~~~~~~~
../Src/main.c: In function 'main':
../Src/main.c:153:28: warning: passing argument 2 of 'HAL_SPI_Transmit' makes pointer from integer without a cast [-Wint-conversion]
   HAL_SPI_Transmit(&hspi1, txbuffer[0], sizeof(uint8_t), 99999);
                            ^~~~~~~~
In file included from ../Inc/stm32f1xx_hal_conf.h:311:0,
                 from ../Drivers/STM32F1xx_HAL_Driver/Inc/stm32f1xx_hal.h:46,
                 from ../Inc/main.h:31,
                 from ../Src/main.c:22:
../Drivers/STM32F1xx_HAL_Driver/Inc/stm32f1xx_hal_spi.h:437:19: note: expected 'uint8_t * {aka unsigned char *}' but argument is of type 'uint8_t {aka unsigned char}'
 HAL_StatusTypeDef HAL_SPI_Transmit(SPI_HandleTypeDef *hspi, uint8_t *pData, uint16_t Size, uint32_t Timeout);
                   ^~~~~~~~~~~~~~~~
../Src/main.c:151:11: warning: unused variable 'rxbuffer' [-Wunused-variable]
   uint8_t rxbuffer[2];
           ^~~~~~~~
../Src/main.c:144:12: warning: unused variable 'i' [-Wunused-variable]
   uint16_t i = 0;
            ^
At top level:
../Src/main.c:27:22: warning: 'init_commands' defined but not used [-Wunused-const-variable=]
 static const uint8_t init_commands[] = {
                      ^~~~~~~~~~~~~
arm-none-eabi-g++ -o "TFT_Test.elf" @"objects.list"   -mcpu=cortex-m3 -T"C:\Users\Afonso Muralha\Documents\GitHub\Gif-Player-Badge\Code\TFT_Test\STM32F103C8TX_FLASH.ld" --specs=nosys.specs -Wl,-Map="TFT_Test.map" -Wl,--gc-sections -static --specs=nano.specs -mfloat-abi=soft -mthumb -Wl,--start-group -lc -lm -lstdc++ -lsupc++ -Wl,--end-group
Finished building target: TFT_Test.elf
 
arm-none-eabi-objdump -h -S  TFT_Test.elf  > "TFT_Test.list"
arm-none-eabi-size   TFT_Test.elf 
   text	   data	    bss	    dec	    hex	filename
   6056	     20	   1660	   7736	   1e38	TFT_Test.elf
Finished building: default.size.stdout
 
Finished building: TFT_Test.list
 
14:44:48 **** Incremental Build of configuration Debug for project TFT_Test ****
make -j4 all 
arm-none-eabi-gcc "../Src/main.c" -mcpu=cortex-m3 -std=gnu11 -g3 -DUSE_HAL_DRIVER -DSTM32F103xB -DDEBUG -c -I../Inc -I../Drivers/CMSIS/Device/ST/STM32F1xx/Include -I../Drivers/CMSIS/Include -I../Drivers/STM32F1xx_HAL_Driver/Inc/Legacy -I../Drivers/STM32F1xx_HAL_Driver/Inc -O0 -ffunction-sections -fdata-sections -Wall -fstack-usage -MMD -MP -MF"Src/main.d" -MT"Src/main.o" --specs=nano.specs -mfloat-abi=soft -mthumb -o "Src/main.o"
../Src/main.c: In function 'SPI_SendCmd':
../Src/main.c:102:27: warning: passing argument 2 of 'HAL_SPI_Transmit' makes pointer from integer without a cast [-Wint-conversion]
  HAL_SPI_Transmit(&hspi1, (uint8_t)cmd, 1, 0xFFFFFFFFU);
                           ^
In file included from ../Inc/stm32f1xx_hal_conf.h:311:0,
                 from ../Drivers/STM32F1xx_HAL_Driver/Inc/stm32f1xx_hal.h:46,
                 from ../Inc/main.h:31,
                 from ../Src/main.c:22:
../Drivers/STM32F1xx_HAL_Driver/Inc/stm32f1xx_hal_spi.h:437:19: note: expected 'uint8_t * {aka unsigned char *}' but argument is of type 'unsigned char'
 HAL_StatusTypeDef HAL_SPI_Transmit(SPI_HandleTypeDef *hspi, uint8_t *pData, uint16_t Size, uint32_t Timeout);
                   ^~~~~~~~~~~~~~~~
../Src/main.c: In function 'main':
../Src/main.c:153:28: warning: passing argument 2 of 'HAL_SPI_Transmit' makes pointer from integer without a cast [-Wint-conversion]
   HAL_SPI_Transmit(&hspi1, txbuffer[0], 1, 99999);
                            ^~~~~~~~
In file included from ../Inc/stm32f1xx_hal_conf.h:311:0,
                 from ../Drivers/STM32F1xx_HAL_Driver/Inc/stm32f1xx_hal.h:46,
                 from ../Inc/main.h:31,
                 from ../Src/main.c:22:
../Drivers/STM32F1xx_HAL_Driver/Inc/stm32f1xx_hal_spi.h:437:19: note: expected 'uint8_t * {aka unsigned char *}' but argument is of type 'uint8_t {aka unsigned char}'
 HAL_StatusTypeDef HAL_SPI_Transmit(SPI_HandleTypeDef *hspi, uint8_t *pData, uint16_t Size, uint32_t Timeout);
                   ^~~~~~~~~~~~~~~~
../Src/main.c:151:11: warning: unused variable 'rxbuffer' [-Wunused-variable]
   uint8_t rxbuffer[2];
           ^~~~~~~~
../Src/main.c:144:12: warning: unused variable 'i' [-Wunused-variable]
   uint16_t i = 0;
            ^
At top level:
../Src/main.c:27:22: warning: 'init_commands' defined but not used [-Wunused-const-variable=]
 static const uint8_t init_commands[] = {
                      ^~~~~~~~~~~~~
arm-none-eabi-g++ -o "TFT_Test.elf" @"objects.list"   -mcpu=cortex-m3 -T"C:\Users\Afonso Muralha\Documents\GitHub\Gif-Player-Badge\Code\TFT_Test\STM32F103C8TX_FLASH.ld" --specs=nosys.specs -Wl,-Map="TFT_Test.map" -Wl,--gc-sections -static --specs=nano.specs -mfloat-abi=soft -mthumb -Wl,--start-group -lc -lm -lstdc++ -lsupc++ -Wl,--end-group
Finished building target: TFT_Test.elf
 
arm-none-eabi-objdump -h -S  TFT_Test.elf  > "TFT_Test.list"
arm-none-eabi-size   TFT_Test.elf 
   text	   data	    bss	    dec	    hex	filename
   6056	     20	   1660	   7736	   1e38	TFT_Test.elf
Finished building: default.size.stdout
 
Finished building: TFT_Test.list
 
14:46:15 **** Incremental Build of configuration Debug for project TFT_Test ****
make -j4 all 
arm-none-eabi-gcc "../Src/main.c" -mcpu=cortex-m3 -std=gnu11 -g3 -DUSE_HAL_DRIVER -DSTM32F103xB -DDEBUG -c -I../Inc -I../Drivers/CMSIS/Device/ST/STM32F1xx/Include -I../Drivers/CMSIS/Include -I../Drivers/STM32F1xx_HAL_Driver/Inc/Legacy -I../Drivers/STM32F1xx_HAL_Driver/Inc -O0 -ffunction-sections -fdata-sections -Wall -fstack-usage -MMD -MP -MF"Src/main.d" -MT"Src/main.o" --specs=nano.specs -mfloat-abi=soft -mthumb -o "Src/main.o"
../Src/main.c: In function 'SPI_SendCmd':
../Src/main.c:102:27: warning: passing argument 2 of 'HAL_SPI_Transmit' makes pointer from integer without a cast [-Wint-conversion]
  HAL_SPI_Transmit(&hspi1, (uint8_t)cmd, 1, 0xFFFFFFFFU);
                           ^
In file included from ../Inc/stm32f1xx_hal_conf.h:311:0,
                 from ../Drivers/STM32F1xx_HAL_Driver/Inc/stm32f1xx_hal.h:46,
                 from ../Inc/main.h:31,
                 from ../Src/main.c:22:
../Drivers/STM32F1xx_HAL_Driver/Inc/stm32f1xx_hal_spi.h:437:19: note: expected 'uint8_t * {aka unsigned char *}' but argument is of type 'unsigned char'
 HAL_StatusTypeDef HAL_SPI_Transmit(SPI_HandleTypeDef *hspi, uint8_t *pData, uint16_t Size, uint32_t Timeout);
                   ^~~~~~~~~~~~~~~~
../Src/main.c: In function 'main':
../Src/main.c:151:11: warning: unused variable 'rxbuffer' [-Wunused-variable]
   uint8_t rxbuffer[2];
           ^~~~~~~~
../Src/main.c:144:12: warning: unused variable 'i' [-Wunused-variable]
   uint16_t i = 0;
            ^
At top level:
../Src/main.c:27:22: warning: 'init_commands' defined but not used [-Wunused-const-variable=]
 static const uint8_t init_commands[] = {
                      ^~~~~~~~~~~~~
arm-none-eabi-g++ -o "TFT_Test.elf" @"objects.list"   -mcpu=cortex-m3 -T"C:\Users\Afonso Muralha\Documents\GitHub\Gif-Player-Badge\Code\TFT_Test\STM32F103C8TX_FLASH.ld" --specs=nosys.specs -Wl,-Map="TFT_Test.map" -Wl,--gc-sections -static --specs=nano.specs -mfloat-abi=soft -mthumb -Wl,--start-group -lc -lm -lstdc++ -lsupc++ -Wl,--end-group
Finished building target: TFT_Test.elf
 
arm-none-eabi-objdump -h -S  TFT_Test.elf  > "TFT_Test.list"
arm-none-eabi-size   TFT_Test.elf 
   text	   data	    bss	    dec	    hex	filename
   6052	     20	   1660	   7732	   1e34	TFT_Test.elf
Finished building: default.size.stdout
 
Finished building: TFT_Test.list
 
14:48:12 **** Incremental Build of configuration Debug for project TFT_Test ****
make -j4 all 
arm-none-eabi-gcc "../Src/main.c" -mcpu=cortex-m3 -std=gnu11 -g3 -DUSE_HAL_DRIVER -DSTM32F103xB -DDEBUG -c -I../Inc -I../Drivers/CMSIS/Device/ST/STM32F1xx/Include -I../Drivers/CMSIS/Include -I../Drivers/STM32F1xx_HAL_Driver/Inc/Legacy -I../Drivers/STM32F1xx_HAL_Driver/Inc -O0 -ffunction-sections -fdata-sections -Wall -fstack-usage -MMD -MP -MF"Src/main.d" -MT"Src/main.o" --specs=nano.specs -mfloat-abi=soft -mthumb -o "Src/main.o"
../Src/main.c: In function 'SPI_SendCmd':
../Src/main.c:102:27: warning: passing argument 2 of 'HAL_SPI_Transmit' makes pointer from integer without a cast [-Wint-conversion]
  HAL_SPI_Transmit(&hspi1, (uint8_t)cmd, 1, 0xFFFFFFFFU);
                           ^
In file included from ../Inc/stm32f1xx_hal_conf.h:311:0,
                 from ../Drivers/STM32F1xx_HAL_Driver/Inc/stm32f1xx_hal.h:46,
                 from ../Inc/main.h:31,
                 from ../Src/main.c:22:
../Drivers/STM32F1xx_HAL_Driver/Inc/stm32f1xx_hal_spi.h:437:19: note: expected 'uint8_t * {aka unsigned char *}' but argument is of type 'unsigned char'
 HAL_StatusTypeDef HAL_SPI_Transmit(SPI_HandleTypeDef *hspi, uint8_t *pData, uint16_t Size, uint32_t Timeout);
                   ^~~~~~~~~~~~~~~~
../Src/main.c: In function 'main':
../Src/main.c:165:29: warning: passing argument 2 of 'HAL_SPI_Transmit' discards 'const' qualifier from pointer target type [-Wdiscarded-qualifiers]
    HAL_SPI_Transmit(&hspi1, &init_commands[i], 1, 99999);
                             ^
In file included from ../Inc/stm32f1xx_hal_conf.h:311:0,
                 from ../Drivers/STM32F1xx_HAL_Driver/Inc/stm32f1xx_hal.h:46,
                 from ../Inc/main.h:31,
                 from ../Src/main.c:22:
../Drivers/STM32F1xx_HAL_Driver/Inc/stm32f1xx_hal_spi.h:437:19: note: expected 'uint8_t * {aka unsigned char *}' but argument is of type 'const uint8_t * {aka const unsigned char *}'
 HAL_StatusTypeDef HAL_SPI_Transmit(SPI_HandleTypeDef *hspi, uint8_t *pData, uint16_t Size, uint32_t Timeout);
                   ^~~~~~~~~~~~~~~~
../Src/main.c:170:3: error: expected ';' before '}' token
   }
   ^
../Src/main.c:151:11: warning: unused variable 'rxbuffer' [-Wunused-variable]
   uint8_t rxbuffer[2];
           ^~~~~~~~
../Src/main.c:150:11: warning: unused variable 'txbuffer' [-Wunused-variable]
   uint8_t txbuffer[2] = {6, 6};
           ^~~~~~~~
make: *** [Src/subdir.mk:33: Src/main.o] Error 1
"make -j4 all" terminated with exit code 2. Build might be incomplete.
14:48:21 **** Incremental Build of configuration Debug for project TFT_Test ****
make -j4 all 
arm-none-eabi-gcc "../Src/main.c" -mcpu=cortex-m3 -std=gnu11 -g3 -DUSE_HAL_DRIVER -DSTM32F103xB -DDEBUG -c -I../Inc -I../Drivers/CMSIS/Device/ST/STM32F1xx/Include -I../Drivers/CMSIS/Include -I../Drivers/STM32F1xx_HAL_Driver/Inc/Legacy -I../Drivers/STM32F1xx_HAL_Driver/Inc -O0 -ffunction-sections -fdata-sections -Wall -fstack-usage -MMD -MP -MF"Src/main.d" -MT"Src/main.o" --specs=nano.specs -mfloat-abi=soft -mthumb -o "Src/main.o"
../Src/main.c: In function 'SPI_SendCmd':
../Src/main.c:102:27: warning: passing argument 2 of 'HAL_SPI_Transmit' makes pointer from integer without a cast [-Wint-conversion]
  HAL_SPI_Transmit(&hspi1, (uint8_t)cmd, 1, 0xFFFFFFFFU);
                           ^
In file included from ../Inc/stm32f1xx_hal_conf.h:311:0,
                 from ../Drivers/STM32F1xx_HAL_Driver/Inc/stm32f1xx_hal.h:46,
                 from ../Inc/main.h:31,
                 from ../Src/main.c:22:
../Drivers/STM32F1xx_HAL_Driver/Inc/stm32f1xx_hal_spi.h:437:19: note: expected 'uint8_t * {aka unsigned char *}' but argument is of type 'unsigned char'
 HAL_StatusTypeDef HAL_SPI_Transmit(SPI_HandleTypeDef *hspi, uint8_t *pData, uint16_t Size, uint32_t Timeout);
                   ^~~~~~~~~~~~~~~~
../Src/main.c: In function 'main':
../Src/main.c:165:29: warning: passing argument 2 of 'HAL_SPI_Transmit' discards 'const' qualifier from pointer target type [-Wdiscarded-qualifiers]
    HAL_SPI_Transmit(&hspi1, &init_commands[i], 1, 99999);
                             ^
In file included from ../Inc/stm32f1xx_hal_conf.h:311:0,
                 from ../Drivers/STM32F1xx_HAL_Driver/Inc/stm32f1xx_hal.h:46,
                 from ../Inc/main.h:31,
                 from ../Src/main.c:22:
../Drivers/STM32F1xx_HAL_Driver/Inc/stm32f1xx_hal_spi.h:437:19: note: expected 'uint8_t * {aka unsigned char *}' but argument is of type 'const uint8_t * {aka const unsigned char *}'
 HAL_StatusTypeDef HAL_SPI_Transmit(SPI_HandleTypeDef *hspi, uint8_t *pData, uint16_t Size, uint32_t Timeout);
                   ^~~~~~~~~~~~~~~~
../Src/main.c:151:11: warning: unused variable 'rxbuffer' [-Wunused-variable]
   uint8_t rxbuffer[2];
           ^~~~~~~~
../Src/main.c:150:11: warning: unused variable 'txbuffer' [-Wunused-variable]
   uint8_t txbuffer[2] = {6, 6};
           ^~~~~~~~
arm-none-eabi-g++ -o "TFT_Test.elf" @"objects.list"   -mcpu=cortex-m3 -T"C:\Users\Afonso Muralha\Documents\GitHub\Gif-Player-Badge\Code\TFT_Test\STM32F103C8TX_FLASH.ld" --specs=nosys.specs -Wl,-Map="TFT_Test.map" -Wl,--gc-sections -static --specs=nano.specs -mfloat-abi=soft -mthumb -Wl,--start-group -lc -lm -lstdc++ -lsupc++ -Wl,--end-group
Finished building target: TFT_Test.elf
 
arm-none-eabi-objdump -h -S  TFT_Test.elf  > "TFT_Test.list"
arm-none-eabi-size   TFT_Test.elf 
   text	   data	    bss	    dec	    hex	filename
   6168	     20	   1660	   7848	   1ea8	TFT_Test.elf
Finished building: default.size.stdout
 
Finished building: TFT_Test.list
 
14:49:00 **** Incremental Build of configuration Debug for project TFT_Test ****
make -j4 all 
arm-none-eabi-size   TFT_Test.elf 
   text	   data	    bss	    dec	    hex	filename
   6168	     20	   1660	   7848	   1ea8	TFT_Test.elf
Finished building: default.size.stdout
 
14:49:26 **** Incremental Build of configuration Debug for project TFT_Test ****
make -j4 all 
arm-none-eabi-size   TFT_Test.elf 
   text	   data	    bss	    dec	    hex	filename
   6168	     20	   1660	   7848	   1ea8	TFT_Test.elf
Finished building: default.size.stdout
 
14:49:38 **** Incremental Build of configuration Debug for project TFT_Test ****
make -j4 all 
arm-none-eabi-size   TFT_Test.elf 
   text	   data	    bss	    dec	    hex	filename
   6168	     20	   1660	   7848	   1ea8	TFT_Test.elf
Finished building: default.size.stdout
 
14:52:08 **** Incremental Build of configuration Debug for project Gif-Player-Badge ****
make -k -j4 all 
arm-none-eabi-gcc "../Lib/ILI9341/core.c" -mcpu=cortex-m3 -std=gnu11 -g3 -DUSE_HAL_DRIVER -DSTM32F103xB -DDEBUG -c -I../Inc -I../Drivers/CMSIS/Device/ST/STM32F1xx/Include -I../Drivers/CMSIS/Include -I../Drivers/STM32F1xx_HAL_Driver/Inc/Legacy -I../Drivers/STM32F1xx_HAL_Driver/Inc -O0 -ffunction-sections -fdata-sections -Wall -fstack-usage -MMD -MP -MF"Lib/ILI9341/core.d" -MT"Lib/ILI9341/core.o" --specs=nano.specs -mfloat-abi=soft -mthumb -o "Lib/ILI9341/core.o"
../Lib/ILI9341/core.c: In function 'SPI_SendCmd':
../Lib/ILI9341/core.c:98:27: warning: passing argument 2 of 'HAL_SPI_Transmit' from incompatible pointer type [-Wincompatible-pointer-types]
  HAL_SPI_Transmit(&hspi1, &cmd, 1, 0xFFFFFFFFU);
                           ^
In file included from ../Inc/stm32f1xx_hal_conf.h:311:0,
                 from ../Drivers/STM32F1xx_HAL_Driver/Inc/stm32f1xx_hal.h:46,
                 from ../Inc/main.h:31,
                 from ../Lib/ILI9341/control.h:8,
                 from ../Lib/ILI9341/core.h:9,
                 from ../Lib/ILI9341/core.c:1:
../Drivers/STM32F1xx_HAL_Driver/Inc/stm32f1xx_hal_spi.h:437:19: note: expected 'uint8_t * {aka unsigned char *}' but argument is of type 'uint8_t ** {aka unsigned char **}'
 HAL_StatusTypeDef HAL_SPI_Transmit(SPI_HandleTypeDef *hspi, uint8_t *pData, uint16_t Size, uint32_t Timeout);
                   ^~~~~~~~~~~~~~~~
../Lib/ILI9341/core.c: In function 'SPI_SendCmd16':
../Lib/ILI9341/core.c:106:27: warning: passing argument 2 of 'HAL_SPI_Transmit' from incompatible pointer type [-Wincompatible-pointer-types]
  HAL_SPI_Transmit(&hspi1, &cmd, n, 0xFFFFFFFFU);
                           ^
In file included from ../Inc/stm32f1xx_hal_conf.h:311:0,
                 from ../Drivers/STM32F1xx_HAL_Driver/Inc/stm32f1xx_hal.h:46,
                 from ../Inc/main.h:31,
                 from ../Lib/ILI9341/control.h:8,
                 from ../Lib/ILI9341/core.h:9,
                 from ../Lib/ILI9341/core.c:1:
../Drivers/STM32F1xx_HAL_Driver/Inc/stm32f1xx_hal_spi.h:437:19: note: expected 'uint8_t * {aka unsigned char *}' but argument is of type 'uint16_t * {aka short unsigned int *}'
 HAL_StatusTypeDef HAL_SPI_Transmit(SPI_HandleTypeDef *hspi, uint8_t *pData, uint16_t Size, uint32_t Timeout);
                   ^~~~~~~~~~~~~~~~
In file included from ../Lib/ILI9341/core.h:7:0,
                 from ../Lib/ILI9341/core.c:1:
../Lib/ILI9341/core.c: In function 'SPIFill16':
../Lib/ILI9341/commands.h:27:33: warning: passing argument 1 of 'SPI_SendCmd' makes pointer from integer without a cast [-Wint-conversion]
 #define LCD_GRAM                0x2C   /* GRAM register */
                                 ^
../Lib/ILI9341/core.c:115:17: note: in expansion of macro 'LCD_GRAM'
     SPI_SendCmd(LCD_GRAM);
                 ^~~~~~~~
../Lib/ILI9341/core.c:97:6: note: expected 'uint8_t * {aka unsigned char *}' but argument is of type 'int'
 void SPI_SendCmd(uint8_t * cmd){
      ^~~~~~~~~~~
../Lib/ILI9341/core.c:118:19: warning: passing argument 1 of 'SPIFill16' makes integer from pointer without a cast [-Wint-conversion]
         SPIFill16(&color, ts);
                   ^
../Lib/ILI9341/core.c:113:6: note: expected 'uint16_t {aka short unsigned int}' but argument is of type 'uint16_t * {aka short unsigned int *}'
 void SPIFill16(uint16_t color, uint16_t n) {
      ^~~~~~~~~
../Lib/ILI9341/core.c: In function 'SPIReceiveDataCont8':
../Lib/ILI9341/core.c:126:5: warning: implicit declaration of function 'SPISend8'; did you mean 'SPI_SendCmd8'? [-Wimplicit-function-declaration]
     SPISend8(&dummy, 1);
     ^~~~~~~~
     SPI_SendCmd8
../Lib/ILI9341/core.c: In function 'LCD_configure':
../Lib/ILI9341/core.c:161:2: warning: statement with no effect [-Wunused-value]
  for(i ; i<98 ; i++){
  ^~~
../Lib/ILI9341/core.c:162:15: warning: passing argument 1 of 'SPI_SendCmd' makes pointer from integer without a cast [-Wint-conversion]
   SPI_SendCmd(init_commands[i]);
               ^~~~~~~~~~~~~
../Lib/ILI9341/core.c:97:6: note: expected 'uint8_t * {aka unsigned char *}' but argument is of type 'uint8_t {aka const unsigned char}'
 void SPI_SendCmd(uint8_t * cmd){
      ^~~~~~~~~~~
In file included from ../Lib/ILI9341/core.h:7:0,
                 from ../Lib/ILI9341/core.c:1:
../Lib/ILI9341/core.c: In function 'LCD_setAddressWindow':
../Lib/ILI9341/commands.h:25:33: warning: passing argument 1 of 'SPI_SendCmd' makes pointer from integer without a cast [-Wint-conversion]
 #define LCD_COLUMN_ADDR         0x2A   /* Colomn address register */
                                 ^
../Lib/ILI9341/core.c:221:14: note: in expansion of macro 'LCD_COLUMN_ADDR'
  SPI_SendCmd(LCD_COLUMN_ADDR);
              ^~~~~~~~~~~~~~~
../Lib/ILI9341/core.c:97:6: note: expected 'uint8_t * {aka unsigned char *}' but argument is of type 'int'
 void SPI_SendCmd(uint8_t * cmd){
      ^~~~~~~~~~~
../Lib/ILI9341/core.c:225:16: warning: passing argument 1 of 'SPI_SendCmd16' makes integer from pointer without a cast [-Wint-conversion]
  SPI_SendCmd16(pointData, 2);
                ^~~~~~~~~
../Lib/ILI9341/core.c:105:6: note: expected 'uint16_t {aka short unsigned int}' but argument is of type 'uint16_t * {aka short unsigned int *}'
 void SPI_SendCmd16(uint16_t cmd, uint8_t n){
      ^~~~~~~~~~~~~
In file included from ../Lib/ILI9341/core.h:7:0,
                 from ../Lib/ILI9341/core.c:1:
../Lib/ILI9341/commands.h:26:33: warning: passing argument 1 of 'SPI_SendCmd' makes pointer from integer without a cast [-Wint-conversion]
 #define LCD_PAGE_ADDR           0x2B   /* Page address register */
                                 ^
../Lib/ILI9341/core.c:228:14: note: in expansion of macro 'LCD_PAGE_ADDR'
  SPI_SendCmd(LCD_PAGE_ADDR);
              ^~~~~~~~~~~~~
../Lib/ILI9341/core.c:97:6: note: expected 'uint8_t * {aka unsigned char *}' but argument is of type 'int'
 void SPI_SendCmd(uint8_t * cmd){
      ^~~~~~~~~~~
../Lib/ILI9341/core.c:232:16: warning: passing argument 1 of 'SPI_SendCmd16' makes integer from pointer without a cast [-Wint-conversion]
  SPI_SendCmd16(pointData, 2);
                ^~~~~~~~~
../Lib/ILI9341/core.c:105:6: note: expected 'uint16_t {aka short unsigned int}' but argument is of type 'uint16_t * {aka short unsigned int *}'
 void SPI_SendCmd16(uint16_t cmd, uint8_t n){
      ^~~~~~~~~~~~~
At top level:
../Lib/ILI9341/core.c:53:13: warning: 'LCD_pinsInit' defined but not used [-Wunused-function]
 static void LCD_pinsInit() {
             ^~~~~~~~~~~~
arm-none-eabi-g++ -o "Gif-Player-Badge.elf" @"objects.list"   -mcpu=cortex-m3 -T"C:\Users\Afonso Muralha\Documents\GitHub\Gif-Player-Badge\Code\Gif-Player-Badge\STM32F103C8TX_FLASH.ld" --specs=nosys.specs -Wl,-Map="Gif-Player-Badge.map" -Wl,--gc-sections -static --specs=nano.specs -mfloat-abi=soft -mthumb -Wl,--start-group -lc -lm -lstdc++ -lsupc++ -Wl,--end-group
Finished building target: Gif-Player-Badge.elf
 
arm-none-eabi-objdump -h -S  Gif-Player-Badge.elf  > "Gif-Player-Badge.list"
arm-none-eabi-size   Gif-Player-Badge.elf 
   text	   data	    bss	    dec	    hex	filename
   7024	     20	   1724	   8768	   2240	Gif-Player-Badge.elf
Finished building: default.size.stdout
 
Finished building: Gif-Player-Badge.list
 
[...]
                                  ^~~~~~~
In file included from ../Inc/stm32f1xx_hal_conf.h:311:0,
                 from ../Drivers/STM32F1xx_HAL_Driver/Inc/stm32f1xx_hal.h:46,
                 from ../Inc/main.h:31,
                 from ../Lib/ILI9341/control.h:8,
                 from ../Lib/ILI9341/core.h:10,
                 from ../Lib/ILI9341/core.c:1:
../Drivers/STM32F1xx_HAL_Driver/Inc/stm32f1xx_hal_spi.h:439:19: note: expected 'uint8_t * {aka unsigned char *}' but argument is of type 'uint8_t ** {aka unsigned char **}'
 HAL_StatusTypeDef HAL_SPI_TransmitReceive(SPI_HandleTypeDef *hspi, uint8_t *pTxData, uint8_t *pRxData, uint16_t Size, uint32_t Timeout);
                   ^~~~~~~~~~~~~~~~~~~~~~~
../Lib/ILI9341/core.c:151:43: warning: passing argument 3 of 'HAL_SPI_TransmitReceive' from incompatible pointer type [-Wincompatible-pointer-types]
  HAL_SPI_TransmitReceive(&hspi1, pDataRx, pDataRx, n, 999999);
                                           ^~~~~~~
In file included from ../Inc/stm32f1xx_hal_conf.h:311:0,
                 from ../Drivers/STM32F1xx_HAL_Driver/Inc/stm32f1xx_hal.h:46,
                 from ../Inc/main.h:31,
                 from ../Lib/ILI9341/control.h:8,
                 from ../Lib/ILI9341/core.h:10,
                 from ../Lib/ILI9341/core.c:1:
../Drivers/STM32F1xx_HAL_Driver/Inc/stm32f1xx_hal_spi.h:439:19: note: expected 'uint8_t * {aka unsigned char *}' but argument is of type 'uint8_t ** {aka unsigned char **}'
 HAL_StatusTypeDef HAL_SPI_TransmitReceive(SPI_HandleTypeDef *hspi, uint8_t *pTxData, uint8_t *pRxData, uint16_t Size, uint32_t Timeout);
                   ^~~~~~~~~~~~~~~~~~~~~~~
In file included from ../Lib/ILI9341/core.h:7:0,
                 from ../Lib/ILI9341/core.c:1:
../Lib/ILI9341/core.c: In function 'SPIFill16':
../Lib/ILI9341/commands.h:27:33: warning: passing argument 1 of 'SPI_SendCmd' makes pointer from integer without a cast [-Wint-conversion]
 #define LCD_GRAM                0x2C   /* GRAM register */
                                 ^
../Lib/ILI9341/core.c:157:17: note: in expansion of macro 'LCD_GRAM'
     SPI_SendCmd(LCD_GRAM);
                 ^~~~~~~~
../Lib/ILI9341/core.c:126:6: note: expected 'uint8_t * {aka unsigned char *}' but argument is of type 'int'
 void SPI_SendCmd(uint8_t * cmd){
      ^~~~~~~~~~~
../Lib/ILI9341/core.c:160:19: warning: passing argument 1 of 'SPIFill16' makes integer from pointer without a cast [-Wint-conversion]
         SPIFill16(&color, ts);
                   ^
../Lib/ILI9341/core.c:155:6: note: expected 'uint16_t {aka short unsigned int}' but argument is of type 'uint16_t * {aka short unsigned int *}'
 void SPIFill16(uint16_t color, uint16_t n) {
      ^~~~~~~~~
../Lib/ILI9341/core.c: In function 'LCD_configure':
../Lib/ILI9341/core.c:203:2: warning: statement with no effect [-Wunused-value]
  for(i ; i<99 ; i++){
  ^~~
../Lib/ILI9341/core.c:204:15: warning: passing argument 1 of 'SPI_SendCmd' makes pointer from integer without a cast [-Wint-conversion]
   SPI_SendCmd(init_commands[i]);
               ^~~~~~~~~~~~~
../Lib/ILI9341/core.c:126:6: note: expected 'uint8_t * {aka unsigned char *}' but argument is of type 'uint8_t {aka const unsigned char}'
 void SPI_SendCmd(uint8_t * cmd){
      ^~~~~~~~~~~
In file included from ../Lib/ILI9341/core.h:7:0,
                 from ../Lib/ILI9341/core.c:1:
../Lib/ILI9341/core.c: In function 'LCD_setOrientation':
../Lib/ILI9341/commands.h:34:33: warning: passing argument 1 of 'SPI_SendCmd' makes pointer from integer without a cast [-Wint-conversion]
 #define LCD_MAC                 0x36   /* Memory Access Control register*/
                                 ^
../Lib/ILI9341/core.c:240:17: note: in expansion of macro 'LCD_MAC'
     SPI_SendCmd(LCD_MAC);
                 ^~~~~~~
../Lib/ILI9341/core.c:126:6: note: expected 'uint8_t * {aka unsigned char *}' but argument is of type 'int'
 void SPI_SendCmd(uint8_t * cmd){
      ^~~~~~~~~~~
In file included from ../Lib/ILI9341/core.h:7:0,
                 from ../Lib/ILI9341/core.c:1:
../Lib/ILI9341/core.c: In function 'LCD_setAddressWindow':
../Lib/ILI9341/commands.h:25:33: warning: passing argument 1 of 'SPI_SendCmd' makes pointer from integer without a cast [-Wint-conversion]
 #define LCD_COLUMN_ADDR         0x2A   /* Colomn address register */
                                 ^
../Lib/ILI9341/core.c:268:14: note: in expansion of macro 'LCD_COLUMN_ADDR'
  SPI_SendCmd(LCD_COLUMN_ADDR);
              ^~~~~~~~~~~~~~~
../Lib/ILI9341/core.c:126:6: note: expected 'uint8_t * {aka unsigned char *}' but argument is of type 'int'
 void SPI_SendCmd(uint8_t * cmd){
      ^~~~~~~~~~~
../Lib/ILI9341/core.c:272:16: warning: passing argument 1 of 'SPI_SendCmd16' makes integer from pointer without a cast [-Wint-conversion]
  SPI_SendCmd16(pointData, 2);
                ^~~~~~~~~
../Lib/ILI9341/core.c:138:6: note: expected 'uint16_t {aka short unsigned int}' but argument is of type 'uint16_t * {aka short unsigned int *}'
 void SPI_SendCmd16(uint16_t cmd, uint8_t n){
      ^~~~~~~~~~~~~
In file included from ../Lib/ILI9341/core.h:7:0,
                 from ../Lib/ILI9341/core.c:1:
../Lib/ILI9341/commands.h:26:33: warning: passing argument 1 of 'SPI_SendCmd' makes pointer from integer without a cast [-Wint-conversion]
 #define LCD_PAGE_ADDR           0x2B   /* Page address register */
                                 ^
../Lib/ILI9341/core.c:275:14: note: in expansion of macro 'LCD_PAGE_ADDR'
  SPI_SendCmd(LCD_PAGE_ADDR);
              ^~~~~~~~~~~~~
../Lib/ILI9341/core.c:126:6: note: expected 'uint8_t * {aka unsigned char *}' but argument is of type 'int'
 void SPI_SendCmd(uint8_t * cmd){
      ^~~~~~~~~~~
../Lib/ILI9341/core.c:279:16: warning: passing argument 1 of 'SPI_SendCmd16' makes integer from pointer without a cast [-Wint-conversion]
  SPI_SendCmd16(pointData, 2);
                ^~~~~~~~~
../Lib/ILI9341/core.c:138:6: note: expected 'uint16_t {aka short unsigned int}' but argument is of type 'uint16_t * {aka short unsigned int *}'
 void SPI_SendCmd16(uint16_t cmd, uint8_t n){
      ^~~~~~~~~~~~~
At top level:
../Lib/ILI9341/core.c:82:13: warning: 'LCD_pinsInit' defined but not used [-Wunused-function]
 static void LCD_pinsInit() {
             ^~~~~~~~~~~~
../Lib/ILI9341/core.c:50:22: warning: 'init_commands2' defined but not used [-Wunused-const-variable=]
 static const uint8_t init_commands2[] = {
                      ^~~~~~~~~~~~~~
arm-none-eabi-g++ -o "Gif-Player-Badge.elf" @"objects.list"   -mcpu=cortex-m3 -T"C:\Users\Afonso Muralha\Documents\GitHub\Gif-Player-Badge\Code\Gif-Player-Badge\STM32F103C8TX_FLASH.ld" --specs=nosys.specs -Wl,-Map="Gif-Player-Badge.map" -Wl,--gc-sections -static --specs=nano.specs -mfloat-abi=soft -mthumb -Wl,--start-group -lc -lm -lstdc++ -lsupc++ -Wl,--end-group
Finished building target: Gif-Player-Badge.elf
 
arm-none-eabi-objdump -h -S  Gif-Player-Badge.elf  > "Gif-Player-Badge.list"
arm-none-eabi-size   Gif-Player-Badge.elf 
   text	   data	    bss	    dec	    hex	filename
  10968	    124	   1740	  12832	   3220	Gif-Player-Badge.elf
Finished building: default.size.stdout
 
Finished building: Gif-Player-Badge.list
 
02:04:03 **** Incremental Build of configuration Debug for project Gif-Player-Badge ****
make -k -j4 all 
arm-none-eabi-gcc "../Src/main.c" -mcpu=cortex-m3 -std=gnu11 -g3 -DUSE_HAL_DRIVER -DSTM32F103xB -DDEBUG -c -I../Inc -I../Drivers/CMSIS/Device/ST/STM32F1xx/Include -I../Drivers/CMSIS/Include -I../Drivers/STM32F1xx_HAL_Driver/Inc/Legacy -I../Drivers/STM32F1xx_HAL_Driver/Inc -O0 -ffunction-sections -fdata-sections -Wall -fstack-usage -MMD -MP -MF"Src/main.d" -MT"Src/main.o" --specs=nano.specs -mfloat-abi=soft -mthumb -o "Src/main.o"
../Src/main.c: In function 'main':
../Src/main.c:101:2: warning: implicit declaration of function 'LCD_init'; did you mean 'HAL_Init'? [-Wimplicit-function-declaration]
  LCD_init();
  ^~~~~~~~
  HAL_Init
../Src/main.c:103:3: warning: implicit declaration of function 'SPI_SendCmd'; did you mean 'ITM_SendChar'? [-Wimplicit-function-declaration]
   SPI_SendCmd(0x04);
   ^~~~~~~~~~~
   ITM_SendChar
../Src/main.c:104:3: warning: implicit declaration of function 'SPI_Receive8'; did you mean 'HAL_SPI_Receive'? [-Wimplicit-function-declaration]
   SPI_Receive8(rxbuf, 5);
   ^~~~~~~~~~~~
   HAL_SPI_Receive
arm-none-eabi-g++ -o "Gif-Player-Badge.elf" @"objects.list"   -mcpu=cortex-m3 -T"C:\Users\Afonso Muralha\Documents\GitHub\Gif-Player-Badge\Code\Gif-Player-Badge\STM32F103C8TX_FLASH.ld" --specs=nosys.specs -Wl,-Map="Gif-Player-Badge.map" -Wl,--gc-sections -static --specs=nano.specs -mfloat-abi=soft -mthumb -Wl,--start-group -lc -lm -lstdc++ -lsupc++ -Wl,--end-group
Finished building target: Gif-Player-Badge.elf
 
arm-none-eabi-objdump -h -S  Gif-Player-Badge.elf  > "Gif-Player-Badge.list"
arm-none-eabi-size   Gif-Player-Badge.elf 
   text	   data	    bss	    dec	    hex	filename
  11044	    124	   1740	  12908	   326c	Gif-Player-Badge.elf
Finished building: default.size.stdout
 
Finished building: Gif-Player-Badge.list
 
02:06:59 **** Incremental Build of configuration Debug for project Gif-Player-Badge ****
make -k -j4 all 
arm-none-eabi-size   Gif-Player-Badge.elf 
   text	   data	    bss	    dec	    hex	filename
  11044	    124	   1740	  12908	   326c	Gif-Player-Badge.elf
Finished building: default.size.stdout
 
02:10:55 **** Incremental Build of configuration Debug for project Gif-Player-Badge ****
make -k -j4 all 
arm-none-eabi-size   Gif-Player-Badge.elf 
   text	   data	    bss	    dec	    hex	filename
  11044	    124	   1740	  12908	   326c	Gif-Player-Badge.elf
Finished building: default.size.stdout
 
02:11:00 **** Incremental Build of configuration Debug for project Gif-Player-Badge ****
make -k -j4 all 
arm-none-eabi-size   Gif-Player-Badge.elf 
   text	   data	    bss	    dec	    hex	filename
  11044	    124	   1740	  12908	   326c	Gif-Player-Badge.elf
Finished building: default.size.stdout
 
02:12:56 **** Incremental Build of configuration Debug for project Gif-Player-Badge ****
make -k -j4 all 
arm-none-eabi-size   Gif-Player-Badge.elf 
   text	   data	    bss	    dec	    hex	filename
  11044	    124	   1740	  12908	   326c	Gif-Player-Badge.elf
Finished building: default.size.stdout
 
02:13:49 **** Incremental Build of configuration Debug for project Gif-Player-Badge ****
make -k -j4 all 
arm-none-eabi-size   Gif-Player-Badge.elf 
   text	   data	    bss	    dec	    hex	filename
  11044	    124	   1740	  12908	   326c	Gif-Player-Badge.elf
Finished building: default.size.stdout
 
02:15:06 **** Incremental Build of configuration Debug for project Gif-Player-Badge ****
make -k -j4 all 
arm-none-eabi-size   Gif-Player-Badge.elf 
   text	   data	    bss	    dec	    hex	filename
  11044	    124	   1740	  12908	   326c	Gif-Player-Badge.elf
Finished building: default.size.stdout
 
02:17:49 **** Incremental Build of configuration Debug for project Gif-Player-Badge ****
make -k -j4 all 
arm-none-eabi-gcc "../Src/main.c" -mcpu=cortex-m3 -std=gnu11 -g3 -DUSE_HAL_DRIVER -DSTM32F103xB -DDEBUG -c -I../Inc -I../Drivers/CMSIS/Device/ST/STM32F1xx/Include -I../Drivers/CMSIS/Include -I../Drivers/STM32F1xx_HAL_Driver/Inc/Legacy -I../Drivers/STM32F1xx_HAL_Driver/Inc -O0 -ffunction-sections -fdata-sections -Wall -fstack-usage -MMD -MP -MF"Src/main.d" -MT"Src/main.o" --specs=nano.specs -mfloat-abi=soft -mthumb -o "Src/main.o"
arm-none-eabi-gcc "../Lib/ILI9341/core.c" -mcpu=cortex-m3 -std=gnu11 -g3 -DUSE_HAL_DRIVER -DSTM32F103xB -DDEBUG -c -I../Inc -I../Drivers/CMSIS/Device/ST/STM32F1xx/Include -I../Drivers/CMSIS/Include -I../Drivers/STM32F1xx_HAL_Driver/Inc/Legacy -I../Drivers/STM32F1xx_HAL_Driver/Inc -O0 -ffunction-sections -fdata-sections -Wall -fstack-usage -MMD -MP -MF"Lib/ILI9341/core.d" -MT"Lib/ILI9341/core.o" --specs=nano.specs -mfloat-abi=soft -mthumb -o "Lib/ILI9341/core.o"
../Src/main.c: In function 'main':
../Src/main.c:101:2: warning: implicit declaration of function 'LCD_init'; did you mean 'HAL_Init'? [-Wimplicit-function-declaration]
  LCD_init();
  ^~~~~~~~
  HAL_Init
../Lib/ILI9341/core.c: In function 'SPI_SendCmd':
../Lib/ILI9341/core.c:129:27: warning: passing argument 2 of 'HAL_SPI_Transmit' from incompatible pointer type [-Wincompatible-pointer-types]
  HAL_SPI_Transmit(&hspi1, &cmd, 1, 0xFFFFFFFFU);
                           ^
In file included from ../Inc/stm32f1xx_hal_conf.h:311:0,
                 from ../Drivers/STM32F1xx_HAL_Driver/Inc/stm32f1xx_hal.h:46,
                 from ../Inc/main.h:31,
                 from ../Lib/ILI9341/control.h:8,
                 from ../Lib/ILI9341/core.h:10,
                 from ../Lib/ILI9341/core.c:1:
../Drivers/STM32F1xx_HAL_Driver/Inc/stm32f1xx_hal_spi.h:437:19: note: expected 'uint8_t * {aka unsigned char *}' but argument is of type 'uint8_t ** {aka unsigned char **}'
 HAL_StatusTypeDef HAL_SPI_Transmit(SPI_HandleTypeDef *hspi, uint8_t *pData, uint16_t Size, uint32_t Timeout);
                   ^~~~~~~~~~~~~~~~
../Src/main.c:103:3: warning: implicit declaration of function 'SPI_SendCmd'; did you mean 'ITM_SendChar'? [-Wimplicit-function-declaration]
   SPI_SendCmd(0x04);
   ^~~~~~~~~~~
   ITM_SendChar
../Lib/ILI9341/core.c: In function 'SPI_SendCmd16':
../Lib/ILI9341/core.c:141:27: warning: passing argument 2 of 'HAL_SPI_Transmit' from incompatible pointer type [-Wincompatible-pointer-types]
  HAL_SPI_Transmit(&hspi1, &cmd, n, 0xFFFFFFFFU);
                           ^
In file included from ../Inc/stm32f1xx_hal_conf.h:311:0,
                 from ../Drivers/STM32F1xx_HAL_Driver/Inc/stm32f1xx_hal.h:46,
                 from ../Inc/main.h:31,
                 from ../Lib/ILI9341/control.h:8,
                 from ../Lib/ILI9341/core.h:10,
                 from ../Lib/ILI9341/core.c:1:
../Drivers/STM32F1xx_HAL_Driver/Inc/stm32f1xx_hal_spi.h:437:19: note: expected 'uint8_t * {aka unsigned char *}' but argument is of type 'uint16_t * {aka short unsigned int *}'
 HAL_StatusTypeDef HAL_SPI_Transmit(SPI_HandleTypeDef *hspi, uint8_t *pData, uint16_t Size, uint32_t Timeout);
                   ^~~~~~~~~~~~~~~~
../Lib/ILI9341/core.c: In function 'SPI_Receive8':
../Lib/ILI9341/core.c:147:12: warning: unused variable 'pDataRx' [-Wunused-variable]
  uint8_t * pDataRx[10];
            ^~~~~~~
In file included from ../Lib/ILI9341/core.h:7:0,
                 from ../Lib/ILI9341/core.c:1:
../Lib/ILI9341/core.c: In function 'SPIFill16':
../Lib/ILI9341/commands.h:27:33: warning: passing argument 1 of 'SPI_SendCmd' makes pointer from integer without a cast [-Wint-conversion]
 #define LCD_GRAM                0x2C   /* GRAM register */
                                 ^
../Lib/ILI9341/core.c:156:17: note: in expansion of macro 'LCD_GRAM'
     SPI_SendCmd(LCD_GRAM);
                 ^~~~~~~~
../Src/main.c:104:3: warning: implicit declaration of function 'SPI_Receive8'; did you mean 'HAL_SPI_Receive'? [-Wimplicit-function-declaration]
   SPI_Receive8(&rxbuf, 5);
   ^~~~~~~~~~~~
   HAL_SPI_Receive
../Lib/ILI9341/core.c:126:6: note: expected 'uint8_t * {aka unsigned char *}' but argument is of type 'int'
 void SPI_SendCmd(uint8_t * cmd){
      ^~~~~~~~~~~
../Lib/ILI9341/core.c:159:19: warning: passing argument 1 of 'SPIFill16' makes integer from pointer without a cast [-Wint-conversion]
         SPIFill16(&color, ts);
                   ^
../Lib/ILI9341/core.c:154:6: note: expected 'uint16_t {aka short unsigned int}' but argument is of type 'uint16_t * {aka short unsigned int *}'
 void SPIFill16(uint16_t color, uint16_t n) {
      ^~~~~~~~~
../Lib/ILI9341/core.c: In function 'LCD_configure':
../Lib/ILI9341/core.c:202:2: warning: statement with no effect [-Wunused-value]
  for(i ; i<99 ; i++){
  ^~~
../Lib/ILI9341/core.c:203:15: warning: passing argument 1 of 'SPI_SendCmd' makes pointer from integer without a cast [-Wint-conversion]
   SPI_SendCmd(init_commands[i]);
               ^~~~~~~~~~~~~
../Lib/ILI9341/core.c:126:6: note: expected 'uint8_t * {aka unsigned char *}' but argument is of type 'uint8_t {aka const unsigned char}'
 void SPI_SendCmd(uint8_t * cmd){
      ^~~~~~~~~~~
In file included from ../Lib/ILI9341/core.h:7:0,
                 from ../Lib/ILI9341/core.c:1:
../Lib/ILI9341/core.c: In function 'LCD_setOrientation':
../Lib/ILI9341/commands.h:34:33: warning: passing argument 1 of 'SPI_SendCmd' makes pointer from integer without a cast [-Wint-conversion]
 #define LCD_MAC                 0x36   /* Memory Access Control register*/
                                 ^
../Lib/ILI9341/core.c:239:17: note: in expansion of macro 'LCD_MAC'
     SPI_SendCmd(LCD_MAC);
                 ^~~~~~~
../Lib/ILI9341/core.c:126:6: note: expected 'uint8_t * {aka unsigned char *}' but argument is of type 'int'
 void SPI_SendCmd(uint8_t * cmd){
      ^~~~~~~~~~~
In file included from ../Lib/ILI9341/core.h:7:0,
                 from ../Lib/ILI9341/core.c:1:
../Lib/ILI9341/core.c: In function 'LCD_setAddressWindow':
../Lib/ILI9341/commands.h:25:33: warning: passing argument 1 of 'SPI_SendCmd' makes pointer from integer without a cast [-Wint-conversion]
 #define LCD_COLUMN_ADDR         0x2A   /* Colomn address register */
                                 ^
../Lib/ILI9341/core.c:267:14: note: in expansion of macro 'LCD_COLUMN_ADDR'
  SPI_SendCmd(LCD_COLUMN_ADDR);
              ^~~~~~~~~~~~~~~
../Lib/ILI9341/core.c:126:6: note: expected 'uint8_t * {aka unsigned char *}' but argument is of type 'int'
 void SPI_SendCmd(uint8_t * cmd){
      ^~~~~~~~~~~
../Lib/ILI9341/core.c:271:16: warning: passing argument 1 of 'SPI_SendCmd16' makes integer from pointer without a cast [-Wint-conversion]
  SPI_SendCmd16(pointData, 2);
                ^~~~~~~~~
../Lib/ILI9341/core.c:138:6: note: expected 'uint16_t {aka short unsigned int}' but argument is of type 'uint16_t * {aka short unsigned int *}'
 void SPI_SendCmd16(uint16_t cmd, uint8_t n){
      ^~~~~~~~~~~~~
In file included from ../Lib/ILI9341/core.h:7:0,
                 from ../Lib/ILI9341/core.c:1:
../Lib/ILI9341/commands.h:26:33: warning: passing argument 1 of 'SPI_SendCmd' makes pointer from integer without a cast [-Wint-conversion]
 #define LCD_PAGE_ADDR           0x2B   /* Page address register */
                                 ^
../Lib/ILI9341/core.c:274:14: note: in expansion of macro 'LCD_PAGE_ADDR'
  SPI_SendCmd(LCD_PAGE_ADDR);
              ^~~~~~~~~~~~~
../Lib/ILI9341/core.c:126:6: note: expected 'uint8_t * {aka unsigned char *}' but argument is of type 'int'
 void SPI_SendCmd(uint8_t * cmd){
      ^~~~~~~~~~~
../Lib/ILI9341/core.c:278:16: warning: passing argument 1 of 'SPI_SendCmd16' makes integer from pointer without a cast [-Wint-conversion]
  SPI_SendCmd16(pointData, 2);
                ^~~~~~~~~
../Lib/ILI9341/core.c:138:6: note: expected 'uint16_t {aka short unsigned int}' but argument is of type 'uint16_t * {aka short unsigned int *}'
 void SPI_SendCmd16(uint16_t cmd, uint8_t n){
      ^~~~~~~~~~~~~
At top level:
../Lib/ILI9341/core.c:82:13: warning: 'LCD_pinsInit' defined but not used [-Wunused-function]
 static void LCD_pinsInit() {
             ^~~~~~~~~~~~
../Lib/ILI9341/core.c:50:22: warning: 'init_commands2' defined but not used [-Wunused-const-variable=]
 static const uint8_t init_commands2[] = {
                      ^~~~~~~~~~~~~~
arm-none-eabi-g++ -o "Gif-Player-Badge.elf" @"objects.list"   -mcpu=cortex-m3 -T"C:\Users\Afonso Muralha\Documents\GitHub\Gif-Player-Badge\Code\Gif-Player-Badge\STM32F103C8TX_FLASH.ld" --specs=nosys.specs -Wl,-Map="Gif-Player-Badge.map" -Wl,--gc-sections -static --specs=nano.specs -mfloat-abi=soft -mthumb -Wl,--start-group -lc -lm -lstdc++ -lsupc++ -Wl,--end-group
Finished building target: Gif-Player-Badge.elf
 
arm-none-eabi-objdump -h -S  Gif-Player-Badge.elf  > "Gif-Player-Badge.list"
arm-none-eabi-size   Gif-Player-Badge.elf 
   text	   data	    bss	    dec	    hex	filename
   8280	     24	   1728	  10032	   2730	Gif-Player-Badge.elf
Finished building: default.size.stdout
 
Finished building: Gif-Player-Badge.list
 
