ugui.c:4271:8:UG_Init	32	static
ugui.c:4305:8:UG_SelectGUI	16	static
ugui.c:4311:6:UG_FontSelect	16	static
ugui.c:4318:6:UG_FillScreen	24	static
ugui.c:4323:6:UG_FillFrame	40	static
ugui.c:4355:6:UG_FillRoundFrame	40	static
ugui.c:4405:6:UG_DrawMesh	32	static
ugui.c:4431:6:UG_DrawFrame	32	static
ugui.c:4439:6:UG_DrawRoundFrame	40	static
ugui.c:4468:6:UG_DrawPixel	16	static
ugui.c:4473:6:UG_DrawCircle	40	static
ugui.c:4510:6:UG_FillCircle	48	static
ugui.c:4548:6:UG_DrawArc	40	static
ugui.c:4592:6:UG_DrawLine	56	static
ugui.c:4658:6:UG_PutString	40	static
ugui.c:4689:6:UG_PutChar	48	static
ugui.c:4743:6:UG_ConsolePutString	40	static
ugui.c:4776:6:UG_ConsoleSetArea	16	static
ugui.c:4784:6:UG_ConsoleSetForecolor	16	static
ugui.c:4789:6:UG_ConsoleSetBackcolor	16	static
ugui.c:4794:6:UG_SetForecolor	16	static
ugui.c:4799:6:UG_SetBackcolor	16	static
ugui.c:4804:8:UG_GetXDim	4	static
ugui.c:4809:8:UG_GetYDim	4	static
ugui.c:4814:6:UG_FontSetHSpace	16	static
ugui.c:4819:6:UG_FontSetVSpace	16	static
ugui.c:4886:6:_UG_PutText	72	static
ugui.c:5006:12:_UG_GetFreeObject	24	static
ugui.c:5023:12:_UG_SearchObject	24	static
ugui.c:5043:11:_UG_DeleteObject	24	static
ugui.c:5066:6:_UG_ProcessTouchData	40	static
ugui.c:5138:6:_UG_UpdateObjects	32	static
ugui.c:5169:6:_UG_HandleEvents	32	static
ugui.c:5204:6:_UG_DrawObjectFrame	32	static
ugui.c:5226:6:UG_DriverRegister	16	static
ugui.c:5234:6:UG_DriverEnable	16	static
ugui.c:5243:6:UG_DriverDisable	16	static
ugui.c:5255:6:UG_Update	16	static
ugui.c:5307:6:UG_WaitForUpdate	4	static
ugui.c:5313:6:UG_DrawBMP	40	static
ugui.c:5354:6:UG_TouchUpdate	16	static
ugui.c:5364:11:UG_WindowCreate	32	static
ugui.c:5407:11:UG_WindowDelete	16	static
ugui.c:5428:11:UG_WindowShow	16	static
ugui.c:5441:11:UG_WindowHide	16	static
ugui.c:5472:11:UG_WindowResize	48	static
ugui.c:5513:11:UG_WindowAlert	24	static
ugui.c:5522:11:UG_WindowSetForeColor	16	static
ugui.c:5533:11:UG_WindowSetBackColor	16	static
ugui.c:5544:11:UG_WindowSetTitleTextColor	16	static
ugui.c:5555:11:UG_WindowSetTitleColor	16	static
ugui.c:5566:11:UG_WindowSetTitleInactiveTextColor	16	static
ugui.c:5577:11:UG_WindowSetTitleInactiveColor	16	static
ugui.c:5588:11:UG_WindowSetTitleText	16	static
ugui.c:5599:11:UG_WindowSetTitleTextFont	16	static
ugui.c:5615:11:UG_WindowSetTitleTextHSpace	16	static
ugui.c:5626:11:UG_WindowSetTitleTextVSpace	16	static
ugui.c:5637:11:UG_WindowSetTitleTextAlignment	16	static
ugui.c:5648:11:UG_WindowSetTitleHeight	16	static
ugui.c:5660:11:UG_WindowSetXStart	24	static
ugui.c:5671:11:UG_WindowSetYStart	24	static
ugui.c:5682:11:UG_WindowSetXEnd	24	static
ugui.c:5693:11:UG_WindowSetYEnd	24	static
ugui.c:5704:11:UG_WindowSetStyle	16	static
ugui.c:5732:10:UG_WindowGetForeColor	24	static
ugui.c:5742:10:UG_WindowGetBackColor	24	static
ugui.c:5752:10:UG_WindowGetTitleTextColor	24	static
ugui.c:5762:10:UG_WindowGetTitleColor	24	static
ugui.c:5772:10:UG_WindowGetTitleInactiveTextColor	24	static
ugui.c:5782:10:UG_WindowGetTitleInactiveColor	24	static
ugui.c:5792:7:UG_WindowGetTitleText	24	static
ugui.c:5802:10:UG_WindowGetTitleTextFont	24	static
ugui.c:5812:7:UG_WindowGetTitleTextHSpace	24	static
ugui.c:5822:7:UG_WindowGetTitleTextVSpace	24	static
ugui.c:5832:7:UG_WindowGetTitleTextAlignment	24	static
ugui.c:5842:7:UG_WindowGetTitleHeight	24	static
ugui.c:5852:8:UG_WindowGetXStart	24	static
ugui.c:5862:8:UG_WindowGetYStart	24	static
ugui.c:5872:8:UG_WindowGetXEnd	24	static
ugui.c:5882:8:UG_WindowGetYEnd	24	static
ugui.c:5892:7:UG_WindowGetStyle	24	static
ugui.c:5902:11:UG_WindowGetArea	16	static
ugui.c:5926:8:UG_WindowGetInnerWidth	24	static
ugui.c:5941:8:UG_WindowGetOuterWidth	24	static
ugui.c:5953:8:UG_WindowGetInnerHeight	24	static
ugui.c:5971:8:UG_WindowGetOuterHeight	24	static
ugui.c:5983:11:_UG_WindowDrawTitle	72	static
ugui.c:6038:6:_UG_WindowUpdate	48	static
ugui.c:6090:11:_UG_WindowClear	32	static
ugui.c:6117:11:UG_ButtonCreate	32	static
ugui.c:6157:11:UG_ButtonDelete	16	static
ugui.c:6162:11:UG_ButtonShow	24	static
ugui.c:6175:11:UG_ButtonHide	24	static
ugui.c:6194:11:UG_ButtonSetForeColor	32	static
ugui.c:6209:11:UG_ButtonSetBackColor	32	static
ugui.c:6224:11:UG_ButtonSetAlternateForeColor	32	static
ugui.c:6239:11:UG_ButtonSetAlternateBackColor	32	static
ugui.c:6254:11:UG_ButtonSetText	32	static
ugui.c:6269:11:UG_ButtonSetFont	32	static
ugui.c:6284:11:UG_ButtonSetStyle	24	static
ugui.c:6324:10:UG_ButtonGetForeColor	32	static
ugui.c:6339:10:UG_ButtonGetBackColor	32	static
ugui.c:6354:10:UG_ButtonGetAlternateForeColor	32	static
ugui.c:6369:10:UG_ButtonGetAlternateBackColor	32	static
ugui.c:6384:7:UG_ButtonGetText	32	static
ugui.c:6399:10:UG_ButtonGetFont	32	static
ugui.c:6414:7:UG_ButtonGetStyle	32	static
ugui.c:6429:6:_UG_ButtonUpdate	80	static
ugui.c:6541:11:UG_TextboxCreate	32	static
ugui.c:6581:11:UG_TextboxDelete	16	static
ugui.c:6586:11:UG_TextboxShow	24	static
ugui.c:6599:11:UG_TextboxHide	24	static
ugui.c:6612:11:UG_TextboxSetForeColor	32	static
ugui.c:6627:11:UG_TextboxSetBackColor	32	static
ugui.c:6642:11:UG_TextboxSetText	32	static
ugui.c:6657:11:UG_TextboxSetFont	32	static
ugui.c:6672:11:UG_TextboxSetHSpace	24	static
ugui.c:6687:11:UG_TextboxSetVSpace	24	static
ugui.c:6702:11:UG_TextboxSetAlignment	24	static
ugui.c:6717:10:UG_TextboxGetForeColor	32	static
ugui.c:6732:10:UG_TextboxGetBackColor	32	static
ugui.c:6747:7:UG_TextboxGetText	32	static
ugui.c:6762:10:UG_TextboxGetFont	32	static
ugui.c:6777:7:UG_TextboxGetHSpace	32	static
ugui.c:6792:7:UG_TextboxGetVSpace	32	static
ugui.c:6807:7:UG_TextboxGetAlignment	32	static
ugui.c:6822:6:_UG_TextboxUpdate	80	static
ugui.c:6885:11:UG_ImageCreate	32	static
ugui.c:6919:11:UG_ImageDelete	16	static
ugui.c:6924:11:UG_ImageShow	24	static
ugui.c:6937:11:UG_ImageHide	24	static
ugui.c:6950:11:UG_ImageSetBMP	32	static
ugui.c:6966:6:_UG_ImageUpdate	48	static
